
PROGRAM "H:\Documenti\Electronic\AgrinetPUMP_USB_JM60_chk\Agrinet_USB_JM60\bin\Project.abs"

*********************************************************************************************
TARGET SECTION
---------------------------------------------------------------------------------------------
Processor   : Freescale HC08
Memory Model: SMALL
File Format : ELF\DWARF 2.0
Linker      : SmartLinker V-5.0.30 Build 7285, Oct 13 2007

*********************************************************************************************
FILE SECTION
---------------------------------------------------------------------------------------------
RTSHC08.C.o (ansiis.lib)                Model: SMALL,         Lang: ANSI-C
Start08.c.o                             Model: SMALL,         Lang: ANSI-C
MC9S08JM60.C.o                          Model: SMALL,         Lang: ANSI-C
usb.c.o                                 Model: SMALL,         Lang: ANSI-C
target.c.o                              Model: SMALL,         Lang: ANSI-C
cdct_usb_config.c.o                     Model: SMALL,         Lang: ANSI-C
usb_cdc.c.o                             Model: SMALL,         Lang: ANSI-C
USB_man.c.o                             Model: SMALL,         Lang: ANSI-C
D:\Profiles\Freescale\JM60 samples\boot loader\boot loader win-usb_02\JM60_Bootloader-winusblib\JM60_Bootloader-winusb_02_Data\Library\ObjectCode\Bootloader.c.o (bootloaderv0_3.lib)Model: SMALL,         Lang: ANSI-C
D:\Profiles\Freescale\JM60 samples\boot loader\boot loader win-usb_02\JM60_Bootloader-winusblib\JM60_Bootloader-winusb_02_Data\Library\ObjectCode\ICP_Flash.c.o (bootloaderv0_3.lib)Model: SMALL,         Lang: ANSI-C
D:\Profiles\Freescale\JM60 samples\boot loader\boot loader win-usb_02\JM60_Bootloader-winusblib\JM60_Bootloader-winusb_02_Data\Library\ObjectCode\ICP_Desc.c.o (bootloaderv0_3.lib)Model: SMALL,         Lang: ANSI-C
Agrinet_pump_main06.c.o                 Model: SMALL,         Lang: ANSI-C
tabelle06.c.o                           Model: SMALL,         Lang: ANSI-C
isr_vectors_06.c.o                      Model: SMALL,         Lang: ANSI-C

*********************************************************************************************
STARTUP SECTION
---------------------------------------------------------------------------------------------
Entry point: 0x19DB (_Startup)
_startupData is allocated at 0x19E4 and uses 6 Bytes
extern struct _tagStartup {
  unsigned nofZeroOut     1
  _Range   pZeroOut       0x100     1407
  _Copy    *toCopyDownBeg 0x9515
} _startupData;

*********************************************************************************************
SECTION-ALLOCATION SECTION
Section Name                    Size  Type     From       To       Segment
---------------------------------------------------------------------------------------------
.data                              7   R/W      0x100      0x106   RAM
.text                          27548     R     0x19F6     0x8591   ROM
.rodata                         3971     R     0x8592     0x9514   ROM
Bootloader_ROM                   937     R     0xFC00     0xFFA8   Bootloader
.abs_section_0                     1   N/I        0x0        0x0   .absSeg0
.abs_section_1                     1   N/I        0x1        0x1   .absSeg1
.abs_section_2                     1   N/I        0x2        0x2   .absSeg2
.abs_section_3                     1   N/I        0x3        0x3   .absSeg3
.abs_section_4                     1   N/I        0x4        0x4   .absSeg4
.abs_section_5                     1   N/I        0x5        0x5   .absSeg5
.abs_section_6                     1   N/I        0x6        0x6   .absSeg6
.abs_section_7                     1   N/I        0x7        0x7   .absSeg7
.abs_section_8                     1   N/I        0x8        0x8   .absSeg8
.abs_section_9                     1   N/I        0x9        0x9   .absSeg9
.abs_section_a                     1   N/I        0xA        0xA   .absSeg10
.abs_section_b                     1   N/I        0xB        0xB   .absSeg11
.abs_section_c                     1   N/I        0xC        0xC   .absSeg12
.abs_section_d                     1   N/I        0xD        0xD   .absSeg13
.abs_section_e                     1   N/I        0xE        0xE   .absSeg14
.abs_section_10                    1   N/I       0x10       0x10   .absSeg15
.abs_section_11                    1   N/I       0x11       0x11   .absSeg16
.abs_section_16                    1   N/I       0x16       0x16   .absSeg17
.abs_section_17                    1   N/I       0x17       0x17   .absSeg18
.abs_section_18                    1   N/I       0x18       0x18   .absSeg19
.abs_section_1b                    1   N/I       0x1B       0x1B   .absSeg20
.abs_section_1c                    1   N/I       0x1C       0x1C   .absSeg21
.abs_section_1d                    1   N/I       0x1D       0x1D   .absSeg22
.abs_section_1e                    1   N/I       0x1E       0x1E   .absSeg23
.abs_section_20                    1   N/I       0x20       0x20   .absSeg24
.abs_section_25                    1   N/I       0x25       0x25   .absSeg25
.abs_section_28                    1   N/I       0x28       0x28   .absSeg26
.abs_section_2b                    1   N/I       0x2B       0x2B   .absSeg27
.abs_section_2e                    1   N/I       0x2E       0x2E   .absSeg28
.abs_section_31                    1   N/I       0x31       0x31   .absSeg29
.abs_section_34                    1   N/I       0x34       0x34   .absSeg30
.abs_section_3a                    1   N/I       0x3A       0x3A   .absSeg31
.abs_section_3b                    1   N/I       0x3B       0x3B   .absSeg32
.abs_section_3c                    1   N/I       0x3C       0x3C   .absSeg33
.abs_section_3d                    1   N/I       0x3D       0x3D   .absSeg34
.abs_section_3e                    1   N/I       0x3E       0x3E   .absSeg35
.abs_section_3f                    1   N/I       0x3F       0x3F   .absSeg36
.abs_section_42                    1   N/I       0x42       0x42   .absSeg37
.abs_section_43                    1   N/I       0x43       0x43   .absSeg38
.abs_section_44                    1   N/I       0x44       0x44   .absSeg39
.abs_section_45                    1   N/I       0x45       0x45   .absSeg40
.abs_section_46                    1   N/I       0x46       0x46   .absSeg41
.abs_section_47                    1   N/I       0x47       0x47   .absSeg42
.abs_section_48                    1   N/I       0x48       0x48   .absSeg43
.abs_section_49                    1   N/I       0x49       0x49   .absSeg44
.abs_section_4a                    1   N/I       0x4A       0x4A   .absSeg45
.abs_section_4b                    1   N/I       0x4B       0x4B   .absSeg46
.abs_section_4c                    1   N/I       0x4C       0x4C   .absSeg47
.abs_section_4d                    1   N/I       0x4D       0x4D   .absSeg48
.abs_section_50                    1   N/I       0x50       0x50   .absSeg49
.abs_section_51                    1   N/I       0x51       0x51   .absSeg50
.abs_section_52                    1   N/I       0x52       0x52   .absSeg51
.abs_section_53                    1   N/I       0x53       0x53   .absSeg52
.abs_section_58                    1   N/I       0x58       0x58   .absSeg53
.abs_section_59                    1   N/I       0x59       0x59   .absSeg54
.abs_section_5a                    1   N/I       0x5A       0x5A   .absSeg55
.abs_section_5b                    1   N/I       0x5B       0x5B   .absSeg56
.abs_section_5c                    1   N/I       0x5C       0x5C   .absSeg57
.abs_section_5d                    1   N/I       0x5D       0x5D   .absSeg58
.abs_section_60                    1   N/I       0x60       0x60   .absSeg59
.abs_section_65                    1   N/I       0x65       0x65   .absSeg60
.abs_section_68                    1   N/I       0x68       0x68   .absSeg61
.abs_section_6c                    1   N/I       0x6C       0x6C   .absSeg62
.abs_section_6d                    1   N/I       0x6D       0x6D   .absSeg63
.abs_section_6e                    1   N/I       0x6E       0x6E   .absSeg64
.abs_section_70                    1   N/I       0x70       0x70   .absSeg65
.abs_section_71                    1   N/I       0x71       0x71   .absSeg66
.abs_section_72                    1   N/I       0x72       0x72   .absSeg67
.abs_section_73                    1   N/I       0x73       0x73   .absSeg68
.abs_section_80                    1   N/I       0x80       0x80   .absSeg69
.abs_section_88                    1   N/I       0x88       0x88   .absSeg70
.abs_section_89                    1   N/I       0x89       0x89   .absSeg71
.abs_section_8a                    1   N/I       0x8A       0x8A   .absSeg72
.abs_section_90                    1   N/I       0x90       0x90   .absSeg73
.abs_section_91                    1   N/I       0x91       0x91   .absSeg74
.abs_section_92                    1   N/I       0x92       0x92   .absSeg75
.abs_section_93                    1   N/I       0x93       0x93   .absSeg76
.abs_section_94                    1   N/I       0x94       0x94   .absSeg77
.abs_section_95                    1   N/I       0x95       0x95   .absSeg78
.abs_section_96                    1   N/I       0x96       0x96   .absSeg79
.abs_section_97                    1   N/I       0x97       0x97   .absSeg80
.abs_section_98                    1   N/I       0x98       0x98   .absSeg81
.abs_section_9d                    1   N/I       0x9D       0x9D   .absSeg82
.abs_section_9e                    1   N/I       0x9E       0x9E   .absSeg83
.abs_section_9f                    1   N/I       0x9F       0x9F   .absSeg84
.abs_section_a0                    1   N/I       0xA0       0xA0   .absSeg85
.abs_section_a1                    1   N/I       0xA1       0xA1   .absSeg86
.abs_section_a2                    1   N/I       0xA2       0xA2   .absSeg87
.abs_section_a3                    1   N/I       0xA3       0xA3   .absSeg88
.abs_section_1800                  1   N/I     0x1800     0x1800   .absSeg89
.abs_section_1801                  1   N/I     0x1801     0x1801   .absSeg90
.abs_section_1802                  1   N/I     0x1802     0x1802   .absSeg91
.abs_section_1803                  1   N/I     0x1803     0x1803   .absSeg92
.abs_section_1809                  1   N/I     0x1809     0x1809   .absSeg93
.abs_section_180a                  1   N/I     0x180A     0x180A   .absSeg94
.abs_section_1816                  1   N/I     0x1816     0x1816   .absSeg95
.abs_section_1817                  1   N/I     0x1817     0x1817   .absSeg96
.abs_section_1818                  1   N/I     0x1818     0x1818   .absSeg97
.abs_section_1820                  1   N/I     0x1820     0x1820   .absSeg98
.abs_section_1821                  1   N/I     0x1821     0x1821   .absSeg99
.abs_section_1823                  1   N/I     0x1823     0x1823   .absSeg100
.abs_section_1824                  1   N/I     0x1824     0x1824   .absSeg101
.abs_section_1825                  1   N/I     0x1825     0x1825   .absSeg102
.abs_section_1826                  1   N/I     0x1826     0x1826   .absSeg103
.abs_section_1840                  1   N/I     0x1840     0x1840   .absSeg104
.abs_section_1841                  1   N/I     0x1841     0x1841   .absSeg105
.abs_section_1842                  1   N/I     0x1842     0x1842   .absSeg106
.abs_section_1844                  1   N/I     0x1844     0x1844   .absSeg107
.abs_section_1845                  1   N/I     0x1845     0x1845   .absSeg108
.abs_section_1846                  1   N/I     0x1846     0x1846   .absSeg109
.abs_section_1848                  1   N/I     0x1848     0x1848   .absSeg110
.abs_section_1849                  1   N/I     0x1849     0x1849   .absSeg111
.abs_section_184a                  1   N/I     0x184A     0x184A   .absSeg112
.abs_section_184c                  1   N/I     0x184C     0x184C   .absSeg113
.abs_section_184d                  1   N/I     0x184D     0x184D   .absSeg114
.abs_section_184e                  1   N/I     0x184E     0x184E   .absSeg115
.abs_section_1850                  1   N/I     0x1850     0x1850   .absSeg116
.abs_section_1851                  1   N/I     0x1851     0x1851   .absSeg117
.abs_section_1852                  1   N/I     0x1852     0x1852   .absSeg118
.abs_section_1854                  1   N/I     0x1854     0x1854   .absSeg119
.abs_section_1855                  1   N/I     0x1855     0x1855   .absSeg120
.abs_section_1856                  1   N/I     0x1856     0x1856   .absSeg121
.abs_section_1858                  1   N/I     0x1858     0x1858   .absSeg122
.abs_section_1859                  1   N/I     0x1859     0x1859   .absSeg123
.abs_section_185a                  1   N/I     0x185A     0x185A   .absSeg124
.abs_section_12                    2   N/I       0x12       0x13   .absSeg125
.abs_section_14                    2   N/I       0x14       0x15   .absSeg126
.abs_section_21                    2   N/I       0x21       0x22   .absSeg127
.abs_section_23                    2   N/I       0x23       0x24   .absSeg128
.abs_section_26                    2   N/I       0x26       0x27   .absSeg129
.abs_section_29                    2   N/I       0x29       0x2A   .absSeg130
.abs_section_2c                    2   N/I       0x2C       0x2D   .absSeg131
.abs_section_2f                    2   N/I       0x2F       0x30   .absSeg132
.abs_section_32                    2   N/I       0x32       0x33   .absSeg133
.abs_section_35                    2   N/I       0x35       0x36   .absSeg134
.abs_section_38                    2   N/I       0x38       0x39   .absSeg135
.abs_section_40                    2   N/I       0x40       0x41   .absSeg136
.abs_section_54                    2   N/I       0x54       0x55   .absSeg137
.abs_section_56                    2   N/I       0x56       0x57   .absSeg138
.abs_section_61                    2   N/I       0x61       0x62   .absSeg139
.abs_section_63                    2   N/I       0x63       0x64   .absSeg140
.abs_section_66                    2   N/I       0x66       0x67   .absSeg141
.abs_section_69                    2   N/I       0x69       0x6A   .absSeg142
.abs_section_74                    2   N/I       0x74       0x75   .absSeg143
.abs_section_76                    2   N/I       0x76       0x77   .absSeg144
.abs_section_1806                  2   N/I     0x1806     0x1807   .absSeg145
.abs_section_1810                  2   N/I     0x1810     0x1811   .absSeg146
.abs_section_1812                  2   N/I     0x1812     0x1813   .absSeg147
.abs_section_1814                  2   N/I     0x1814     0x1815   .absSeg148
.abs_section_b0                    1   N/I       0xB0       0xB0   .absSeg149
.abs_section_b1                    1   N/I       0xB1       0xB1   .absSeg150
.abs_section_b2                    2   N/I       0xB2       0xB3   .absSeg151
.abs_section_b4                    2   N/I       0xB4       0xB5   .absSeg152
.abs_section_b6                    1   N/I       0xB6       0xB6   .absSeg153
.abs_section_b7                    1   N/I       0xB7       0xB7   .absSeg154
.abs_section_b8                    2   N/I       0xB8       0xB9   .absSeg155
.abs_section_ba                    1   N/I       0xBA       0xBA   .absSeg156
.abs_section_bb                    2   N/I       0xBB       0xBC   .absSeg157
.abs_section_1860                  6   N/I     0x1860     0x1865   .absSeg158
.abs_section_1880                  1   N/I     0x1880     0x1880   .absSeg159
.abs_section_1890                  8   N/I     0x1890     0x1897   .absSeg160
.abs_section_ffbf                  1     R     0xFFBF     0xFFBF   .absSeg163
.abs_section_ffbd                  1     R     0xFFBD     0xFFBD   .absSeg162
.abs_section_fabc                  4     R     0xFABC     0xFABF   .absSeg164
.abs_section_ffca                 52     R     0xFFCA     0xFFFD   .absSeg165
.abs_section_fbc4                 58     R     0xFBC4     0xFBFD   .absSeg166
.bss                             220   R/W      0x107      0x1E2   RAM
.startData                        18     R     0x19E4     0x19F5   ROM
.init                            132     R     0x1960     0x19E3   ROM
.common                         1180   R/W      0x1E3      0x67E   RAM
.stack                           256   R/W      0x67F      0x77E   RAM
.copy                             12     R     0x9515     0x9520   ROM
.vectSeg167_vect                   2     R     0xFFFE     0xFFFF   .vectSeg167

Summary of section sizes per section type:
READ_ONLY (R):        7FE0 (dec:    32736)
READ_WRITE (R/W):      67F (dec:     1663)
NO_INIT (N/I):          C9 (dec:      201)

*********************************************************************************************
VECTOR-ALLOCATION SECTION
    Address     InitValue   InitFunction
---------------------------------------------------------------------------------------------
     0xFFFE        0xFF74   _Entry

*********************************************************************************************
OBJECT-ALLOCATION SECTION
     Name               Module                 Addr   hSize   dSize     Ref    Section   RLIB
---------------------------------------------------------------------------------------------
MODULE:                 -- RTSHC08.C.o (ansiis.lib) --
- PROCEDURES:
     _PUSH_ARGS_L                              19F6      20      32       1   .text       
     _ENTER_BINARY_L                           1A16      16      22       3   .text       
     _LADD_k_is_k_plus_j                       1A2C      1F      31       1   .text       
     _LSUB_k_is_k_minus_j                      1A4B      1F      31       1   .text       
     _LCMP_k_rel_j                             1A6A      1F      31       1   .text       
     _IMUL_STAR08                              1A89      27      39       6   .text       
     _ICMP                                     1AB0      16      22       3   .text       
     _LADD                                     1AC6       6       6       1   .text       
     _LSUB                                     1ACC       6       6       3   .text       
     _LCMP                                     1AD2       6       6       5   .text       
     _COPY                                     1AD8      30      48       3   .text       
     _POP32                                    1B08      1A      26       5   .text       
     _SEXT16_32                                1B22       D      13       3   .text       
     _Jump_Table_Header_Addr                   1B2F      2F      47      18   .text       
     _Jump_Table_Header_Offset                 1B5E      24      36       5   .text       
     _Search_Table_8_Offset                    1B82      25      37       2   .text       
     _PUSH_CC                                  1BA7       F      15       1   .text       
     _POP_CC                                   1BB6       F      15       1   .text       
- VARIABLES:
MODULE:                 -- Start08.c.o --
- PROCEDURES:
     loadByte                                  1960       E      14       5   .init       
     Init                                      196E      6D     109       1   .init       
     _Startup                                  19DB       9       9       1   .init       
- VARIABLES:
     _startupData                              19E4       6       6       4   .startData  
- LABELS:
     __SEG_END_SSTACK                           77F       0       0       1               
MODULE:                 -- MC9S08JM60.C.o --
- PROCEDURES:
- VARIABLES:
     _PTAD                                        0       1       1      10   .abs_section_0
     _PTADD                                       1       1       1       3   .abs_section_1
     _PTBD                                        2       1       1       1   .abs_section_2
     _PTBDD                                       3       1       1       1   .abs_section_3
     _PTCD                                        4       1       1      35   .abs_section_4
     _PTCDD                                       5       1       1       4   .abs_section_5
     _PTDD                                        6       1       1       3   .abs_section_6
     _PTDDD                                       7       1       1       1   .abs_section_7
     _PTED                                        8       1       1      16   .abs_section_8
     _PTEDD                                       9       1       1       1   .abs_section_9
     _PTFD                                        A       1       1       1   .abs_section_a
     _PTFDD                                       B       1       1       1   .abs_section_b
     _PTGD                                        C       1       1      18   .abs_section_c
     _PTGDD                                       D       1       1       1   .abs_section_d
     _ACMPSC                                      E       1       1       0   .abs_section_e
     _ADCSC1                                     10       1       1       3   .abs_section_10
     _ADCSC2                                     11       1       1       1   .abs_section_11
     _ADCCFG                                     16       1       1       1   .abs_section_16
     _APCTL1                                     17       1       1       1   .abs_section_17
     _APCTL2                                     18       1       1       1   .abs_section_18
     _IRQSC                                      1B       1       1       0   .abs_section_1b
     _KBISC                                      1C       1       1       0   .abs_section_1c
     _KBIPE                                      1D       1       1       0   .abs_section_1d
     _KBIES                                      1E       1       1       0   .abs_section_1e
     _TPM1SC                                     20       1       1       3   .abs_section_20
     _TPM1C0SC                                   25       1       1       1   .abs_section_25
     _TPM1C1SC                                   28       1       1       0   .abs_section_28
     _TPM1C2SC                                   2B       1       1       1   .abs_section_2b
     _TPM1C3SC                                   2E       1       1       1   .abs_section_2e
     _TPM1C4SC                                   31       1       1       1   .abs_section_31
     _TPM1C5SC                                   34       1       1       1   .abs_section_34
     _SCI1C1                                     3A       1       1       0   .abs_section_3a
     _SCI1C2                                     3B       1       1       0   .abs_section_3b
     _SCI1S1                                     3C       1       1       0   .abs_section_3c
     _SCI1S2                                     3D       1       1       0   .abs_section_3d
     _SCI1C3                                     3E       1       1       0   .abs_section_3e
     _SCI1D                                      3F       1       1       0   .abs_section_3f
     _SCI2C1                                     42       1       1       0   .abs_section_42
     _SCI2C2                                     43       1       1       0   .abs_section_43
     _SCI2S1                                     44       1       1       0   .abs_section_44
     _SCI2S2                                     45       1       1       0   .abs_section_45
     _SCI2C3                                     46       1       1       0   .abs_section_46
     _SCI2D                                      47       1       1       0   .abs_section_47
     _MCGC1                                      48       1       1       2   .abs_section_48
     _MCGC2                                      49       1       1       2   .abs_section_49
     _MCGTRM                                     4A       1       1       0   .abs_section_4a
     _MCGSC                                      4B       1       1       5   .abs_section_4b
     _MCGC3                                      4C       1       1       2   .abs_section_4c
     _MCGT                                       4D       1       1       0   .abs_section_4d
     _SPI1C1                                     50       1       1       1   .abs_section_50
     _SPI1C2                                     51       1       1       1   .abs_section_51
     _SPI1BR                                     52       1       1       1   .abs_section_52
     _SPI1S                                      53       1       1       2   .abs_section_53
     _IICA                                       58       1       1       0   .abs_section_58
     _IICF                                       59       1       1       0   .abs_section_59
     _IICC1                                      5A       1       1       0   .abs_section_5a
     _IICS                                       5B       1       1       0   .abs_section_5b
     _IICD                                       5C       1       1       0   .abs_section_5c
     _IICC2                                      5D       1       1       0   .abs_section_5d
     _TPM2SC                                     60       1       1       3   .abs_section_60
     _TPM2C0SC                                   65       1       1       3   .abs_section_65
     _TPM2C1SC                                   68       1       1       0   .abs_section_68
     _RTCSC                                      6C       1       1       0   .abs_section_6c
     _RTCCNT                                     6D       1       1       0   .abs_section_6d
     _RTCMOD                                     6E       1       1       0   .abs_section_6e
     _SPI2C1                                     70       1       1       0   .abs_section_70
     _SPI2C2                                     71       1       1       0   .abs_section_71
     _SPI2BR                                     72       1       1       0   .abs_section_72
     _SPI2S                                      73       1       1       0   .abs_section_73
     _USBCTL0                                    80       1       1       8   .abs_section_80
     _PERID                                      88       1       1       2   .abs_section_88
     _IDCOMP                                     89       1       1       1   .abs_section_89
     _REV                                        8A       1       1       0   .abs_section_8a
     _INTSTAT                                    90       1       1      14   .abs_section_90
     _INTENB                                     91       1       1       8   .abs_section_91
     _ERRSTAT                                    92       1       1       1   .abs_section_92
     _ERRENB                                     93       1       1       2   .abs_section_93
     _STAT                                       94       1       1       4   .abs_section_94
     _CTL                                        95       1       1       9   .abs_section_95
     _ADDR                                       96       1       1       4   .abs_section_96
     _FRMNUML                                    97       1       1       0   .abs_section_97
     _FRMNUMH                                    98       1       1       0   .abs_section_98
     _EPCTL0                                     9D       1       1      10   .abs_section_9d
     _EPCTL1                                     9E       1       1       2   .abs_section_9e
     _EPCTL2                                     9F       1       1       0   .abs_section_9f
     _EPCTL3                                     A0       1       1       0   .abs_section_a0
     _EPCTL4                                     A1       1       1       0   .abs_section_a1
     _EPCTL5                                     A2       1       1       0   .abs_section_a2
     _EPCTL6                                     A3       1       1       0   .abs_section_a3
     _SRS                                      1800       1       1       2   .abs_section_1800
     _SBDFR                                    1801       1       1       0   .abs_section_1801
     _SOPT1                                    1802       1       1       1   .abs_section_1802
     _SOPT2                                    1803       1       1       0   .abs_section_1803
     _SPMSC1                                   1809       1       1       0   .abs_section_1809
     _SPMSC2                                   180A       1       1       0   .abs_section_180a
     _DBGC                                     1816       1       1       0   .abs_section_1816
     _DBGT                                     1817       1       1       0   .abs_section_1817
     _DBGS                                     1818       1       1       0   .abs_section_1818
     _FCDIV                                    1820       1       1       1   .abs_section_1820
     _FOPT                                     1821       1       1       0   .abs_section_1821
     _FCNFG                                    1823       1       1       0   .abs_section_1823
     _FPROT                                    1824       1       1       0   .abs_section_1824
     _FSTAT                                    1825       1       1       0   .abs_section_1825
     _FCMD                                     1826       1       1       0   .abs_section_1826
     _PTAPE                                    1840       1       1       0   .abs_section_1840
     _PTASE                                    1841       1       1       0   .abs_section_1841
     _PTADS                                    1842       1       1       0   .abs_section_1842
     _PTBPE                                    1844       1       1       0   .abs_section_1844
     _PTBSE                                    1845       1       1       0   .abs_section_1845
     _PTBDS                                    1846       1       1       0   .abs_section_1846
     _PTCPE                                    1848       1       1       0   .abs_section_1848
     _PTCSE                                    1849       1       1       0   .abs_section_1849
     _PTCDS                                    184A       1       1       0   .abs_section_184a
     _PTDPE                                    184C       1       1       0   .abs_section_184c
     _PTDSE                                    184D       1       1       0   .abs_section_184d
     _PTDDS                                    184E       1       1       0   .abs_section_184e
     _PTEPE                                    1850       1       1       0   .abs_section_1850
     _PTESE                                    1851       1       1       0   .abs_section_1851
     _PTEDS                                    1852       1       1       0   .abs_section_1852
     _PTFPE                                    1854       1       1       0   .abs_section_1854
     _PTFSE                                    1855       1       1       0   .abs_section_1855
     _PTFDS                                    1856       1       1       0   .abs_section_1856
     _PTGPE                                    1858       1       1       0   .abs_section_1858
     _PTGSE                                    1859       1       1       0   .abs_section_1859
     _PTGDS                                    185A       1       1       0   .abs_section_185a
     _ADCR                                       12       2       2       2   .abs_section_12
     _ADCCV                                      14       2       2       1   .abs_section_14
     _TPM1CNT                                    21       2       2       1   .abs_section_21
     _TPM1MOD                                    23       2       2       1   .abs_section_23
     _TPM1C0V                                    26       2       2       4   .abs_section_26
     _TPM1C1V                                    29       2       2       0   .abs_section_29
     _TPM1C2V                                    2C       2       2       4   .abs_section_2c
     _TPM1C3V                                    2F       2       2       3   .abs_section_2f
     _TPM1C4V                                    32       2       2       1   .abs_section_32
     _TPM1C5V                                    35       2       2       4   .abs_section_35
     _SCI1BD                                     38       2       2       0   .abs_section_38
     _SCI2BD                                     40       2       2       0   .abs_section_40
     _SPI1D16                                    54       2       2      10   .abs_section_54
     _SPI1M                                      56       2       2       0   .abs_section_56
     _TPM2CNT                                    61       2       2       1   .abs_section_61
     _TPM2MOD                                    63       2       2       0   .abs_section_63
     _TPM2C0V                                    66       2       2       1   .abs_section_66
     _TPM2C1V                                    69       2       2       0   .abs_section_69
     _SPI2D16                                    74       2       2       0   .abs_section_74
     _SPI2M                                      76       2       2       0   .abs_section_76
     _SDID                                     1806       2       2       0   .abs_section_1806
     _DBGCA                                    1810       2       2       0   .abs_section_1810
     _DBGCB                                    1812       2       2       0   .abs_section_1812
     _DBGF                                     1814       2       2       0   .abs_section_1814
MODULE:                 -- usb.c.o --
- PROCEDURES:
     usb_get_done                              1BC5      29      41       1   .text       
     usb_ep_is_busy                            1BEE      13      19       2   .text       
     usb_get_state                             1C01       4       4       3   .text       
     usb_ep_error                              1C05      11      17       2   .text       
     ep2bdtndx                                 1C16      37      55       8   .text       
     usb_get_rx_pptr                           1C4D      35      53       2   .text       
     send_zero_packet                          1C82      24      36       2   .text       
     usb_init                                  1CA6      24      36       1   .text       
     usb_setup_ep                              1CCA     1B8     440      11   .text       
     set_config                                1E82      BB     187       2   .text       
     enter_default_state                       1F3D      26      38       2   .text       
     usb_stop_ep_tx                            1F63      29      41       3   .text       
     usb_stop_ep_rx                            1F8C      29      41       3   .text       
     ready_ep_tx                               1FB5      3D      61       2   .text       
     ready_ep_rx                               1FF2      58      88       2   .text       
     disable_ep                                204A       6       6       1   .text       
     _usb_send                                 2050     1F9     505       9   .text       
     usb_send                                  2249      C9     201       5   .text       
     _usb_receive                              2312     164     356       5   .text       
     usb_receive                               2476      72     114       2   .text       
     cb_set_address                            24E8      1A      26       1   .text       
     usb_stm_ctrl0                             2502     266     614      24   .text       
     usb_it_handler                            2768     1EF     495       7   .text       
- VARIABLES:
     usb_current_config                         107       1       1       2   .bss        
     usb_state                                  108       1       1       4   .bss        
     new_address                                109       1       1       4   .bss        
     ep_info                                    10A      6C     108     139   .bss        
MODULE:                 -- target.c.o --
- PROCEDURES:
     _irq_restore                              2957       B      11       3   .text       
     _irq_disable                              2962       A      10       3   .text       
- VARIABLES:
MODULE:                 -- cdct_usb_config.c.o --
- PROCEDURES:
     get_device_descriptor                     296C       4       4       1   .text       
     is_cfgd_index                             2970       A      10       2   .text       
     get_cfg_descriptor                        297A       8       8       1   .text       
     is_str_index                              2982       9       9       1   .text       
     get_str_descriptor                        298B       8       8       2   .text       
     is_ifc_ndx                                2993      1A      26       1   .text       
     is_ep_ndx                                 29AD      24      36       1   .text       
     get_ep_descriptor                         29D1      27      39       1   .text       
     usb_cfg_init                              29F8       3       3       1   .text       
- VARIABLES:
     string_descriptor0                        8592       4       4       1   .rodata     
     str_manufacturer                          8596      1A      26       1   .rodata     
     str_config                                85B0      2C      44       1   .rodata     
     str_interface1                            85DC       8       8       1   .rodata     
     str_interface2                            85E4      12      18       1   .rodata     
     str_serial_number                         85F6       A      10       1   .rodata     
     str_product                               8600      46      70       1   .rodata     
     usb_string_descriptors                    8646       E      14       1   .rodata     
     usb_device_descriptor                     8654      12      18       1   .rodata     
     usb_config_descriptor                     8666      43      67       4   .rodata     
MODULE:                 -- usb_cdc.c.o --
- PROCEDURES:
     usb_bus_error_event                       29FB       1       1       1   .text       
     usb_suspend_event                         29FC       6       6       1   .text       
     usb_wakeup_event                          2A02       5       5       1   .text       
     usb_reset_event                           2A07       5       5       1   .text       
     got_line_coding                           2A0C       8       8       1   .text       
     usb_ep0_callback                          2A14      DF     223       1   .text       
     cdc_getch                                 2AF3      18      24       1   .text       
     cdc_kbhit                                 2B0B       F      15       1   .text       
     cdc_putch                                 2B1A      3A      58       4   .text       
     cdc_init                                  2B54      1A      26       1   .text       
     cdc_process                               2B6E      DE     222       4   .text       
- VARIABLES:
     line_coding                                100       7       7       2   .data       
     rx_buffer                                  176      20      32       2   .bss        
     rx_length                                  196       1       1       7   .bss        
     rx_ndx                                     197       1       1       7   .bss        
     cur_tx_buffer                              198       2       2       6   .bss        
     tx_buffer1                                 19A      20      32       3   .bss        
     tx_buffer2                                 1BA      20      32       1   .bss        
     tx_ndx                                     1DA       1       1       6   .bss        
     new_line_coding                            1DB       1       1       2   .bss        
     ctrl_line_state                            1DC       1       1       1   .bss        
     uart_state                                 1DD       2       2       2   .bss        
     SuspendAllUSB                              1E3       1       1       5   .common     
MODULE:                 -- USB_man.c.o --
- PROCEDURES:
     InviaSatellitare                          2C4C       8       8       1   .text       
     ResetPkt_ndx                              2C54      12      18       5   .text       
     USB_comm_init                             2C66       6       6       1   .text       
     Init_USB_man                              2C6C       A      10       1   .text       
     USB_PktSend                               2C76      8A     138       3   .text       
     USB_SimpleSend                            2D00      26      38       1   .text       
     USB_SendHello                             2D26      34      52       1   .text       
     USB_SendTuttiInterventi                   2D5A      8B     139       1   .text       
     USB_SendSatellitare                       2DE5      30      48       1   .text       
     USB_ReadRequest                           2E15     10F     271       5   .text       
     USB_HandleRequest                         2F24      54      84       1   .text       
     USB_comm_process                          2F78      36      54       1   .text       
- VARIABLES:
     usbNumByteLen                              1DF       1       1       7   .bss        
     usbPayloadLen                              1E0       1       1       5   .bss        
     usbrxar_ndx                                1E1       1       1       7   .bss        
     _USB_flags1                                1E2       1       1      12   .bss        
     state_USBSend                              1E4       1       1       8   .common     
MODULE:                 -- D:\Profiles\Freescale\JM60 samples\boot loader\boot loader win-usb_02\JM60_Bootloader-winusblib\JM60_Bootloader-winusb_02_Data\Library\ObjectCode\Bootloader.c.o (bootloaderv0_3.lib) --
- PROCEDURES:
     ICP_USB_TX_Service                        FC00      35      53       2   Bootloader_ROM
     ICP_USB_End_Service                       FC35      44      68       1   Bootloader_ROM
     ICP_Setup_Handler                         FC79      CD     205       1   Bootloader_ROM
     ICP_USB_Wait                              FD46      14      20       2   Bootloader_ROM
     ICP_In_Handler                            FD5A      27      39       1   Bootloader_ROM
     ICP_Out_Handler                           FD81      5D      93       1   Bootloader_ROM
     Init_USB                                  FDDE      44      68       1   Bootloader_ROM
     Bootloader_Main                           FE22      39      57       1   Bootloader_ROM
- VARIABLES:
     _ICP_VAR                                    B0       1       1      13   .abs_section_b0
     ICP_USB_State                               B1       1       1       6   .abs_section_b1
     pDataIN                                     B2       2       2       7   .abs_section_b2
     pDataBuf                                    B4       2       2       4   .abs_section_b4
     DataIN_Cnt                                  B6       1       1      10   .abs_section_b6
     vICPStatus                                  B7       1       1       5   .abs_section_b7
     vStartAddr                                  B8       2       2       3   .abs_section_b8
     vByteNumber                                 BA       1       1       3   .abs_section_ba
     check_sum                                   BB       2       2       7   .abs_section_bb
     ICP_BDT                                   1860       6       6      20   .abs_section_1860
     ICP_IN_Data                               1880       1       1       1   .abs_section_1880
     ICP_Setup                                 1890       8       8      14   .abs_section_1890
MODULE:                 -- D:\Profiles\Freescale\JM60 samples\boot loader\boot loader win-usb_02\JM60_Bootloader-winusblib\JM60_Bootloader-winusb_02_Data\Library\ObjectCode\ICP_Flash.c.o (bootloaderv0_3.lib) --
- PROCEDURES:
     Flash_Program                             FE5B      31      49       1   Bootloader_ROM
     Flash_Verification                        FE8C      42      66       1   Bootloader_ROM
     Flash_Erase                               FECE      11      17       1   Bootloader_ROM
     FLASHPGM_Copy                             FEDF      2D      45       1   Bootloader_ROM
- VARIABLES:
     FLASHPGM                                   1E5      3B      59       7   .common     
MODULE:                 -- D:\Profiles\Freescale\JM60 samples\boot loader\boot loader win-usb_02\JM60_Bootloader-winusblib\JM60_Bootloader-winusb_02_Data\Library\ObjectCode\ICP_Desc.c.o (bootloaderv0_3.lib) --
- PROCEDURES:
- VARIABLES:
     ICP_DeviceDesc                            FF0C      12      18       1   Bootloader_ROM
     ICP_ConfigDesc                            FF1E      19      25       1   Bootloader_ROM
     ICP_StringDesc                            FF37       2       2       1   Bootloader_ROM
     FLASHPGM_ROM                              FF39      3B      59       1   Bootloader_ROM
MODULE:                 -- Agrinet_pump_main06.c.o --
- PROCEDURES:
     somma_quadrati                            2FAE      8E     142       6   .text       
     somma_potenze                             303C      CA     202       7   .text       
     calcolo_offset_misure                     3106      5B      91       4   .text       
     calcolo_valor_medio_potenze               3161      6B     107       9   .text       
     calcolo_medie_quadrati                    31CC       1       1       6   .text       
     valore_efficace                           31CD     122     290       6   .text       
     media_quadrati_nel_periodo                32EF      57      87       6   .text       
     media_potenza_nel_periodo                 3346      C3     195       7   .text       
     AD_conversion_completeISR                 3409     3BA     954       4   .text       
     lettura_pulsanti                          37C3      D8     216       1   .text       
     comando_del_display                       389B     13D     317       3   .text       
     calcolo_del_fattore_di_potenza_monofase       39D8      B2     178       1   .text       
     calcolo_del_fattore_di_potenza            3A8A     1AE     430       2   .text       
     timer2_captureISR                         3C38      4A      74       2   .text       
     timer2_overflowISR                        3C82      14      20       2   .text       
     calcolo_tensione_relay                    3C96      9D     157       1   .text       
     timer1_overflowISR                        3D33     9D5    2517      38   .text       
     SPI1                                      4708     149     329       3   .text       
     trasmissione_misure_istantanee            4851      99     153       1   .text       
     trasmissione_tarature                     48EA      21      33       1   .text       
     presenta_menu                             490B      43      67      13   .text       
     presenta_scritta                          494E      5C      92      21   .text       
     modifica_unsigned                         49AA     146     326      40   .text       
     presenta_signed                           4AF0      C6     198       5   .text       
     presenta_unsigned                         4BB6      B6     182      29   .text       
     presenta_PF                               4C6C      54      84       3   .text       
     presenta_energia                          4CC0     110     272       4   .text       
     misura_della_portata                      4DD0      A9     169       3   .text       
     prime_limitazioni_funzioni                4E79      8D     141       2   .text       
     assegna_valori_default                    4F06      AF     175       1   .text       
     limitazioni_restanti_funzioni             4FB5     17B     379       1   .text       
     salva_reset_default                       5130      F7     247       2   .text       
     presenta_cursore_eeprom                   5227      2B      43       1   .text       
     salva_impostazioni                        5252      4A      74       1   .text       
     salva_segnalazione_fault                  529C      DA     218       1   .text       
     calcolo_istante                           5376     15B     347       1   .text       
     prepara_per_salvataggio_allarme           54D1     149     329       6   .text       
     salva_conta_secondi_attivita              561A      90     144       1   .text       
     lettura_impostazioni                      56AA      7B     123       2   .text       
     lettura_allarme_messo_in_buffer_USB       5725      86     134       1   .text       
     calcolo_delle_costanti                    57AB     345     837       3   .text       
     sequenza_lettura_scrittura_ram            5AF0     171     369       2   .text       
     leggi_data_ora                            5C61     14C     332       3   .text       
     presenta_data_ora                         5DAD      B0     176       8   .text       
     registra_nuova_data                       5E5D      34      52       1   .text       
     modifica_carattere                        5E91      45      69       5   .text       
     presenta_2_cifre                          5ED6      54      84       6   .text       
     modifica_data_ora                         5F2A     133     307       2   .text       
     programmazione                            605D    13F1    5105     307   .text       
     messaggio_allarme                         744E      47      71       2   .text       
     misure_medie                              7495     17C     380       2   .text       
     Nallarme_ora_minuto_secondo               7611     202     514       4   .text       
     presenta_stato_motore                     7813     2F2     754      36   .text       
     marcia_arresto                            7B05     186     390       3   .text       
     protezione_termica                        7C8B     16E     366       2   .text       
     disinserzione_condensatore_avviamento       7DF9      5F      95       1   .text       
     condizioni_di_allarme                     7E58     337     823      20   .text       
     condizioni_iniziali                       818F     3B6     950       6   .text       
     main                                      8545      48      72       1   .text       
- VARIABLES:
     operazione_effettuata                     86A9       2       2       4   .rodata     
     lettura_tarature                          86AB       2       2       2   .rodata     
     lettura_satellitare                       86AD       2       2       2   .rodata     
     lunghezza_trasmissione_satellitare        86AF       2       2       2   .rodata     
     byte_tabella                              86B1       1       1       7   .rodata     
     segnalazioni_senza_intervento             86B2       1       1       1   .rodata     
     N_tentativi_motore_bloccato               86B3       1       1       2   .rodata     
     comando_AD                                86B4      14      20       2   .rodata     
     N_letture_AD                              86C8       1       1       1   .rodata     
     N_letture_AD_men1                         86C9       1       1       1   .rodata     
     N_bytes_messaggio_fault                   86CA       1       1       8   .rodata     
     filtro_pulsanti                           86CB       1       1       8   .rodata     
     prepara                                   86CC       7       7       1   .rodata     
     primo_indirizzo_funzioni                  86D3       4       4       4   .rodata     
     rendimento_monofase                       86D7       2       2       1   .rodata     
     rendimento_trifase                        86D9       2       2       1   .rodata     
     delta_Tn                                  86DB       2       2       1   .rodata     
     fattore_PT100                             86DD       2       2       3   .rodata     
     fattore_portata_sensore_pressione         86DF       2       2       2   .rodata     
     fattore_portata_acqua                     86E1       2       2       4   .rodata     
     inizio_lettura_I_avviamento               86E3       2       2       1   .rodata     
     totale_indicazioni_fault                  86E5       2       2       4   .rodata     
     disturbo_I_pos                            86E7       2       2       2   .rodata     
     disturbo_I_neg                            86E9       2       2       2   .rodata     
     mille                                     86EB       2       2       4   .rodata     
     diecimila                                 86ED       2       2       8   .rodata     
     alimentazione8V                           86EF       2       2       1   .rodata     
     secondi_per_anno                          86F1       4       4       4   .rodata     
     secondi_per_mese                          86F5       4       4       3   .rodata     
     secondi_per_giorno                        86F9       4       4       3   .rodata     
     secondi_per_ora                           86FD       2       2       2   .rodata     
     secondi_per_minuto                        86FF       2       2       1   .rodata     
     seicento                                  8701       2       2       4   .rodata     
     set                                        220      7E     126     365   .common     
     DAC0                                       29E      10      16       6   .common     
     DAC                                        2AE      10      16      20   .common     
     mono_tri_fase                              2BE       1       1      36   .common     
     conta_data                                 2BF       1       1       8   .common     
     data_letta                                 2C0       1       1       4   .common     
     modificato                                 2C1       1       1       4   .common     
     Giorno                                     2C2       1       1       7   .common     
     Mese                                       2C3       1       1       7   .common     
     Anno                                       2C4       1       1       8   .common     
     Ora                                        2C5       1       1       6   .common     
     Minuto                                     2C6       1       1       5   .common     
     Secondo                                    2C7       1       1       5   .common     
     giorno                                     2C8       2       2       4   .common     
     mese                                       2CA       2       2       4   .common     
     anno                                       2CC       2       2       2   .common     
     ora                                        2CE       2       2       4   .common     
     minuto                                     2D0       2       2       4   .common     
     secondo                                    2D2       2       2       4   .common     
     indirizzo_ram                              2D4       1       1      11   .common     
     contatore_ram                              2D5       1       1      11   .common     
     dato_ram                                   2D6       1       1      17   .common     
     leggi_ram                                  2D7       1       1      19   .common     
     scrivi_ram                                 2D8       1       1      13   .common     
     display                                    2D9      22      34      64   .common     
     lampeggio_da                               2FB       1       1      13   .common     
     N_cifre_lampeggianti                       2FC       1       1      17   .common     
     cifre                                      2FD      10      16      26   .common     
     buffer_USB                                 30D      80     128      35   .common     
     cursore_menu                               38D       1       1      30   .common     
     cursore_sottomenu                          38E       1       1      54   .common     
     comando_display                            38F       1       1       6   .common     
     impulso_flusso                             390       1       1       3   .common     
     timer_1min                                 391       1       1       4   .common     
     timer_1s                                   392       1       1       4   .common     
     timer_20ms                                 393       1       1       5   .common     
     timer_mandata_chiusa                       394       1       1       8   .common     
     timer_flusso_massimo                       395       1       1       7   .common     
     timer_attesa_secco                         396       1       1       8   .common     
     timer_attesa_squilibrio                    397       1       1       8   .common     
     timer_reset_display                        398       1       1       4   .common     
     timer_lampeggio                            399       1       1       7   .common     
     timer_rinfresco_display                    39A       1       1       4   .common     
     timer_reset                                39B       1       1       7   .common     
     tot_misure                                 39C       1       1       3   .common     
     Tot_misure                                 39D       1       1      12   .common     
     contatore_display                          39E       1       1      12   .common     
     contatore_AD                               39F       1       1       5   .common     
     start                                      3A0       1       1       7   .common     
     enter                                      3A1       1       1       3   .common     
     salita_start                               3A2       1       1      10   .common     
     salita_enter                               3A3       1       1      13   .common     
     toggle_start                               3A4       1       1       6   .common     
     toggle_enter                               3A5       1       1      14   .common     
     stop                                       3A6       1       1       5   .common     
     esc                                        3A7       1       1       3   .common     
     salita_stop                                3A8       1       1       5   .common     
     salita_esc                                 3A9       1       1       5   .common     
     func                                       3AA       1       1       5   .common     
     salita_func                                3AB       1       1       4   .common     
     toggle_func                                3AC       1       1      11   .common     
     meno                                       3AD       1       1       9   .common     
     salita_meno                                3AE       1       1      19   .common     
     piu                                        3AF       1       1       6   .common     
     salita_piu                                 3B0       1       1      24   .common     
     remoto                                     3B1       1       1      11   .common     
     salita_remoto                              3B2       1       1       2   .common     
     sequenza_fasi                              3B3       1       1       5   .common     
     segno_V12                                  3B4       1       1       5   .common     
     segno_V13                                  3B5       1       1       5   .common     
     anticipo_V12_su_V13                        3B6       1       1       5   .common     
     attesa_invio                               3B7       1       1       5   .common     
     prima_segnalazione                         3B8       1       1       6   .common     
     alternanza_presentazione                   3B9       1       1      12   .common     
     relay_alimentazione                        3BA       1       1      28   .common     
     relay_avviamento                           3BB       1       1       4   .common     
     tentativi_avviamento                       3BC       1       1      14   .common     
     tentativi_avviamento_a_secco               3BD       1       1       7   .common     
     I1                                         3BE       2       2      13   .common     
     I2                                         3C0       2       2       9   .common     
     I3                                         3C2       2       2      12   .common     
     V31                                        3C4       2       2       8   .common     
     V32                                        3C6       2       2       6   .common     
     V1                                         3C8       2       2       3   .common     
     V2                                         3CA       2       2       3   .common     
     V3                                         3CC       2       2       3   .common     
     timer_presenta_data                        3CE       2       2       5   .common     
     timer_1_ora                                3D0       2       2       4   .common     
     attesa_ritorno_da_emergenza_V              3D2       2       2       4   .common     
     attesa_ritorno_da_emergenza_I              3D4       2       2       4   .common     
     timer_attesa_intervento_tensione           3D6       2       2       8   .common     
     timer_ritorno_da_emergenza_funzionamento_a_secco        3D8       2       2       5   .common     
     timer_lampeggio_LED_emergenza              3DA       2       2       6   .common     
     timer_attesa_segnalazione_fault            3DC       2       2       5   .common     
     timer_eccitazione_relay                    3DE       2       2       6   .common     
     timer_commuta_presentazione                3E0       2       2       9   .common     
     timer_aggiorna_misure                      3E2       2       2       6   .common     
     timer_aggiorna_menu                        3E4       2       2      14   .common     
     timer_avviamento_monofase                  3E6       2       2       6   .common     
     timer_allarme_avviamento                   3E8       2       2       7   .common     
     timer_inc_dec                              3EA       2       2       7   .common     
     timer_piu_meno                             3EC       2       2      10   .common     
     timer_flusso_nullo                         3EE       2       2       5   .common     
     offset_I1letta                             3F0       4       4       5   .common     
     offset_I3letta                             3F4       4       4       7   .common     
     offset_V31letta                            3F8       4       4       7   .common     
     offset_V32letta                            3FC       4       4       7   .common     
     timer_flusso                               400       4       4       6   .common     
     timer_flusso0                              404       4       4       5   .common     
     delta_timer_flusso                         408       4       4       8   .common     
     numeratore_flusso                          40C       4       4       6   .common     
     timer_riavviamento                         410       4       4      23   .common     
     incremento_volume                          414       4       4       6   .common     
     conta_secondi                              418       4       4       6   .common     
     conta_secondi_attivita                     41C       4       4       6   .common     
     istante                                    420       4       4      41   .common     
     delta_T                                    424       4       4      30   .common     
     somma_quad_I1                              428       4       4       5   .common     
     somma_quad_I2                              42C       4       4       5   .common     
     somma_quad_I3                              430       4       4       5   .common     
     somma_quad_V12                             434       4       4       5   .common     
     somma_quad_V23                             438       4       4       5   .common     
     somma_quad_V31                             43C       4       4       5   .common     
     Somma_quad_I1                              440       4       4       4   .common     
     Somma_quad_I2                              444       4       4       4   .common     
     Somma_quad_I3                              448       4       4       4   .common     
     Somma_quad_V12                             44C       4       4       4   .common     
     Somma_quad_V23                             450       4       4       4   .common     
     Somma_quad_V31                             454       4       4       4   .common     
     somma_potenzaI1xV13                        458       4       4       5   .common     
     somma_potenzaI1xV1                         45C       4       4       5   .common     
     somma_potenzaI2xV2                         460       4       4       5   .common     
     somma_potenzaI3xV3                         464       4       4       5   .common     
     somma_reattivaI1xV23                       468       4       4       5   .common     
     somma_reattivaI2xV31                       46C       4       4       5   .common     
     somma_reattivaI3xV12                       470       4       4       5   .common     
     Somma_potenzaI1xV13                        474       4       4       4   .common     
     Somma_potenzaI1xV1                         478       4       4       4   .common     
     Somma_potenzaI2xV2                         47C       4       4       4   .common     
     Somma_potenzaI3xV3                         480       4       4       4   .common     
     Somma_reattivaI1xV23                       484       4       4       4   .common     
     Somma_reattivaI2xV31                       488       4       4       4   .common     
     Somma_reattivaI3xV12                       48C       4       4       4   .common     
     somma_energia_attiva                       490       4       4      10   .common     
     quad_I1                                    494       4       4       3   .common     
     quad_I2                                    498       4       4       3   .common     
     quad_I3                                    49C       4       4       3   .common     
     quad_V12                                   4A0       4       4       3   .common     
     quad_V23                                   4A4       4       4       3   .common     
     quad_V31                                   4A8       4       4       3   .common     
     media_temperatura                          4AC       4       4      11   .common     
     media_pressione                            4B0       4       4       8   .common     
     media_flusso                               4B4       4       4      16   .common     
     media_quad_I1                              4B8       4       4       5   .common     
     media_quad_I2                              4BC       4       4       5   .common     
     media_quad_I3                              4C0       4       4       5   .common     
     media_quad_V12                             4C4       4       4       5   .common     
     media_quad_V23                             4C8       4       4       5   .common     
     media_quad_V31                             4CC       4       4       5   .common     
     media_potenzaI1xV13                        4D0       4       4       4   .common     
     media_potenzaI1xV1                         4D4       4       4       6   .common     
     media_potenzaI2xV2                         4D8       4       4       6   .common     
     media_potenzaI3xV3                         4DC       4       4       6   .common     
     media_reattivaI1xV23                       4E0       4       4       6   .common     
     media_reattivaI2xV31                       4E4       4       4       6   .common     
     media_reattivaI3xV12                       4E8       4       4       6   .common     
     Id_rms                                     4EC       2       2       1   .common     
     I1_rms                                     4EE       2       2      11   .common     
     I2_rms                                     4F0       2       2      13   .common     
     I3_rms                                     4F2       2       2      16   .common     
     V12_rms                                    4F4       2       2       7   .common     
     V23_rms                                    4F6       2       2       9   .common     
     V31_rms                                    4F8       2       2      11   .common     
     soglia_tensione                            4FA       2       2      10   .common     
     soglia_tensione_neg                        4FC       2       2       4   .common     
     potenzaI1xV13                              4FE       2       2       2   .common     
     potenzaI1xV1                               500       2       2       4   .common     
     potenzaI2xV2                               502       2       2       4   .common     
     potenzaI3xV3                               504       2       2       4   .common     
     reattivaI1xV23                             506       2       2       3   .common     
     reattivaI2xV31                             508       2       2       3   .common     
     reattivaI3xV12                             50A       2       2       3   .common     
     conta_litri                                50C       6       6      17   .common     
     misura_energia                             512       6       6      13   .common     
     delta_PT100_0_100gradi                     518       2       2       4   .common     
     flusso                                     51A       2       2       5   .common     
     potenza_media                              51C       2       2      13   .common     
     reattiva_media                             51E       2       2       3   .common     
     tensione_media                             520       2       2      12   .common     
     corrente_media                             522       2       2       9   .common     
     picco_corrente_avviamento                  524       2       2       7   .common     
     corrente_test                              526       2       2       8   .common     
     sovratensione_consentita                   528       2       2       5   .common     
     sottotensione_consentita                   52A       2       2       4   .common     
     ripresa_per_tensione_consentita            52C       2       2       3   .common     
     dissimmetria                               52E       2       2       6   .common     
     dissimmetria_tollerata                     530       2       2       4   .common     
     dissimmetria_emergenza                     532       2       2       3   .common     
     squilibrio                                 534       2       2       5   .common     
     squilibrio_tollerato                       536       2       2       3   .common     
     squilibrio_emergenza                       538       2       2       3   .common     
     limitazione_I_avviamento                   53A       2       2       3   .common     
     potenza_a_secco                            53C       2       2       3   .common     
     potenza_mandata_chiusa                     53E       2       2       3   .common     
     indirizzo_scrivi_eeprom                    540       4       4      23   .common     
     ultimo_indirizzo_scrittura                 544       4       4      10   .common     
     primo_indirizzo_lettura                    548       4       4      10   .common     
     ultimo_dato_in_lettura                     54C       2       2       3   .common     
     buffer_eeprom                              54E     100     256      30   .common     
     buffer_fault                               64E      14      20      16   .common     
     primo_elemento_buffer                      662       1       1       3   .common     
     contatore_scrivi_eeprom                    663       1       1       4   .common     
     lunghezza_salvataggio                      664       1       1       8   .common     
     contatore_leggi_eeprom                     665       1       1       4   .common     
     scrivi_eeprom                              666       1       1      18   .common     
     leggi_eeprom                               667       1       1      11   .common     
     eeprom_impegnata                           668       1       1      17   .common     
     reset_default                              669       1       1      12   .common     
     prepara_chiave                             66A       1       1       4   .common     
     segnalazione_                              66B       1       1      29   .common     
     precedente_segnalazione                    66C       1       1       3   .common     
     comando_reset                              66D       1       1       7   .common     
     salvataggio_funzioni                       66E       1       1      15   .common     
     salvataggio_allarme                        66F       1       1      11   .common     
     salva_conta_secondi                        670       1       1       6   .common     
     leggi_impostazioni                         671       1       1       8   .common     
     fattore_I2xT                               672       2       2       7   .common     
     precedente_lettura_allarme                 674       2       2       3   .common     
     numero_ingresso                            676       2       2       7   .common     
     allarme_in_lettura                         678       2       2      23   .common     
     cosfi                                      67A       4       4      15   .common     
     pronto_alla_risposta                       67E       1       1       9   .common     
MODULE:                 -- tabelle06.c.o --
- PROCEDURES:
- VARIABLES:
     presentazione_iniziale                    8703     132     306       5   .rodata     
     abilitazione_OFF                          8835      11      17       1   .rodata     
     accesso_password                          8846      11      17       1   .rodata     
     dati_presentati_in_ON                     8857      88     136       1   .rodata     
     lettura_allarmi                           88DF     1A9     425      11   .rodata     
     presenta_tipo_start_stop                  8A88      22      34       4   .rodata     
     attivazione_comando_reset                 8AAA      22      34       3   .rodata     
     in_salvataggio                            8ACC      11      17       1   .rodata     
     menu_principale                           8ADD     220     544       8   .rodata     
     dati_motore                               8CFD      44      68       1   .rodata     
     protezione_voltaggio                      8D41      EE     238       1   .rodata     
     protezione_corrente                       8E2F      CC     204       1   .rodata     
     controllo_pressione                       8EFB     132     306       1   .rodata     
     controllo_potenza                         902D      CC     204       1   .rodata     
     sensore_di_flusso                         90F9      88     136       1   .rodata     
     sensore_temperatura                       9181      AA     170       1   .rodata     
     calibrazione                              922B      66     102       1   .rodata     
     tabella_potenza_nominale                  9291      20      32       4   .rodata     
     tabella_calibrazione                      92B1       6       6       5   .rodata     
     tabella_ritardo_protezione_squilibrio       92B7       6       6      10   .rodata     
     tabella_ritardo_protezione_tensione       92BD       6       6       2   .rodata     
     tabella_ritardo_riaccensione_da_emergenza_V       92C3       6       6       2   .rodata     
     tabella_ritardo_riaccensione_da_emergenza_I       92C9       6       6       2   .rodata     
     tabella_ritardo_stop_mandata_chiusa       92CF       6       6       2   .rodata     
     tabella_ritardo_stop_funzionamento_a_secco       92D5       6       6       2   .rodata     
     tabella_ritardo_riaccensione_mandata_chiusa       92DB       6       6       2   .rodata     
     tabella_ritardo_riaccensione_funzionamento_a_secco       92E1       6       6       2   .rodata     
     tabella_timer_ritorno_da_emergenza_sensore       92E7       6       6       2   .rodata     
     tabella_portata_sensore_pressione         92ED       6       6       2   .rodata     
     tabella_corrente_minima_sensore           92F3       6       6       2   .rodata     
     tabella_corrente_massima_sensore          92F9       6       6       2   .rodata     
     tabella_scala_sensore_di_flusso           92FF       6       6       2   .rodata     
     tabella_tipo_sonda_PT100                  9305       6       6       2   .rodata     
     tabella_resistenza_PT100_a_0gradi         930B       6       6       2   .rodata     
     tabella_resistenza_PT100_a_100gradi       9311       6       6       2   .rodata     
     tabella_limite_intervento_temper_motore       9317       6       6       2   .rodata     
     tabella_pressione_emergenza               931D       6       6       2   .rodata     
     tabella_pressione_spegnimento             9323       6       6       2   .rodata     
     tabella_pressione_accensione              9329       6       6       2   .rodata     
     tabella_limite_minimum_flow               932F       6       6       2   .rodata     
     tabella_limite_maximum_flow               9335       6       6       2   .rodata     
     tabella_potenza_minima_mandata_chiusa       933B       6       6       2   .rodata     
     tabella_potenza_minima_funz_secco         9341       6       6       2   .rodata     
[...]
condizioni_iniziali       USES _MCGC1 _MCGC2 _MCGC3 _PTADD _PTAD _PTBDD _PTBD 
                                _APCTL1 _APCTL2 _ADCSC1 _ADCSC2 _ADCCFG _ADCCV 
                                contatore_AD _PTCDD _PTCD _PTDDD _PTDD _PTEDD _PTED _SPI1S 
                                _SPI1D16 _SPI1C1 _SPI1C2 _SPI1BR _PTFDD _PTFD _TPM1CNT 
                                _TPM1MOD _TPM1C0SC _TPM1C2SC _TPM1C3SC _TPM1C4SC 
                                _TPM1C5SC _TPM1SC _TPM1C0V _TPM1C2V _TPM1C3V _TPM1C4V 
                                _TPM1C5V _TPM2C0SC _TPM2CNT _TPM2SC _PTGDD _PTGD 
                                mono_tri_fase allarme_in_lettura precedente_lettura_allarme 
                                pronto_alla_risposta prima_segnalazione timer_flusso_nullo 
                                timer_20ms timer_1s timer_inc_dec timer_piu_meno 
                                timer_lampeggio timer_lampeggio_LED_emergenza 
                                timer_attesa_segnalazione_fault timer_commuta_presentazione 
                                timer_attesa_squilibrio timer_attesa_intervento_tensione 
                                timer_mandata_chiusa timer_attesa_secco timer_1_ora 
                                delta_timer_flusso attesa_invio relay_alimentazione 
                                relay_avviamento contatore_display cursore_menu numero_ingresso 
                                potenza_media reattiva_media tensione_media corrente_media 
                                picco_corrente_avviamento corrente_test dissimmetria squilibrio 
                                comando_display indirizzo_scrivi_eeprom 
                                ultimo_indirizzo_scrittura timer_rinfresco_display 
                                alternanza_presentazione lampeggio_da N_cifre_lampeggianti display 
                                USB_comm_init scrivi_eeprom leggi_eeprom reset_default 
                                comando_reset salvataggio_funzioni salvataggio_allarme 
                                salva_conta_secondi lunghezza_salvataggio timer_reset_display 
                                timer_1min timer_aggiorna_misure timer_aggiorna_menu 
                                condizioni_iniziali leggi_impostazioni timer_presenta_data 
                                data_letta leggi_data_ora presenta_data_ora 
                                lettura_impostazioni calcolo_delle_costanti offset_V31letta 
                                offset_V32letta offset_I3letta offset_I1letta segno_V12 
                                segno_V13 anticipo_V12_su_V13 Id_rms I1_rms I2_rms 
                                I3_rms V12_rms V23_rms V31_rms media_temperatura 
                                media_pressione media_quad_I1 media_quad_I2 media_quad_I3 
                                media_quad_V12 media_quad_V23 media_potenzaI1xV13 
                                media_potenzaI1xV1 media_potenzaI2xV2 media_potenzaI3xV3 
                                media_reattivaI1xV23 media_reattivaI2xV31 media_reattivaI3xV12 
                                media_flusso delta_T remoto salita_remoto set conta_secondi 
                                conta_secondi_attivita misura_energia conta_litri 
                                somma_energia_attiva sequenza_fasi presentazione_iniziale 
                                presenta_scritta _IMUL_STAR08 start enter salita_start 
                                salita_enter stop esc salita_stop salita_esc toggle_start 
                                toggle_enter func salita_func toggle_func meno salita_meno 
                                piu salita_piu timer_riavviamento 
                                timer_avviamento_monofase timer_allarme_avviamento 
                                timer_eccitazione_relay segnalazione_ precedente_segnalazione 
                                timer_flusso_massimo tentativi_avviamento_a_secco 
                                tentativi_avviamento _SRS media_quad_V31 
main                      USES condizioni_iniziali _SRS leggi_data_ora 
                                marcia_arresto salva_reset_default salva_impostazioni 
                                salva_segnalazione_fault salva_conta_secondi_attivita 
                                lettura_impostazioni lettura_allarme_messo_in_buffer_USB 
                                misura_della_portata trasmissione_misure_istantanee 
                                trasmissione_tarature programmazione misure_medie 
                                presenta_stato_motore toggle_func condizioni_di_allarme 
                                prepara_per_salvataggio_allarme USB_comm_process cdc_process 
UnimplementedISR          USES _MCGSC 
usb_string_descriptors    USES string_descriptor0 str_manufacturer str_product 
                                str_serial_number str_config str_interface1 str_interface2 
_UserEntry                USES _Startup 
_Usr_Vector               USES UnimplementedISR AD_conversion_completeISR 
                                timer2_overflowISR timer2_captureISR timer1_overflowISR 
                                usb_it_handler SPI1 
ICP_USB_TX_Service        USES DataIN_Cnt ICP_BDT ICP_IN_Data pDataBuf pDataIN 
ICP_USB_End_Service       USES _ICP_VAR _EPCTL0 ICP_Setup DataIN_Cnt 
                                ICP_USB_TX_Service ICP_USB_State ICP_BDT _CTL 
ICP_Setup_Handler         USES ICP_USB_State _ICP_VAR DataIN_Cnt ICP_Setup 
                                ICP_DeviceDesc pDataIN ICP_ConfigDesc ICP_StringDesc 
                                Flash_Erase vICPStatus vByteNumber check_sum 
                                ICP_USB_End_Service vStartAddr 
ICP_USB_Wait              USES ICP_USB_State ICP_BDT 
ICP_In_Handler            USES _ICP_VAR ICP_Setup _ADDR ICP_USB_State 
                                ICP_USB_TX_Service ICP_BDT ICP_USB_Wait 
ICP_Out_Handler           USES ICP_BDT ICP_USB_State _ICP_VAR vByteNumber 
                                vStartAddr ICP_Setup Flash_Program vICPStatus 
                                Flash_Verification ICP_USB_Wait 
Init_USB                  USES _USBCTL0 ICP_BDT _CTL _INTSTAT _ERRSTAT _ERRENB 
                                _INTENB _ADDR _EPCTL0 
Bootloader_Main           USES Init_USB _ICP_VAR vICPStatus FLASHPGM_Copy 
                                _INTSTAT _STAT ICP_BDT ICP_Setup_Handler 
                                ICP_Out_Handler ICP_In_Handler 
Flash_Program             USES FLASHPGM 
Flash_Verification        USES check_sum 
Flash_Erase               USES FLASHPGM 
FLASHPGM_Copy             USES FLASHPGM_ROM FLASHPGM 
_Entry                    USES _MCGC2 _MCGSC _MCGC1 _MCGC3 _PTADD _PTAD _FCDIV 
                                _SOPT1 _USBCTL0 Bootloader_Main _UserEntry 
_vect                     USES AD_conversion_completeISR UnimplementedISR 
                                timer2_overflowISR timer2_captureISR timer1_overflowISR 
                                usb_it_handler SPI1 

*********************************************************************************************
DEPENDENCY TREE
*********************************************************************************************
 main and _Startup Group
 | 
 +- main                
 |  | 
 |  +- condizioni_iniziali 
 |  |  | 
 |  |  +- USB_comm_init       
 |  |  |  | 
 |  |  |  +- usb_cfg_init        
 |  |  |  |  | 
 |  |  |  |  +- usb_init            
 |  |  |  |       
 |  |  |  +- Init_USB_man        
 |  |  |     | 
 |  |  |     +- cdc_init            
 |  |  |     |    
 |  |  |     +- ResetPkt_ndx        
 |  |  |          
 |  |  +- leggi_data_ora      
 |  |  |    
 |  |  +- presenta_data_ora   
 |  |  |    
 |  |  +- lettura_impostazioni
 |  |  |  | 
 |  |  |  +- prime_limitazioni_funzioni
 |  |  |  |    
 |  |  |  +- limitazioni_restanti_funzioni
 |  |  |       
 |  |  +- calcolo_delle_costanti
 |  |  |    
 |  |  +- presenta_scritta    
 |  |  |    
 |  |  +- _IMUL_STAR08        
 |  |       
 |  +- leggi_data_ora       (see above)
 |  |  
 |  +- marcia_arresto      
 |  |  | 
 |  |  +- presenta_data_ora    (see above)
 |  |     
 |  +- salva_reset_default 
 |  |  | 
 |  |  +- prime_limitazioni_funzioni (see above)
 |  |  |  
 |  |  +- assegna_valori_default
 |  |  |    
 |  |  +- calcolo_delle_costanti (see above)
 |  |     
 |  +- salva_impostazioni  
 |  |    
 |  +- salva_segnalazione_fault
 |  |    
 |  +- salva_conta_secondi_attivita
 |  |    
 |  +- lettura_impostazioni (see above)
 |  |  
 |  +- lettura_allarme_messo_in_buffer_USB
 |  |    
 |  +- misura_della_portata
 |  |    
 |  +- trasmissione_misure_istantanee
 |  |    
 |  +- trasmissione_tarature
 |  |    
 |  +- programmazione      
 |  |  | 
 |  |  +- presenta_menu       
 |  |  |    
 |  |  +- calcolo_delle_costanti (see above)
 |  |  |  
 |  |  +- presenta_data_ora    (see above)
 |  |  |  
 |  |  +- presenta_scritta     (see above)
 |  |  |  
 |  |  +- _Jump_Table_Header_Addr
 |  |  |    
 |  |  +- Nallarme_ora_minuto_secondo
 |  |  |    
 |  |  +- modifica_data_ora   
 |  |  |  | 
 |  |  |  +- _Search_Table_8_Offset
 |  |  |  |    
 |  |  |  +- modifica_carattere  
 |  |  |  |    
 |  |  |  +- registra_nuova_data 
 |  |  |  |    
 |  |  |  +- presenta_2_cifre    
 |  |  |       
 |  |  +- _Jump_Table_Header_Offset
 |  |  |    
 |  |  +- modifica_unsigned   
 |  |  |    
 |  |  +- presenta_unsigned   
 |  |  |    
 |  |  +- _IMUL_STAR08         (see above)
 |  |  |  
 |  |  +- presenta_energia    
 |  |       
 |  +- misure_medie        
 |  |    
 |  +- presenta_stato_motore
 |  |  | 
 |  |  +- messaggio_allarme   
 |  |  |  | 
 |  |  |  +- _IMUL_STAR08         (see above)
 |  |  |  |  
 |  |  |  +- presenta_scritta     (see above)
 |  |  |     
 |  |  +- presenta_signed     
 |  |  |    
 |  |  +- presenta_unsigned    (see above)
 |  |  |  
 |  |  +- presenta_menu        (see above)
 |  |  |  
 |  |  +- presenta_PF         
 |  |  |    
 |  |  +- presenta_scritta     (see above)
 |  |  |  
 |  |  +- presenta_cursore_eeprom
 |  |  |    
 |  |  +- presenta_data_ora    (see above)
 |  |     
 |  +- condizioni_di_allarme
 |  |  | 
 |  |  +- _SEXT16_32          
 |  |  |    
 |  |  +- _POP32              
 |  |       
 |  +- prepara_per_salvataggio_allarme
 |  |    
 |  +- USB_comm_process    
 |  |  | 
 |  |  +- usb_get_state       
 |  |  |    
 |  |  +- USB_SendHello       
 |  |  |  | 
 |  |  |  +- USB_PktSend         
 |  |  |     | 
 |  |  |     +- cdc_putch           
 |  |  |        | 
 |  |  |        +- cdc_process         
 |  |  |           | 
 |  |  |           +- usb_get_state        (see above)
 |  |  |           |  
 |  |  |           +- usb_ep_is_busy      
 |  |  |           |  | 
 |  |  |           |  +- _PUSH_CC            
 |  |  |           |  |    
 |  |  |           |  +- _POP_CC             
 |  |  |           |       
 |  |  |           +- usb_ep_error        
 |  |  |           |    
 |  |  |           +- usb_get_done        
 |  |  |           |  | 
 |  |  |           |  +- _LSUB               
 |  |  |           |  |  | 
 |  |  |           |  |  +- _ENTER_BINARY_L     
 |  |  |           |  |  |  | 
 |  |  |           |  |  |  +- _PUSH_ARGS_L        
 |  |  |           |  |  |       
 |  |  |           |  |  +- _LSUB_k_is_k_minus_j
 |  |  |           |  |       
 |  |  |           |  +- _POP32               (see above)
 |  |  |           |     
 |  |  |           +- usb_receive         
 |  |  |           |  | 
 |  |  |           |  +- _COPY               
 |  |  |           |  |    
 |  |  |           |  +- ready_ep_rx         
 |  |  |           |     | 
 |  |  |           |     +- ep2bdtndx           
 |  |  |           |     |    
 |  |  |           |     +- _IMUL_STAR08         (see above)
 |  |  |           |        
 |  |  |           +- usb_send            
 |  |  |              | 
 |  |  |              +- _LCMP               
 |  |  |              |  | 
 |  |  |              |  +- _ENTER_BINARY_L      (see above)
 |  |  |              |  |  
 |  |  |              |  +- _LCMP_k_rel_j       
 |  |  |              |       
 |  |  |              +- _COPY                (see above)
 |  |  |              |  
 |  |  |              +- _irq_disable        
 |  |  |              |    
 |  |  |              +- _usb_send           
 |  |  |              |  | 
 |  |  |              |  +- _LCMP                (see above)
 |  |  |              |  |  
 |  |  |              |  +- ep2bdtndx            (see above)
 |  |  |              |  |  
 |  |  |              |  +- ready_ep_tx         
 |  |  |              |  |  | 
 |  |  |              |  |  +- ep2bdtndx            (see above)
 |  |  |              |  |  |  
 |  |  |              |  |  +- _IMUL_STAR08         (see above)
 |  |  |              |  |     
 |  |  |              |  +- _LSUB                (see above)
 |  |  |              |  |  
 |  |  |              |  +- _POP32               (see above)
 |  |  |              |  |  
 |  |  |              |  +- send_zero_packet    
 |  |  |              |     | 
 |  |  |              |     +- ep2bdtndx            (see above)
 |  |  |              |     |  
 |  |  |              |     +- ready_ep_tx          (see above)
 |  |  |              |        
 |  |  |              +- _irq_restore        
 |  |  |                   
 |  |  +- USB_SendTuttiInterventi
 |  |  |  | 
 |  |  |  +- _Jump_Table_Header_Offset (see above)
 |  |  |  |  
 |  |  |  +- USB_PktSend          (see above)
 |  |  |     
 |  |  +- USB_SendSatellitare 
 |  |  |  | 
 |  |  |  +- USB_SimpleSend      
 |  |  |     | 
 |  |  |     +- cdc_putch            (see above)
 |  |  |        
 |  |  +- USB_ReadRequest     
 |  |  |  | 
 |  |  |  +- cdc_getch           
 |  |  |  |    
 |  |  |  +- ResetPkt_ndx         (see above)
 |  |  |  |  
 |  |  |  +- _ICMP               
 |  |  |  |    
 |  |  |  +- cdc_kbhit           
 |  |  |       
 |  |  +- USB_HandleRequest   
 |  |     | 
 |  |     +- USB_PktSend          (see above)
 |  |     |  
 |  |     +- ResetPkt_ndx         (see above)
 |  |        
 |  +- cdc_process          (see above)
 |     
 +- _Startup            
    | 
    +- Init                
    |  | 
    |  +- loadByte            
    |       
    +- main                 (see above)
       
 _UserEntry          
 | 
 +- _Startup             (see above)
    
 _vect               
 | 
 +- AD_conversion_completeISR
 |  | 
 |  +- calcolo_offset_misure
 |  |    
 |  +- somma_quadrati      
 |  |    
 |  +- somma_potenze       
 |       
 +- UnimplementedISR    
 |    
 +- timer2_overflowISR  
 |    
 +- timer2_captureISR   
 |    
 +- timer1_overflowISR  
 |  | 
 |  +- calcolo_istante     
 |  |    
 |  +- InviaSatellitare    
 |  |    
 |  +- protezione_termica  
 |  |    
 |  +- _Jump_Table_Header_Addr (see above)
 |  |  
 |  +- media_quadrati_nel_periodo
 |  |    
 |  +- media_potenza_nel_periodo
 |  |    
 |  +- _SEXT16_32           (see above)
 |  |  
 |  +- valore_efficace     
 |  |    
 |  +- calcolo_medie_quadrati
 |  |    
 |  +- calcolo_valor_medio_potenze
 |  |    
 |  +- calcolo_del_fattore_di_potenza
 |  |    
 |  +- calcolo_del_fattore_di_potenza_monofase
 |  |    
 |  +- lettura_pulsanti    
 |  |    
 |  +- comando_del_display 
 |  |  | 
 |  |  +- presenta_data_ora    (see above)
 |  |     
 |  +- disinserzione_condensatore_avviamento
 |  |    
 |  +- calcolo_tensione_relay
 |  |    
 |  +- sequenza_lettura_scrittura_ram
 |  |    
 |  +- _LADD               
 |  |  | 
 |  |  +- _ENTER_BINARY_L      (see above)
 |  |  |  
 |  |  +- _LADD_k_is_k_plus_j 
 |  |       
 |  +- _POP32               (see above)
 |     
 +- usb_it_handler      
 |  | 
 |  +- enter_default_state 
 |  |  | 
 |  |  +- usb_setup_ep        
 |  |  |  | 
 |  |  |  +- disable_ep          
 |  |  |  |    
 |  |  |  +- _IMUL_STAR08         (see above)
 |  |  |     
 |  |  +- set_config          
 |  |     | 
 |  |     +- get_ep_descriptor   
 |  |     |    
 |  |     +- usb_setup_ep         (see above)
 |  |     |  
 |  |     +- is_ep_ndx           
 |  |     |    
 |  |     +- is_ifc_ndx          
 |  |          
 |  +- usb_reset_event     
 |  |    
 |  +- usb_bus_error_event 
 |  |    
 |  +- usb_wakeup_event    
 |  |    
 |  +- usb_suspend_event   
 |  |    
 |  +- _Jump_Table_Header_Offset (see above)
 |  |  
 |  +- usb_stm_ctrl0       
 |  |  | 
 |  |  +- usb_get_rx_pptr     
 |  |  |  | 
 |  |  |  +- ep2bdtndx            (see above)
 |  |  |     
 |  |  +- _Jump_Table_Header_Addr (see above)
 |  |  |  
 |  |  +- cb_set_address      
 |  |  |  | 
 |  |  |  +- enter_default_state  (see above)
 |  |  |     
 |  |  +- get_device_descriptor
 |  |  |    
 |  |  +- is_cfgd_index       
 |  |  |    
 |  |  +- get_cfg_descriptor  
 |  |  |    
 |  |  +- usb_send             (see above)
 |  |  |  
 |  |  +- is_str_index        
 |  |  |    
 |  |  +- get_str_descriptor  
 |  |  |    
 |  |  +- set_config           (see above)
 |  |  |  
 |  |  +- ep2bdtndx            (see above)
 |  |  |  
 |  |  +- usb_ep0_callback    
 |  |     | 
 |  |     +- usb_get_rx_pptr      (see above)
 |  |     |  
 |  |     +- usb_send             (see above)
 |  |     |  
 |  |     +- got_line_coding     
 |  |     |    
 |  |     +- usb_receive          (see above)
 |  |        
 |  +- usb_stop_ep_tx      
 |  |  | 
 |  |  +- _irq_disable         (see above)
 |  |  |  
 |  |  +- _irq_restore         (see above)
 |  |     
 |  +- usb_stop_ep_rx      
 |  |  | 
 |  |  +- _irq_disable         (see above)
 |  |  |  
 |  |  +- _irq_restore         (see above)
 |  |     
 |  +- _usb_send            (see above)
 |  |  
 |  +- _usb_receive        
 |  |  | 
 |  |  +- ep2bdtndx            (see above)
 |  |  |  
 |  |  +- _LCMP                (see above)
 |  |  |  
 |  |  +- usb_stop_ep_rx       (see above)
 |  |  |  
 |  |  +- _LSUB                (see above)
 |  |  |  
 |  |  +- _POP32               (see above)
 |  |     
 |  +- send_zero_packet     (see above)
 |  |  
 |  +- ready_ep_rx          (see above)
 |     
 +- SPI1                
      
 _Usr_Vector         
 | 
 +- UnimplementedISR     (see above)
 |  
 +- AD_conversion_completeISR (see above)
 |  
 +- timer2_overflowISR   (see above)
 |  
 +- timer2_captureISR    (see above)
 |  
 +- timer1_overflowISR   (see above)
 |  
 +- usb_it_handler       (see above)
 |  
 +- SPI1                 (see above)
    
 _Entry              
 | 
 +- Bootloader_Main     
 |  | 
 |  +- Init_USB            
 |  |    
 |  +- FLASHPGM_Copy       
 |  |    
 |  +- ICP_Setup_Handler   
 |  |  | 
 |  |  +- Flash_Erase         
 |  |  |    
 |  |  +- ICP_USB_End_Service 
 |  |     | 
 |  |     +- ICP_USB_TX_Service  
 |  |          
 |  +- ICP_Out_Handler     
 |  |  | 
 |  |  +- Flash_Program       
 |  |  |    
 |  |  +- Flash_Verification  
 |  |  |    
 |  |  +- ICP_USB_Wait        
 |  |       
 |  +- ICP_In_Handler      
 |     | 
 |     +- ICP_USB_TX_Service   (see above)
 |     |  
 |     +- ICP_USB_Wait         (see above)
 |        
 +* _UserEntry           (see above)
    
*********************************************************************************************
STATISTIC SECTION
---------------------------------------------------------------------------------------------

ExeFile:
--------
Number of blocks to be downloaded: 10
Total size of all blocks to be downloaded: 32737

