
PROGRAM "I:\Documenti\Electronic\AgrinetPUMP_USB_JM60\Agrinet_USB_JM60\bin\Project.abs"

*********************************************************************************************
TARGET SECTION
---------------------------------------------------------------------------------------------
Processor   : Freescale HC08
Memory Model: SMALL
File Format : ELF\DWARF 2.0
Linker      : SmartLinker V-5.0.30 Build 7285, Oct 13 2007

*********************************************************************************************
FILE SECTION
---------------------------------------------------------------------------------------------
Agrinet_pump_main.c.o                   Model: SMALL,         Lang: ANSI-C
RTSHC08.C.o (ansiis.lib)                Model: SMALL,         Lang: ANSI-C
STDLIB.C.o (ansiis.lib)                 Model: SMALL,         Lang: ANSI-C
STRING.C.o (ansiis.lib)                 Model: SMALL,         Lang: ANSI-C
Start08.c.o                             Model: SMALL,         Lang: ANSI-C
isr_vectors.c.o                         Model: SMALL,         Lang: ANSI-C
MC9S08JM60.C.o                          Model: SMALL,         Lang: ANSI-C
usb.c.o                                 Model: SMALL,         Lang: ANSI-C
usb_cdc.c.o                             Model: SMALL,         Lang: ANSI-C
cdct_usb_config.c.o                     Model: SMALL,         Lang: ANSI-C
USB_man.c.o                             Model: SMALL,         Lang: ANSI-C
target.c.o                              Model: SMALL,         Lang: ANSI-C

*********************************************************************************************
STARTUP SECTION
---------------------------------------------------------------------------------------------
Entry point: 0x19DB (_Startup)
_startupData is allocated at 0x19E4 and uses 6 Bytes
extern struct _tagStartup {
  unsigned nofZeroOut     1
  _Range   pZeroOut       0x100     701
  _Copy    *toCopyDownBeg 0x339F
} _startupData;

*********************************************************************************************
SECTION-ALLOCATION SECTION
Section Name                    Size  Type     From       To       Segment
---------------------------------------------------------------------------------------------
.data                             11   R/W      0x100      0x10A   RAM
.init                            132     R     0x1960     0x19E3   ROM
.startData                        18     R     0x19E4     0x19F5   ROM
.rodata                          279     R     0x19F6     0x1B0C   ROM
.text                           6290     R     0x1B0D     0x339E   ROM
.copy                             14     R     0x339F     0x33AC   ROM
.abs_section_ffbf                  1     R     0xFFBF     0xFFBF   .absSeg0
.abs_section_ffca                 52     R     0xFFCA     0xFFFD   .absSeg1
.abs_section_0                     1   N/I        0x0        0x0   .absSeg2
.abs_section_1                     1   N/I        0x1        0x1   .absSeg3
.abs_section_2                     1   N/I        0x2        0x2   .absSeg4
.abs_section_3                     1   N/I        0x3        0x3   .absSeg5
.abs_section_4                     1   N/I        0x4        0x4   .absSeg6
.abs_section_5                     1   N/I        0x5        0x5   .absSeg7
.abs_section_6                     1   N/I        0x6        0x6   .absSeg8
.abs_section_7                     1   N/I        0x7        0x7   .absSeg9
.abs_section_8                     1   N/I        0x8        0x8   .absSeg10
.abs_section_9                     1   N/I        0x9        0x9   .absSeg11
.abs_section_a                     1   N/I        0xA        0xA   .absSeg12
.abs_section_b                     1   N/I        0xB        0xB   .absSeg13
.abs_section_c                     1   N/I        0xC        0xC   .absSeg14
.abs_section_d                     1   N/I        0xD        0xD   .absSeg15
.abs_section_e                     1   N/I        0xE        0xE   .absSeg16
.abs_section_10                    1   N/I       0x10       0x10   .absSeg17
.abs_section_11                    1   N/I       0x11       0x11   .absSeg18
.abs_section_16                    1   N/I       0x16       0x16   .absSeg19
.abs_section_17                    1   N/I       0x17       0x17   .absSeg20
.abs_section_18                    1   N/I       0x18       0x18   .absSeg21
.abs_section_1b                    1   N/I       0x1B       0x1B   .absSeg22
.abs_section_1c                    1   N/I       0x1C       0x1C   .absSeg23
.abs_section_1d                    1   N/I       0x1D       0x1D   .absSeg24
.abs_section_1e                    1   N/I       0x1E       0x1E   .absSeg25
.abs_section_20                    1   N/I       0x20       0x20   .absSeg26
.abs_section_25                    1   N/I       0x25       0x25   .absSeg27
.abs_section_28                    1   N/I       0x28       0x28   .absSeg28
.abs_section_2b                    1   N/I       0x2B       0x2B   .absSeg29
.abs_section_2e                    1   N/I       0x2E       0x2E   .absSeg30
.abs_section_31                    1   N/I       0x31       0x31   .absSeg31
.abs_section_34                    1   N/I       0x34       0x34   .absSeg32
.abs_section_3a                    1   N/I       0x3A       0x3A   .absSeg33
.abs_section_3b                    1   N/I       0x3B       0x3B   .absSeg34
.abs_section_3c                    1   N/I       0x3C       0x3C   .absSeg35
.abs_section_3d                    1   N/I       0x3D       0x3D   .absSeg36
.abs_section_3e                    1   N/I       0x3E       0x3E   .absSeg37
.abs_section_3f                    1   N/I       0x3F       0x3F   .absSeg38
.abs_section_42                    1   N/I       0x42       0x42   .absSeg39
.abs_section_43                    1   N/I       0x43       0x43   .absSeg40
.abs_section_44                    1   N/I       0x44       0x44   .absSeg41
.abs_section_45                    1   N/I       0x45       0x45   .absSeg42
.abs_section_46                    1   N/I       0x46       0x46   .absSeg43
.abs_section_47                    1   N/I       0x47       0x47   .absSeg44
.abs_section_48                    1   N/I       0x48       0x48   .absSeg45
.abs_section_49                    1   N/I       0x49       0x49   .absSeg46
.abs_section_4a                    1   N/I       0x4A       0x4A   .absSeg47
.abs_section_4b                    1   N/I       0x4B       0x4B   .absSeg48
.abs_section_4c                    1   N/I       0x4C       0x4C   .absSeg49
.abs_section_4d                    1   N/I       0x4D       0x4D   .absSeg50
.abs_section_50                    1   N/I       0x50       0x50   .absSeg51
.abs_section_51                    1   N/I       0x51       0x51   .absSeg52
.abs_section_52                    1   N/I       0x52       0x52   .absSeg53
.abs_section_53                    1   N/I       0x53       0x53   .absSeg54
.abs_section_58                    1   N/I       0x58       0x58   .absSeg55
.abs_section_59                    1   N/I       0x59       0x59   .absSeg56
.abs_section_5a                    1   N/I       0x5A       0x5A   .absSeg57
.abs_section_5b                    1   N/I       0x5B       0x5B   .absSeg58
.abs_section_5c                    1   N/I       0x5C       0x5C   .absSeg59
.abs_section_5d                    1   N/I       0x5D       0x5D   .absSeg60
.abs_section_60                    1   N/I       0x60       0x60   .absSeg61
.abs_section_65                    1   N/I       0x65       0x65   .absSeg62
.abs_section_68                    1   N/I       0x68       0x68   .absSeg63
.abs_section_6c                    1   N/I       0x6C       0x6C   .absSeg64
.abs_section_6d                    1   N/I       0x6D       0x6D   .absSeg65
.abs_section_6e                    1   N/I       0x6E       0x6E   .absSeg66
.abs_section_70                    1   N/I       0x70       0x70   .absSeg67
.abs_section_71                    1   N/I       0x71       0x71   .absSeg68
.abs_section_72                    1   N/I       0x72       0x72   .absSeg69
.abs_section_73                    1   N/I       0x73       0x73   .absSeg70
.abs_section_80                    1   N/I       0x80       0x80   .absSeg71
.abs_section_88                    1   N/I       0x88       0x88   .absSeg72
.abs_section_89                    1   N/I       0x89       0x89   .absSeg73
.abs_section_8a                    1   N/I       0x8A       0x8A   .absSeg74
.abs_section_90                    1   N/I       0x90       0x90   .absSeg75
.abs_section_91                    1   N/I       0x91       0x91   .absSeg76
.abs_section_92                    1   N/I       0x92       0x92   .absSeg77
.abs_section_93                    1   N/I       0x93       0x93   .absSeg78
.abs_section_94                    1   N/I       0x94       0x94   .absSeg79
.abs_section_95                    1   N/I       0x95       0x95   .absSeg80
.abs_section_96                    1   N/I       0x96       0x96   .absSeg81
.abs_section_97                    1   N/I       0x97       0x97   .absSeg82
.abs_section_98                    1   N/I       0x98       0x98   .absSeg83
.abs_section_9d                    1   N/I       0x9D       0x9D   .absSeg84
.abs_section_9e                    1   N/I       0x9E       0x9E   .absSeg85
.abs_section_9f                    1   N/I       0x9F       0x9F   .absSeg86
.abs_section_a0                    1   N/I       0xA0       0xA0   .absSeg87
.abs_section_a1                    1   N/I       0xA1       0xA1   .absSeg88
.abs_section_a2                    1   N/I       0xA2       0xA2   .absSeg89
.abs_section_a3                    1   N/I       0xA3       0xA3   .absSeg90
.abs_section_1800                  1   N/I     0x1800     0x1800   .absSeg91
.abs_section_1801                  1   N/I     0x1801     0x1801   .absSeg92
.abs_section_1802                  1   N/I     0x1802     0x1802   .absSeg93
.abs_section_1803                  1   N/I     0x1803     0x1803   .absSeg94
.abs_section_1809                  1   N/I     0x1809     0x1809   .absSeg95
.abs_section_180a                  1   N/I     0x180A     0x180A   .absSeg96
.abs_section_1816                  1   N/I     0x1816     0x1816   .absSeg97
.abs_section_1817                  1   N/I     0x1817     0x1817   .absSeg98
.abs_section_1818                  1   N/I     0x1818     0x1818   .absSeg99
.abs_section_1820                  1   N/I     0x1820     0x1820   .absSeg100
.abs_section_1821                  1   N/I     0x1821     0x1821   .absSeg101
.abs_section_1823                  1   N/I     0x1823     0x1823   .absSeg102
.abs_section_1824                  1   N/I     0x1824     0x1824   .absSeg103
.abs_section_1825                  1   N/I     0x1825     0x1825   .absSeg104
.abs_section_1826                  1   N/I     0x1826     0x1826   .absSeg105
.abs_section_1840                  1   N/I     0x1840     0x1840   .absSeg106
.abs_section_1841                  1   N/I     0x1841     0x1841   .absSeg107
.abs_section_1842                  1   N/I     0x1842     0x1842   .absSeg108
.abs_section_1844                  1   N/I     0x1844     0x1844   .absSeg109
.abs_section_1845                  1   N/I     0x1845     0x1845   .absSeg110
.abs_section_1846                  1   N/I     0x1846     0x1846   .absSeg111
.abs_section_1848                  1   N/I     0x1848     0x1848   .absSeg112
.abs_section_1849                  1   N/I     0x1849     0x1849   .absSeg113
.abs_section_184a                  1   N/I     0x184A     0x184A   .absSeg114
.abs_section_184c                  1   N/I     0x184C     0x184C   .absSeg115
.abs_section_184d                  1   N/I     0x184D     0x184D   .absSeg116
.abs_section_184e                  1   N/I     0x184E     0x184E   .absSeg117
.abs_section_1850                  1   N/I     0x1850     0x1850   .absSeg118
.abs_section_1851                  1   N/I     0x1851     0x1851   .absSeg119
.abs_section_1852                  1   N/I     0x1852     0x1852   .absSeg120
.abs_section_1854                  1   N/I     0x1854     0x1854   .absSeg121
.abs_section_1855                  1   N/I     0x1855     0x1855   .absSeg122
.abs_section_1856                  1   N/I     0x1856     0x1856   .absSeg123
.abs_section_1858                  1   N/I     0x1858     0x1858   .absSeg124
.abs_section_1859                  1   N/I     0x1859     0x1859   .absSeg125
.abs_section_185a                  1   N/I     0x185A     0x185A   .absSeg126
.abs_section_12                    2   N/I       0x12       0x13   .absSeg127
.abs_section_14                    2   N/I       0x14       0x15   .absSeg128
.abs_section_21                    2   N/I       0x21       0x22   .absSeg129
.abs_section_23                    2   N/I       0x23       0x24   .absSeg130
.abs_section_26                    2   N/I       0x26       0x27   .absSeg131
.abs_section_29                    2   N/I       0x29       0x2A   .absSeg132
.abs_section_2c                    2   N/I       0x2C       0x2D   .absSeg133
.abs_section_2f                    2   N/I       0x2F       0x30   .absSeg134
.abs_section_32                    2   N/I       0x32       0x33   .absSeg135
.abs_section_35                    2   N/I       0x35       0x36   .absSeg136
.abs_section_38                    2   N/I       0x38       0x39   .absSeg137
.abs_section_40                    2   N/I       0x40       0x41   .absSeg138
.abs_section_54                    2   N/I       0x54       0x55   .absSeg139
.abs_section_56                    2   N/I       0x56       0x57   .absSeg140
.abs_section_61                    2   N/I       0x61       0x62   .absSeg141
.abs_section_63                    2   N/I       0x63       0x64   .absSeg142
.abs_section_66                    2   N/I       0x66       0x67   .absSeg143
.abs_section_69                    2   N/I       0x69       0x6A   .absSeg144
.abs_section_74                    2   N/I       0x74       0x75   .absSeg145
.abs_section_76                    2   N/I       0x76       0x77   .absSeg146
.abs_section_1806                  2   N/I     0x1806     0x1807   .absSeg147
.abs_section_1810                  2   N/I     0x1810     0x1811   .absSeg148
.abs_section_1812                  2   N/I     0x1812     0x1813   .absSeg149
.abs_section_1814                  2   N/I     0x1814     0x1815   .absSeg150
.bss                             252   R/W      0x10B      0x206   RAM
.common                          438   R/W      0x207      0x3BC   RAM
.stack                            81   R/W     0x190F     0x195F   STK
.vectSeg151_vect                   2     R     0xFFFE     0xFFFF   .vectSeg151

Summary of section sizes per section type:
READ_ONLY (R):        1A84 (dec:     6788)
READ_WRITE (R/W):      30E (dec:      782)
NO_INIT (N/I):          AD (dec:      173)

*********************************************************************************************
VECTOR-ALLOCATION SECTION
    Address     InitValue   InitFunction
---------------------------------------------------------------------------------------------
     0xFFFE        0x19DB   _Startup

*********************************************************************************************
OBJECT-ALLOCATION SECTION
     Name               Module                 Addr   hSize   dSize     Ref    Section   RLIB
---------------------------------------------------------------------------------------------
MODULE:                 -- Agrinet_pump_main.c.o --
- PROCEDURES:
     lettura_allarme                           1B0D      67     103       1   .text       
     condizioni_iniziali                       1B74     2E2     738       1   .text       
     main                                      1E56      21      33       1   .text       
- VARIABLES:
     buffer_USB                                 207      20      32       2   .common     
     timer_reset_display                        227       1       1       1   .common     
     cursore_menu                               228       1       1       1   .common     
     funzioni_avanzate                          229       1       1       1   .common     
     comando_display                            22A       1       1       1   .common     
     contatore_display                          22B       1       1       1   .common     
     contatore_AD                               22C       1       1       1   .common     
     start                                      22D       1       1       1   .common     
     salita_start                               22E       1       1       1   .common     
     stop                                       22F       1       1       1   .common     
     salita_stop                                230       1       1       1   .common     
     toggle_stop                                231       1       1       1   .common     
     func                                       232       1       1       1   .common     
     salita_func                                233       1       1       1   .common     
     toggle_func                                234       1       1       1   .common     
     meno                                       235       1       1       1   .common     
     salita_meno                                236       1       1       1   .common     
     piu                                        237       1       1       1   .common     
     salita_piu                                 238       1       1       1   .common     
     remoto                                     239       1       1       1   .common     
     salita_remoto                              23A       1       1       1   .common     
     intervento_allarme                         23B       1       1       1   .common     
     prima_accensione                           23C       1       1       1   .common     
     attesa_invio                               23D       1       1       4   .common     
     relais_alimentazione                       23E       1       1       1   .common     
     relais_avviamento                          23F       1       1       1   .common     
     precedente_segnalazione                    240       1       1       1   .common     
     timer_eccitazione_relais                   241       2       2       1   .common     
     timer_rinfresco_display                    243       2       2       1   .common     
     timer_riavviamento                         245       2       2       1   .common     
     timer_attesa_squilibrio                    247       2       2       1   .common     
     timer_attesa_tensione                      249       2       2       1   .common     
     timer_mandata_chiusa                       24B       2       2       1   .common     
     timer_attesa_secco                         24D       2       2       1   .common     
     timer_attesa_differenziale                 24F       2       2       1   .common     
     timer_commuta_presentazione                251       2       2       1   .common     
     timer_aggiorna_misure                      253       2       2       1   .common     
     timer_avviamento_monofase                  255       2       2       1   .common     
     timer_lampeggio                            257       2       2       1   .common     
     timer_20ms                                 259       2       2       1   .common     
     timer_1s                                   25B       2       2       1   .common     
     timer_10min                                25D       2       2       1   .common     
     timer_inc_dec                              25F       2       2       1   .common     
     timer_piu_meno                             261       2       2       1   .common     
     timer_rilascio                             263       2       2       2   .common     
     offset_I1letta                             265       4       4       2   .common     
     offset_I3letta                             269       4       4       2   .common     
     offset_V12letta                            26D       4       4       2   .common     
     offset_V13letta                            271       4       4       2   .common     
     offset_Idletta                             275       4       4       2   .common     
     delta_T                                    279       4       4       2   .common     
     quad_Id                                    27D       4       4       2   .common     
     somma_quad_I1                              281       4       4       2   .common     
     somma_quad_I2                              285       4       4       2   .common     
     somma_quad_I3                              289       4       4       2   .common     
     somma_quad_V1                              28D       4       4       2   .common     
     somma_quad_V2                              291       4       4       2   .common     
     somma_quad_V3                              295       4       4       2   .common     
     somma_potenzaI1xV1                         299       4       4       2   .common     
     somma_potenzaI2xV2                         29D       4       4       2   .common     
     somma_potenzaI3xV3                         2A1       4       4       2   .common     
     somma_reattivaI1xV23                       2A5       4       4       2   .common     
     somma_reattivaI2xV31                       2A9       4       4       2   .common     
     somma_reattivaI3xV12                       2AD       4       4       2   .common     
     quad_I1                                    2B1       4       4       2   .common     
     quad_I2                                    2B5       4       4       2   .common     
     quad_I3                                    2B9       4       4       2   .common     
     quad_V1                                    2BD       4       4       2   .common     
     quad_V2                                    2C1       4       4       2   .common     
     quad_V3                                    2C5       4       4       2   .common     
     media_temperatura                          2C9       4       4       2   .common     
     media_pressione                            2CD       4       4       2   .common     
     media_quad_Id                              2D1       4       4       2   .common     
     media_quad_I1                              2D5       4       4       2   .common     
     media_quad_I2                              2D9       4       4       2   .common     
     media_quad_I3                              2DD       4       4       2   .common     
     media_quad_V1                              2E1       4       4       2   .common     
     media_quad_V2                              2E5       4       4       2   .common     
     media_quad_V3                              2E9       4       4       2   .common     
     media_potenzaI1xV1                         2ED       4       4       2   .common     
     media_potenzaI2xV2                         2F1       4       4       2   .common     
     media_potenzaI3xV3                         2F5       4       4       2   .common     
     media_reattivaI1xV23                       2F9       4       4       2   .common     
     media_reattivaI2xV31                       2FD       4       4       2   .common     
     media_reattivaI3xV12                       301       4       4       2   .common     
     I1_rms                                     305       2       2       1   .common     
     I2_rms                                     307       2       2       1   .common     
     I3_rms                                     309       2       2       1   .common     
     V1_rms                                     30B       2       2       1   .common     
     V2_rms                                     30D       2       2       1   .common     
     V3_rms                                     30F       2       2       1   .common     
     potenzaI1xV1                               311       2       2       1   .common     
     potenzaI2xV2                               313       2       2       1   .common     
     potenzaI3xV3                               315       2       2       1   .common     
     reattivaI1xV23                             317       2       2       1   .common     
     reattivaI2xV31                             319       2       2       1   .common     
     reattivaI3xV12                             31B       2       2       1   .common     
     PWM_relais                                 31D       2       2       1   .common     
     potenza_media                              31F       2       2       1   .common     
     reattiva_media                             321       2       2       1   .common     
     tensione_media                             323       2       2       1   .common     
     corrente_media                             325       2       2       1   .common     
     picco_corrente_avviamento                  327       2       2       1   .common     
     corrente_test                              329       2       2       1   .common     
     dissimmetria                               32B       2       2       1   .common     
     squilibrio                                 32D       2       2       1   .common     
     registrazione                              32F      18      24       1   .common     
     indirizzo_scrivi_eeprom                    347       2       2       1   .common     
     ultimo_indirizzo_scrittura                 349       2       2       1   .common     
     primo_indirizzo_lettura                    34B       2       2       3   .common     
     ultimo_indirizzo_lettura                   34D       2       2       2   .common     
     buffer_eeprom                              34F      60      96       1   .common     
     scrivi_eeprom                              3AF       1       1       1   .common     
     leggi_eeprom                               3B0       1       1       2   .common     
     leggi_impostazioni                         3B1       1       1       1   .common     
     salva_conta_secondi                        3B2       1       1       1   .common     
     leggi_conta_secondi                        3B3       1       1       1   .common     
     precedente_lettura_allarme                 3B4       2       2       3   .common     
     numero_ingresso                            3B6       2       2       1   .common     
     allarme_in_lettura                         3B8       2       2       5   .common     
     reset_default                              3BA       1       1       1   .common     
     abilita_reset                              3BB       1       1       1   .common     
     pronto_alla_risposta                       3BC       1       1       2   .common     
MODULE:                 -- RTSHC08.C.o (ansiis.lib) --
- PROCEDURES:
     _PUSH_ARGS_L                              1E77      20      32       1   .text       
     _ENTER_BINARY_L                           1E97      16      22       2   .text       
     _LSUB_k_is_k_minus_j                      1EAD      1F      31       1   .text       
     _LCMP_k_rel_j                             1ECC      1F      31       1   .text       
     _IMUL_STAR08                              1EEB      27      39       3   .text       
     _ICMP                                     1F12      16      22       3   .text       
     _LSUB                                     1F28       6       6       3   .text       
     _LCMP                                     1F2E       6       6       5   .text       
     _COPY                                     1F34      30      48       3   .text       
     _POP32                                    1F64      1A      26       3   .text       
     _Jump_Table_Header_Addr                   1F7E      2F      47       3   .text       
     _Jump_Table_Header_Offset                 1FAD      24      36       2   .text       
     _PUSH_CC                                  1FD1       F      15       1   .text       
     _POP_CC                                   1FE0       F      15       1   .text       
- VARIABLES:
MODULE:                 -- STDLIB.C.o (ansiis.lib) --
- PROCEDURES:
     srand                                     1FEF       9       9       1   .text       
- VARIABLES:
     seed                                       100       4       4       2   .data       
MODULE:                 -- STRING.C.o (ansiis.lib) --
- PROCEDURES:
     memcpy                                    1FF8      3D      61       1   .text       
- VARIABLES:
MODULE:                 -- Start08.c.o --
- PROCEDURES:
     loadByte                                  1960       E      14       5   .init       
     Init                                      196E      6D     109       1   .init       
     _Startup                                  19DB       9       9       0   .init       
- VARIABLES:
     _startupData                              19E4       6       6       4   .startData  
- LABELS:
     __SEG_END_SSTACK                          1960       0       0       1               
MODULE:                 -- isr_vectors.c.o --
- PROCEDURES:
     UnimplementedISR                          2035       5       5      25   .text       
- VARIABLES:
     security                                  FFBF       1       1       0   .abs_section_ffbf
     _vect                                     FFCA      34      52       0   .abs_section_ffca
MODULE:                 -- MC9S08JM60.C.o --
- PROCEDURES:
- VARIABLES:
     _PTAD                                        0       1       1       1   .abs_section_0
     _PTADD                                       1       1       1       1   .abs_section_1
     _PTBD                                        2       1       1       1   .abs_section_2
     _PTBDD                                       3       1       1       1   .abs_section_3
     _PTCD                                        4       1       1       1   .abs_section_4
     _PTCDD                                       5       1       1       1   .abs_section_5
     _PTDD                                        6       1       1       1   .abs_section_6
     _PTDDD                                       7       1       1       1   .abs_section_7
     _PTED                                        8       1       1       2   .abs_section_8
     _PTEDD                                       9       1       1       1   .abs_section_9
     _PTFD                                        A       1       1       1   .abs_section_a
     _PTFDD                                       B       1       1       1   .abs_section_b
     _PTGD                                        C       1       1       1   .abs_section_c
     _PTGDD                                       D       1       1       1   .abs_section_d
     _ACMPSC                                      E       1       1       0   .abs_section_e
     _ADCSC1                                     10       1       1       1   .abs_section_10
     _ADCSC2                                     11       1       1       0   .abs_section_11
     _ADCCFG                                     16       1       1       1   .abs_section_16
     _APCTL1                                     17       1       1       1   .abs_section_17
     _APCTL2                                     18       1       1       1   .abs_section_18
     _IRQSC                                      1B       1       1       0   .abs_section_1b
     _KBISC                                      1C       1       1       0   .abs_section_1c
     _KBIPE                                      1D       1       1       0   .abs_section_1d
     _KBIES                                      1E       1       1       0   .abs_section_1e
     _TPM1SC                                     20       1       1       0   .abs_section_20
     _TPM1C0SC                                   25       1       1       0   .abs_section_25
     _TPM1C1SC                                   28       1       1       0   .abs_section_28
     _TPM1C2SC                                   2B       1       1       1   .abs_section_2b
     _TPM1C3SC                                   2E       1       1       1   .abs_section_2e
     _TPM1C4SC                                   31       1       1       1   .abs_section_31
     _TPM1C5SC                                   34       1       1       1   .abs_section_34
     _SCI1C1                                     3A       1       1       0   .abs_section_3a
     _SCI1C2                                     3B       1       1       0   .abs_section_3b
     _SCI1S1                                     3C       1       1       0   .abs_section_3c
     _SCI1S2                                     3D       1       1       0   .abs_section_3d
     _SCI1C3                                     3E       1       1       0   .abs_section_3e
     _SCI1D                                      3F       1       1       0   .abs_section_3f
     _SCI2C1                                     42       1       1       0   .abs_section_42
     _SCI2C2                                     43       1       1       0   .abs_section_43
     _SCI2S1                                     44       1       1       0   .abs_section_44
     _SCI2S2                                     45       1       1       0   .abs_section_45
     _SCI2C3                                     46       1       1       0   .abs_section_46
     _SCI2D                                      47       1       1       0   .abs_section_47
     _MCGC1                                      48       1       1       1   .abs_section_48
     _MCGC2                                      49       1       1       1   .abs_section_49
     _MCGTRM                                     4A       1       1       0   .abs_section_4a
     _MCGSC                                      4B       1       1       1   .abs_section_4b
     _MCGC3                                      4C       1       1       1   .abs_section_4c
     _MCGT                                       4D       1       1       0   .abs_section_4d
     _SPI1C1                                     50       1       1       0   .abs_section_50
     _SPI1C2                                     51       1       1       1   .abs_section_51
     _SPI1BR                                     52       1       1       1   .abs_section_52
     _SPI1S                                      53       1       1       1   .abs_section_53
     _IICA                                       58       1       1       0   .abs_section_58
     _IICF                                       59       1       1       0   .abs_section_59
     _IICC1                                      5A       1       1       0   .abs_section_5a
     _IICS                                       5B       1       1       0   .abs_section_5b
     _IICD                                       5C       1       1       0   .abs_section_5c
     _IICC2                                      5D       1       1       0   .abs_section_5d
     _TPM2SC                                     60       1       1       0   .abs_section_60
     _TPM2C0SC                                   65       1       1       1   .abs_section_65
     _TPM2C1SC                                   68       1       1       1   .abs_section_68
     _RTCSC                                      6C       1       1       0   .abs_section_6c
     _RTCCNT                                     6D       1       1       0   .abs_section_6d
     _RTCMOD                                     6E       1       1       0   .abs_section_6e
     _SPI2C1                                     70       1       1       0   .abs_section_70
     _SPI2C2                                     71       1       1       0   .abs_section_71
     _SPI2BR                                     72       1       1       0   .abs_section_72
     _SPI2S                                      73       1       1       0   .abs_section_73
     _USBCTL0                                    80       1       1       4   .abs_section_80
     _PERID                                      88       1       1       2   .abs_section_88
     _IDCOMP                                     89       1       1       1   .abs_section_89
     _REV                                        8A       1       1       0   .abs_section_8a
     _INTSTAT                                    90       1       1      10   .abs_section_90
     _INTENB                                     91       1       1       7   .abs_section_91
     _ERRSTAT                                    92       1       1       0   .abs_section_92
     _ERRENB                                     93       1       1       1   .abs_section_93
     _STAT                                       94       1       1       3   .abs_section_94
     _CTL                                        95       1       1       6   .abs_section_95
     _ADDR                                       96       1       1       2   .abs_section_96
     _FRMNUML                                    97       1       1       0   .abs_section_97
     _FRMNUMH                                    98       1       1       0   .abs_section_98
     _EPCTL0                                     9D       1       1       8   .abs_section_9d
     _EPCTL1                                     9E       1       1       2   .abs_section_9e
     _EPCTL2                                     9F       1       1       0   .abs_section_9f
     _EPCTL3                                     A0       1       1       0   .abs_section_a0
     _EPCTL4                                     A1       1       1       0   .abs_section_a1
     _EPCTL5                                     A2       1       1       0   .abs_section_a2
     _EPCTL6                                     A3       1       1       0   .abs_section_a3
     _SRS                                      1800       1       1       1   .abs_section_1800
     _SBDFR                                    1801       1       1       0   .abs_section_1801
     _SOPT1                                    1802       1       1       1   .abs_section_1802
     _SOPT2                                    1803       1       1       0   .abs_section_1803
     _SPMSC1                                   1809       1       1       0   .abs_section_1809
     _SPMSC2                                   180A       1       1       0   .abs_section_180a
     _DBGC                                     1816       1       1       0   .abs_section_1816
     _DBGT                                     1817       1       1       0   .abs_section_1817
     _DBGS                                     1818       1       1       0   .abs_section_1818
     _FCDIV                                    1820       1       1       0   .abs_section_1820
     _FOPT                                     1821       1       1       0   .abs_section_1821
     _FCNFG                                    1823       1       1       0   .abs_section_1823
     _FPROT                                    1824       1       1       0   .abs_section_1824
     _FSTAT                                    1825       1       1       0   .abs_section_1825
     _FCMD                                     1826       1       1       0   .abs_section_1826
     _PTAPE                                    1840       1       1       0   .abs_section_1840
     _PTASE                                    1841       1       1       0   .abs_section_1841
     _PTADS                                    1842       1       1       0   .abs_section_1842
     _PTBPE                                    1844       1       1       0   .abs_section_1844
     _PTBSE                                    1845       1       1       0   .abs_section_1845
     _PTBDS                                    1846       1       1       0   .abs_section_1846
     _PTCPE                                    1848       1       1       0   .abs_section_1848
     _PTCSE                                    1849       1       1       0   .abs_section_1849
     _PTCDS                                    184A       1       1       0   .abs_section_184a
     _PTDPE                                    184C       1       1       0   .abs_section_184c
     _PTDSE                                    184D       1       1       0   .abs_section_184d
     _PTDDS                                    184E       1       1       0   .abs_section_184e
     _PTEPE                                    1850       1       1       0   .abs_section_1850
     _PTESE                                    1851       1       1       0   .abs_section_1851
     _PTEDS                                    1852       1       1       0   .abs_section_1852
     _PTFPE                                    1854       1       1       0   .abs_section_1854
     _PTFSE                                    1855       1       1       0   .abs_section_1855
     _PTFDS                                    1856       1       1       0   .abs_section_1856
     _PTGPE                                    1858       1       1       0   .abs_section_1858
     _PTGSE                                    1859       1       1       0   .abs_section_1859
     _PTGDS                                    185A       1       1       0   .abs_section_185a
     _ADCR                                       12       2       2       0   .abs_section_12
     _ADCCV                                      14       2       2       2   .abs_section_14
     _TPM1CNT                                    21       2       2       1   .abs_section_21
     _TPM1MOD                                    23       2       2       1   .abs_section_23
     _TPM1C0V                                    26       2       2       0   .abs_section_26
     _TPM1C1V                                    29       2       2       0   .abs_section_29
     _TPM1C2V                                    2C       2       2       1   .abs_section_2c
     _TPM1C3V                                    2F       2       2       1   .abs_section_2f
     _TPM1C4V                                    32       2       2       1   .abs_section_32
     _TPM1C5V                                    35       2       2       1   .abs_section_35
     _SCI1BD                                     38       2       2       0   .abs_section_38
     _SCI2BD                                     40       2       2       0   .abs_section_40
     _SPI1D16                                    54       2       2       2   .abs_section_54
     _SPI1M                                      56       2       2       0   .abs_section_56
     _TPM2CNT                                    61       2       2       1   .abs_section_61
     _TPM2MOD                                    63       2       2       1   .abs_section_63
     _TPM2C0V                                    66       2       2       1   .abs_section_66
     _TPM2C1V                                    69       2       2       1   .abs_section_69
     _SPI2D16                                    74       2       2       0   .abs_section_74
     _SPI2M                                      76       2       2       0   .abs_section_76
     _SDID                                     1806       2       2       0   .abs_section_1806
     _DBGCA                                    1810       2       2       0   .abs_section_1810
     _DBGCB                                    1812       2       2       0   .abs_section_1812
     _DBGF                                     1814       2       2       0   .abs_section_1814
MODULE:                 -- usb.c.o --
- PROCEDURES:
     usb_get_done                              203A      29      41       1   .text       
     usb_ep_is_busy                            2063      13      19       2   .text       
     usb_get_state                             2076       4       4       1   .text       
     usb_ep_error                              207A      11      17       2   .text       
     ep2bdtndx                                 208B      37      55       8   .text       
     usb_get_rx_pptr                           20C2      35      53       2   .text       
     send_zero_packet                          20F7      24      36       2   .text       
     usb_init                                  211B      24      36       1   .text       
     usb_setup_ep                              213F     1B8     440      11   .text       
     set_config                                22F7      BB     187       2   .text       
     enter_default_state                       23B2      26      38       2   .text       
     usb_stop_ep_tx                            23D8      29      41       3   .text       
     usb_stop_ep_rx                            2401      29      41       3   .text       
     ready_ep_tx                               242A      3D      61       2   .text       
     ready_ep_rx                               2467      58      88       2   .text       
     disable_ep                                24BF       6       6       1   .text       
     _usb_send                                 24C5     1F9     505       9   .text       
     usb_send                                  26BE      C9     201       5   .text       
     _usb_receive                              2787     164     356       5   .text       
     usb_receive                               28EB      72     114       2   .text       
     cb_set_address                            295D      1A      26       1   .text       
     usb_stm_ctrl0                             2977     266     614      24   .text       
     usb_it_handler                            2BDD     1EF     495       6   .text       
- VARIABLES:
     usb_current_config                         10B       1       1       2   .bss        
     usb_state                                  10C       1       1       4   .bss        
     new_address                                10D       1       1       4   .bss        
     ep_info                                    10E      6C     108     139   .bss        
MODULE:                 -- usb_cdc.c.o --
- PROCEDURES:
     usb_bus_error_event                       2DCC       1       1       1   .text       
     usb_suspend_event                         2DCD       1       1       1   .text       
     usb_wakeup_event                          2DCE       1       1       1   .text       
     usb_reset_event                           2DCF       1       1       1   .text       
     got_line_coding                           2DD0       8       8       1   .text       
     usb_ep0_callback                          2DD8      DF     223       1   .text       
     cdc_getch                                 2EB7      18      24       1   .text       
     cdc_kbhit                                 2ECF       F      15       1   .text       
     cdc_putch                                 2EDE      3A      58       4   .text       
     cdc_init                                  2F18      1A      26       1   .text       
     cdc_process                               2F32      D6     214       3   .text       
- VARIABLES:
     line_coding                                104       7       7       2   .data       
     rx_buffer                                  17A      20      32       2   .bss        
     rx_length                                  19A       1       1       7   .bss        
     rx_ndx                                     19B       1       1       7   .bss        
     cur_tx_buffer                              19C       2       2       6   .bss        
     tx_buffer1                                 19E      20      32       3   .bss        
     tx_buffer2                                 1BE      20      32       1   .bss        
     tx_ndx                                     1DE       1       1       6   .bss        
     new_line_coding                            1DF       1       1       2   .bss        
     ctrl_line_state                            1E0       1       1       1   .bss        
     uart_state                                 1E1       2       2       2   .bss        
MODULE:                 -- cdct_usb_config.c.o --
- PROCEDURES:
     get_device_descriptor                     3008       4       4       1   .text       
     is_cfgd_index                             300C       A      10       2   .text       
     get_cfg_descriptor                        3016       8       8       1   .text       
     is_str_index                              301E       9       9       1   .text       
     get_str_descriptor                        3027       8       8       2   .text       
     is_ifc_ndx                                302F      1A      26       1   .text       
     is_ep_ndx                                 3049      24      36       1   .text       
     get_ep_descriptor                         306D      27      39       1   .text       
     usb_cfg_init                              3094       3       3       1   .text       
- VARIABLES:
     string_descriptor0                        19F6       4       4       1   .rodata     
     str_manufacturer                          19FA      1A      26       1   .rodata     
     str_config                                1A14      2C      44       1   .rodata     
     str_interface1                            1A40       8       8       1   .rodata     
     str_interface2                            1A48      12      18       1   .rodata     
     str_serial_number                         1A5A       A      10       1   .rodata     
     str_product                               1A64      46      70       1   .rodata     
     usb_string_descriptors                    1AAA       E      14       1   .rodata     
     usb_device_descriptor                     1AB8      12      18       1   .rodata     
     usb_config_descriptor                     1ACA      43      67       4   .rodata     
MODULE:                 -- USB_man.c.o --
- PROCEDURES:
     ResetPkt_ndx                              3097      12      18       5   .text       
     USB_comm_init                             30A9      12      18       1   .text       
     USB_PktSend                               30BB      78     120       4   .text       
     USB_SendHello                             3133      3C      60       1   .text       
     ReadIntervento                            316F      37      55       1   .text       
     USB_SendTuttiInterventi                   31A6      84     132       1   .text       
     USB_comm_process                          322A     160     352       6   .text       
- VARIABLES:
     usbNumByteLen                              1E3       1       1       7   .bss        
     usbPayloadLen                              1E4       1       1       5   .bss        
     usbrxar                                    1E5      20      32       7   .bss        
     usbrxar_ndx                                205       1       1       7   .bss        
     _USB_flags1                                206       1       1       3   .bss        
MODULE:                 -- target.c.o --
- PROCEDURES:
     _irq_restore                              338A       B      11       4   .text       
     _irq_disable                              3395       A      10       3   .text       
- VARIABLES:

*********************************************************************************************
MODULE STATISTIC
  Name                                      Data   Code  Const
---------------------------------------------------------------------------------------------
  Agrinet_pump_main.c.o                      438    874      0
  RTSHC08.C.o (ansiis.lib)                     0    376      0
  STDLIB.C.o (ansiis.lib)                      4      9      0
  STRING.C.o (ansiis.lib)                      0     61      0
  Start08.c.o                                  0    132      0
  isr_vectors.c.o                              0      5     53
  MC9S08JM60.C.o                             173      0      0
  usb.c.o                                    111   3474      0
  usb_cdc.c.o                                112    572      0
  cdct_usb_config.c.o                          0    143    279
  USB_man.c.o                                 36    755      0
  target.c.o                                   0     21      0
  other                                       81     20     14

*********************************************************************************************
SECTION USE IN OBJECT-ALLOCATION SECTION
---------------------------------------------------------------------------------------------
SECTION: ".text"
  lettura_allarme condizioni_iniziali main _PUSH_ARGS_L _ENTER_BINARY_L 
  _LSUB_k_is_k_minus_j _LCMP_k_rel_j _IMUL_STAR08 _ICMP _LSUB _LCMP _COPY 
  _POP32 _Jump_Table_Header_Addr _Jump_Table_Header_Offset _PUSH_CC _POP_CC 
  srand memcpy UnimplementedISR usb_get_done usb_ep_is_busy usb_get_state 
  usb_ep_error ep2bdtndx usb_get_rx_pptr send_zero_packet usb_init usb_setup_ep 
  set_config enter_default_state usb_stop_ep_tx usb_stop_ep_rx ready_ep_tx 
  ready_ep_rx disable_ep _usb_send usb_send _usb_receive usb_receive 
  cb_set_address usb_stm_ctrl0 usb_it_handler usb_bus_error_event 
  usb_suspend_event usb_wakeup_event usb_reset_event got_line_coding 
  usb_ep0_callback cdc_getch cdc_kbhit cdc_putch cdc_init cdc_process 
  get_device_descriptor is_cfgd_index get_cfg_descriptor is_str_index 
  get_str_descriptor is_ifc_ndx is_ep_ndx get_ep_descriptor usb_cfg_init 
  ResetPkt_ndx USB_comm_init USB_PktSend USB_SendHello ReadIntervento 
  USB_SendTuttiInterventi USB_comm_process _irq_restore _irq_disable 
SECTION: ".data"
  seed line_coding 
SECTION: ".bss"
  usb_current_config usb_state new_address ep_info rx_buffer rx_length rx_ndx 
  cur_tx_buffer tx_buffer1 tx_buffer2 tx_ndx new_line_coding ctrl_line_state 
  uart_state usbNumByteLen usbPayloadLen usbrxar usbrxar_ndx _USB_flags1 
SECTION: ".init"
  loadByte Init _Startup 
SECTION: ".rodata"
  string_descriptor0 str_manufacturer str_config str_interface1 str_interface2 
  str_serial_number str_product usb_string_descriptors usb_device_descriptor 
  usb_config_descriptor 
SECTION: ".common"
  buffer_USB timer_reset_display cursore_menu funzioni_avanzate 
  comando_display contatore_display contatore_AD start salita_start stop 
  salita_stop toggle_stop func salita_func toggle_func meno salita_meno piu 
  salita_piu remoto salita_remoto intervento_allarme prima_accensione 
  attesa_invio relais_alimentazione relais_avviamento precedente_segnalazione 
  timer_eccitazione_relais timer_rinfresco_display timer_riavviamento 
  timer_attesa_squilibrio timer_attesa_tensione timer_mandata_chiusa 
  timer_attesa_secco timer_attesa_differenziale timer_commuta_presentazione 
  timer_aggiorna_misure timer_avviamento_monofase timer_lampeggio timer_20ms 
  timer_1s timer_10min timer_inc_dec timer_piu_meno timer_rilascio 
  offset_I1letta offset_I3letta offset_V12letta offset_V13letta offset_Idletta 
  delta_T quad_Id somma_quad_I1 somma_quad_I2 somma_quad_I3 somma_quad_V1 
  somma_quad_V2 somma_quad_V3 somma_potenzaI1xV1 somma_potenzaI2xV2 
  somma_potenzaI3xV3 somma_reattivaI1xV23 somma_reattivaI2xV31 
  somma_reattivaI3xV12 quad_I1 quad_I2 quad_I3 quad_V1 quad_V2 quad_V3 
  media_temperatura media_pressione media_quad_Id media_quad_I1 media_quad_I2 
  media_quad_I3 media_quad_V1 media_quad_V2 media_quad_V3 media_potenzaI1xV1 
  media_potenzaI2xV2 media_potenzaI3xV3 media_reattivaI1xV23 
  media_reattivaI2xV31 media_reattivaI3xV12 I1_rms I2_rms I3_rms V1_rms V2_rms 
  V3_rms potenzaI1xV1 potenzaI2xV2 potenzaI3xV3 reattivaI1xV23 reattivaI2xV31 
  reattivaI3xV12 PWM_relais potenza_media reattiva_media tensione_media 
  corrente_media picco_corrente_avviamento corrente_test dissimmetria 
  squilibrio registrazione indirizzo_scrivi_eeprom ultimo_indirizzo_scrittura 
  primo_indirizzo_lettura ultimo_indirizzo_lettura buffer_eeprom scrivi_eeprom 
  leggi_eeprom leggi_impostazioni salva_conta_secondi leggi_conta_secondi 
  precedente_lettura_allarme numero_ingresso allarme_in_lettura reset_default 
  abilita_reset pronto_alla_risposta 
SECTION: ".abs_section_ffbf"
  security 
SECTION: ".abs_section_ffca"
  _vect 
SECTION: ".abs_section_0"
  _PTAD 
SECTION: ".abs_section_1"
  _PTADD 
SECTION: ".abs_section_2"
  _PTBD 
SECTION: ".abs_section_3"
  _PTBDD 
SECTION: ".abs_section_4"
  _PTCD 
SECTION: ".abs_section_5"
  _PTCDD 
SECTION: ".abs_section_6"
  _PTDD 
SECTION: ".abs_section_7"
  _PTDDD 
SECTION: ".abs_section_8"
  _PTED 
SECTION: ".abs_section_9"
  _PTEDD 
SECTION: ".abs_section_a"
  _PTFD 
SECTION: ".abs_section_b"
  _PTFDD 
SECTION: ".abs_section_c"
  _PTGD 
SECTION: ".abs_section_d"
  _PTGDD 
SECTION: ".abs_section_e"
  _ACMPSC 
SECTION: ".abs_section_10"
  _ADCSC1 
SECTION: ".abs_section_11"
  _ADCSC2 
SECTION: ".abs_section_16"
  _ADCCFG 
SECTION: ".abs_section_17"
  _APCTL1 
SECTION: ".abs_section_18"
  _APCTL2 
SECTION: ".abs_section_1b"
  _IRQSC 
SECTION: ".abs_section_1c"
  _KBISC 
SECTION: ".abs_section_1d"
  _KBIPE 
SECTION: ".abs_section_1e"
  _KBIES 
SECTION: ".abs_section_20"
  _TPM1SC 
SECTION: ".abs_section_25"
  _TPM1C0SC 
SECTION: ".abs_section_28"
  _TPM1C1SC 
SECTION: ".abs_section_2b"
  _TPM1C2SC 
SECTION: ".abs_section_2e"
  _TPM1C3SC 
SECTION: ".abs_section_31"
  _TPM1C4SC 
SECTION: ".abs_section_34"
  _TPM1C5SC 
SECTION: ".abs_section_3a"
  _SCI1C1 
SECTION: ".abs_section_3b"
  _SCI1C2 
SECTION: ".abs_section_3c"
  _SCI1S1 
SECTION: ".abs_section_3d"
  _SCI1S2 
SECTION: ".abs_section_3e"
  _SCI1C3 
SECTION: ".abs_section_3f"
  _SCI1D 
SECTION: ".abs_section_42"
  _SCI2C1 
SECTION: ".abs_section_43"
  _SCI2C2 
SECTION: ".abs_section_44"
  _SCI2S1 
SECTION: ".abs_section_45"
  _SCI2S2 
SECTION: ".abs_section_46"
  _SCI2C3 
SECTION: ".abs_section_47"
  _SCI2D 
SECTION: ".abs_section_48"
  _MCGC1 
SECTION: ".abs_section_49"
  _MCGC2 
SECTION: ".abs_section_4a"
  _MCGTRM 
SECTION: ".abs_section_4b"
  _MCGSC 
SECTION: ".abs_section_4c"
  _MCGC3 
SECTION: ".abs_section_4d"
  _MCGT 
SECTION: ".abs_section_50"
  _SPI1C1 
SECTION: ".abs_section_51"
  _SPI1C2 
SECTION: ".abs_section_52"
  _SPI1BR 
SECTION: ".abs_section_53"
  _SPI1S 
SECTION: ".abs_section_58"
  _IICA 
SECTION: ".abs_section_59"
  _IICF 
SECTION: ".abs_section_5a"
  _IICC1 
SECTION: ".abs_section_5b"
  _IICS 
SECTION: ".abs_section_5c"
  _IICD 
SECTION: ".abs_section_5d"
  _IICC2 
SECTION: ".abs_section_60"
  _TPM2SC 
SECTION: ".abs_section_65"
  _TPM2C0SC 
SECTION: ".abs_section_68"
  _TPM2C1SC 
SECTION: ".abs_section_6c"
  _RTCSC 
SECTION: ".abs_section_6d"
  _RTCCNT 
SECTION: ".abs_section_6e"
  _RTCMOD 
SECTION: ".abs_section_70"
  _SPI2C1 
SECTION: ".abs_section_71"
  _SPI2C2 
SECTION: ".abs_section_72"
  _SPI2BR 
SECTION: ".abs_section_73"
  _SPI2S 
SECTION: ".abs_section_80"
  _USBCTL0 
SECTION: ".abs_section_88"
  _PERID 
SECTION: ".abs_section_89"
  _IDCOMP 
SECTION: ".abs_section_8a"
  _REV 
SECTION: ".abs_section_90"
  _INTSTAT 
SECTION: ".abs_section_91"
  _INTENB 
SECTION: ".abs_section_92"
  _ERRSTAT 
SECTION: ".abs_section_93"
  _ERRENB 
SECTION: ".abs_section_94"
  _STAT 
SECTION: ".abs_section_95"
  _CTL 
SECTION: ".abs_section_96"
  _ADDR 
SECTION: ".abs_section_97"
  _FRMNUML 
SECTION: ".abs_section_98"
  _FRMNUMH 
SECTION: ".abs_section_9d"
  _EPCTL0 
SECTION: ".abs_section_9e"
  _EPCTL1 
SECTION: ".abs_section_9f"
  _EPCTL2 
SECTION: ".abs_section_a0"
  _EPCTL3 
SECTION: ".abs_section_a1"
  _EPCTL4 
SECTION: ".abs_section_a2"
  _EPCTL5 
SECTION: ".abs_section_a3"
  _EPCTL6 
SECTION: ".abs_section_1800"
  _SRS 
SECTION: ".abs_section_1801"
  _SBDFR 
SECTION: ".abs_section_1802"
  _SOPT1 
SECTION: ".abs_section_1803"
  _SOPT2 
SECTION: ".abs_section_1809"
  _SPMSC1 
SECTION: ".abs_section_180a"
  _SPMSC2 
SECTION: ".abs_section_1816"
  _DBGC 
SECTION: ".abs_section_1817"
  _DBGT 
SECTION: ".abs_section_1818"
  _DBGS 
SECTION: ".abs_section_1820"
  _FCDIV 
SECTION: ".abs_section_1821"
  _FOPT 
SECTION: ".abs_section_1823"
  _FCNFG 
SECTION: ".abs_section_1824"
  _FPROT 
SECTION: ".abs_section_1825"
  _FSTAT 
SECTION: ".abs_section_1826"
  _FCMD 
SECTION: ".abs_section_1840"
  _PTAPE 
SECTION: ".abs_section_1841"
  _PTASE 
SECTION: ".abs_section_1842"
  _PTADS 
SECTION: ".abs_section_1844"
  _PTBPE 
SECTION: ".abs_section_1845"
  _PTBSE 
SECTION: ".abs_section_1846"
  _PTBDS 
SECTION: ".abs_section_1848"
  _PTCPE 
SECTION: ".abs_section_1849"
  _PTCSE 
SECTION: ".abs_section_184a"
  _PTCDS 
SECTION: ".abs_section_184c"
  _PTDPE 
SECTION: ".abs_section_184d"
  _PTDSE 
SECTION: ".abs_section_184e"
  _PTDDS 
SECTION: ".abs_section_1850"
  _PTEPE 
SECTION: ".abs_section_1851"
  _PTESE 
SECTION: ".abs_section_1852"
  _PTEDS 
SECTION: ".abs_section_1854"
  _PTFPE 
SECTION: ".abs_section_1855"
  _PTFSE 
SECTION: ".abs_section_1856"
  _PTFDS 
SECTION: ".abs_section_1858"
  _PTGPE 
SECTION: ".abs_section_1859"
  _PTGSE 
SECTION: ".abs_section_185a"
  _PTGDS 
SECTION: ".abs_section_12"
  _ADCR 
SECTION: ".abs_section_14"
  _ADCCV 
SECTION: ".abs_section_21"
  _TPM1CNT 
SECTION: ".abs_section_23"
  _TPM1MOD 
SECTION: ".abs_section_26"
  _TPM1C0V 
SECTION: ".abs_section_29"
  _TPM1C1V 
SECTION: ".abs_section_2c"
  _TPM1C2V 
SECTION: ".abs_section_2f"
  _TPM1C3V 
SECTION: ".abs_section_32"
  _TPM1C4V 
SECTION: ".abs_section_35"
  _TPM1C5V 
SECTION: ".abs_section_38"
  _SCI1BD 
SECTION: ".abs_section_40"
  _SCI2BD 
SECTION: ".abs_section_54"
  _SPI1D16 
SECTION: ".abs_section_56"
  _SPI1M 
SECTION: ".abs_section_61"
  _TPM2CNT 
SECTION: ".abs_section_63"
  _TPM2MOD 
SECTION: ".abs_section_66"
  _TPM2C0V 
SECTION: ".abs_section_69"
  _TPM2C1V 
SECTION: ".abs_section_74"
  _SPI2D16 
SECTION: ".abs_section_76"
  _SPI2M 
SECTION: ".abs_section_1806"
  _SDID 
SECTION: ".abs_section_1810"
  _DBGCA 
SECTION: ".abs_section_1812"
  _DBGCB 
SECTION: ".abs_section_1814"
  _DBGF 

*********************************************************************************************
OBJECT LIST SORTED BY ADDRESS
     Name                                      Addr   hSize   dSize     Ref    Section   RLIB
---------------------------------------------------------------------------------------------
     _PTAD                                        0       1       1       1   .abs_section_0
     _PTADD                                       1       1       1       1   .abs_section_1
     _PTBD                                        2       1       1       1   .abs_section_2
     _PTBDD                                       3       1       1       1   .abs_section_3
     _PTCD                                        4       1       1       1   .abs_section_4
     _PTCDD                                       5       1       1       1   .abs_section_5
     _PTDD                                        6       1       1       1   .abs_section_6
     _PTDDD                                       7       1       1       1   .abs_section_7
     _PTED                                        8       1       1       2   .abs_section_8
     _PTEDD                                       9       1       1       1   .abs_section_9
     _PTFD                                        A       1       1       1   .abs_section_a
     _PTFDD                                       B       1       1       1   .abs_section_b
     _PTGD                                        C       1       1       1   .abs_section_c
     _PTGDD                                       D       1       1       1   .abs_section_d
     _ACMPSC                                      E       1       1       0   .abs_section_e
     _ADCSC1                                     10       1       1       1   .abs_section_10
     _ADCSC2                                     11       1       1       0   .abs_section_11
     _ADCR                                       12       2       2       0   .abs_section_12
     _ADCCV                                      14       2       2       2   .abs_section_14
     _ADCCFG                                     16       1       1       1   .abs_section_16
     _APCTL1                                     17       1       1       1   .abs_section_17
     _APCTL2                                     18       1       1       1   .abs_section_18
     _IRQSC                                      1B       1       1       0   .abs_section_1b
     _KBISC                                      1C       1       1       0   .abs_section_1c
     _KBIPE                                      1D       1       1       0   .abs_section_1d
     _KBIES                                      1E       1       1       0   .abs_section_1e
     _TPM1SC                                     20       1       1       0   .abs_section_20
     _TPM1CNT                                    21       2       2       1   .abs_section_21
     _TPM1MOD                                    23       2       2       1   .abs_section_23
     _TPM1C0SC                                   25       1       1       0   .abs_section_25
     _TPM1C0V                                    26       2       2       0   .abs_section_26
     _TPM1C1SC                                   28       1       1       0   .abs_section_28
     _TPM1C1V                                    29       2       2       0   .abs_section_29
     _TPM1C2SC                                   2B       1       1       1   .abs_section_2b
     _TPM1C2V                                    2C       2       2       1   .abs_section_2c
     _TPM1C3SC                                   2E       1       1       1   .abs_section_2e
     _TPM1C3V                                    2F       2       2       1   .abs_section_2f
     _TPM1C4SC                                   31       1       1       1   .abs_section_31
     _TPM1C4V                                    32       2       2       1   .abs_section_32
     _TPM1C5SC                                   34       1       1       1   .abs_section_34
     _TPM1C5V                                    35       2       2       1   .abs_section_35
     _SCI1BD                                     38       2       2       0   .abs_section_38
     _SCI1C1                                     3A       1       1       0   .abs_section_3a
     _SCI1C2                                     3B       1       1       0   .abs_section_3b
     _SCI1S1                                     3C       1       1       0   .abs_section_3c
     _SCI1S2                                     3D       1       1       0   .abs_section_3d
     _SCI1C3                                     3E       1       1       0   .abs_section_3e
     _SCI1D                                      3F       1       1       0   .abs_section_3f
     _SCI2BD                                     40       2       2       0   .abs_section_40
     _SCI2C1                                     42       1       1       0   .abs_section_42
     _SCI2C2                                     43       1       1       0   .abs_section_43
     _SCI2S1                                     44       1       1       0   .abs_section_44
     _SCI2S2                                     45       1       1       0   .abs_section_45
     _SCI2C3                                     46       1       1       0   .abs_section_46
     _SCI2D                                      47       1       1       0   .abs_section_47
     _MCGC1                                      48       1       1       1   .abs_section_48
     _MCGC2                                      49       1       1       1   .abs_section_49
     _MCGTRM                                     4A       1       1       0   .abs_section_4a
     _MCGSC                                      4B       1       1       1   .abs_section_4b
     _MCGC3                                      4C       1       1       1   .abs_section_4c
     _MCGT                                       4D       1       1       0   .abs_section_4d
     _SPI1C1                                     50       1       1       0   .abs_section_50
     _SPI1C2                                     51       1       1       1   .abs_section_51
     _SPI1BR                                     52       1       1       1   .abs_section_52
     _SPI1S                                      53       1       1       1   .abs_section_53
     _SPI1D16                                    54       2       2       2   .abs_section_54
     _SPI1M                                      56       2       2       0   .abs_section_56
     _IICA                                       58       1       1       0   .abs_section_58
     _IICF                                       59       1       1       0   .abs_section_59
     _IICC1                                      5A       1       1       0   .abs_section_5a
     _IICS                                       5B       1       1       0   .abs_section_5b
     _IICD                                       5C       1       1       0   .abs_section_5c
     _IICC2                                      5D       1       1       0   .abs_section_5d
     _TPM2SC                                     60       1       1       0   .abs_section_60
     _TPM2CNT                                    61       2       2       1   .abs_section_61
     _TPM2MOD                                    63       2       2       1   .abs_section_63
     _TPM2C0SC                                   65       1       1       1   .abs_section_65
     _TPM2C0V                                    66       2       2       1   .abs_section_66
     _TPM2C1SC                                   68       1       1       1   .abs_section_68
     _TPM2C1V                                    69       2       2       1   .abs_section_69
     _RTCSC                                      6C       1       1       0   .abs_section_6c
     _RTCCNT                                     6D       1       1       0   .abs_section_6d
     _RTCMOD                                     6E       1       1       0   .abs_section_6e
     _SPI2C1                                     70       1       1       0   .abs_section_70
     _SPI2C2                                     71       1       1       0   .abs_section_71
     _SPI2BR                                     72       1       1       0   .abs_section_72
     _SPI2S                                      73       1       1       0   .abs_section_73
     _SPI2D16                                    74       2       2       0   .abs_section_74
     _SPI2M                                      76       2       2       0   .abs_section_76
     _USBCTL0                                    80       1       1       4   .abs_section_80
     _PERID                                      88       1       1       2   .abs_section_88
     _IDCOMP                                     89       1       1       1   .abs_section_89
     _REV                                        8A       1       1       0   .abs_section_8a
     _INTSTAT                                    90       1       1      10   .abs_section_90
     _INTENB                                     91       1       1       7   .abs_section_91
     _ERRSTAT                                    92       1       1       0   .abs_section_92
     _ERRENB                                     93       1       1       1   .abs_section_93
     _STAT                                       94       1       1       3   .abs_section_94
     _CTL                                        95       1       1       6   .abs_section_95
     _ADDR                                       96       1       1       2   .abs_section_96
     _FRMNUML                                    97       1       1       0   .abs_section_97
     _FRMNUMH                                    98       1       1       0   .abs_section_98
     _EPCTL0                                     9D       1       1       8   .abs_section_9d
     _EPCTL1                                     9E       1       1       2   .abs_section_9e
     _EPCTL2                                     9F       1       1       0   .abs_section_9f
     _EPCTL3                                     A0       1       1       0   .abs_section_a0
     _EPCTL4                                     A1       1       1       0   .abs_section_a1
     _EPCTL5                                     A2       1       1       0   .abs_section_a2
     _EPCTL6                                     A3       1       1       0   .abs_section_a3
     seed                                       100       4       4       2   .data       
     line_coding                                104       7       7       2   .data       
     usb_current_config                         10B       1       1       2   .bss        
     usb_state                                  10C       1       1       4   .bss        
     new_address                                10D       1       1       4   .bss        
     ep_info                                    10E      6C     108     139   .bss        
     rx_buffer                                  17A      20      32       2   .bss        
     rx_length                                  19A       1       1       7   .bss        
     rx_ndx                                     19B       1       1       7   .bss        
     cur_tx_buffer                              19C       2       2       6   .bss        
     tx_buffer1                                 19E      20      32       3   .bss        
     tx_buffer2                                 1BE      20      32       1   .bss        
     tx_ndx                                     1DE       1       1       6   .bss        
     new_line_coding                            1DF       1       1       2   .bss        
     ctrl_line_state                            1E0       1       1       1   .bss        
     uart_state                                 1E1       2       2       2   .bss        
     usbNumByteLen                              1E3       1       1       7   .bss        
     usbPayloadLen                              1E4       1       1       5   .bss        
     usbrxar                                    1E5      20      32       7   .bss        
     usbrxar_ndx                                205       1       1       7   .bss        
     _USB_flags1                                206       1       1       3   .bss        
     buffer_USB                                 207      20      32       2   .common     
     timer_reset_display                        227       1       1       1   .common     
     cursore_menu                               228       1       1       1   .common     
     funzioni_avanzate                          229       1       1       1   .common     
     comando_display                            22A       1       1       1   .common     
     contatore_display                          22B       1       1       1   .common     
     contatore_AD                               22C       1       1       1   .common     
     start                                      22D       1       1       1   .common     
     salita_start                               22E       1       1       1   .common     
     stop                                       22F       1       1       1   .common     
     salita_stop                                230       1       1       1   .common     
     toggle_stop                                231       1       1       1   .common     
     func                                       232       1       1       1   .common     
     salita_func                                233       1       1       1   .common     
     toggle_func                                234       1       1       1   .common     
     meno                                       235       1       1       1   .common     
     salita_meno                                236       1       1       1   .common     
     piu                                        237       1       1       1   .common     
     salita_piu                                 238       1       1       1   .common     
     remoto                                     239       1       1       1   .common     
     salita_remoto                              23A       1       1       1   .common     
     intervento_allarme                         23B       1       1       1   .common     
     prima_accensione                           23C       1       1       1   .common     
     attesa_invio                               23D       1       1       4   .common     
     relais_alimentazione                       23E       1       1       1   .common     
     relais_avviamento                          23F       1       1       1   .common     
     precedente_segnalazione                    240       1       1       1   .common     
     timer_eccitazione_relais                   241       2       2       1   .common     
     timer_rinfresco_display                    243       2       2       1   .common     
     timer_riavviamento                         245       2       2       1   .common     
     timer_attesa_squilibrio                    247       2       2       1   .common     
     timer_attesa_tensione                      249       2       2       1   .common     
     timer_mandata_chiusa                       24B       2       2       1   .common     
     timer_attesa_secco                         24D       2       2       1   .common     
     timer_attesa_differenziale                 24F       2       2       1   .common     
     timer_commuta_presentazione                251       2       2       1   .common     
     timer_aggiorna_misure                      253       2       2       1   .common     
     timer_avviamento_monofase                  255       2       2       1   .common     
     timer_lampeggio                            257       2       2       1   .common     
     timer_20ms                                 259       2       2       1   .common     
     timer_1s                                   25B       2       2       1   .common     
     timer_10min                                25D       2       2       1   .common     
     timer_inc_dec                              25F       2       2       1   .common     
     timer_piu_meno                             261       2       2       1   .common     
     timer_rilascio                             263       2       2       2   .common     
[...]
  protezione_termica disinserzione_condensatore_avviamento 
  condizioni_di_allarme 
RTSHC08.C.o (ansiis.lib):
  _PUSH_ARGS_D _ENTER_UNARY_L _ENTER_UNARY_L64 _ENTER_UNARY_L64_4 
  _ENTER_BINARY_L_RC _ENTER_BINARY_L_LC _ENTER_BINARY_L64 _ENTER_BINARY_L64_LC 
  _ENTER_BINARY_L64_RC _IDIVMOD _SPLITSIGN _LADD_k_is_k_plus_j _k_is_k_plus_j_l 
  _k_is_k_plus_j_i _LAND_k_is_k_and_j _LOR_k_is_k_or_j _LXOR_k_is_k_xor_j 
  _LMUL_k_is_k_mul_j _LDIVMOD _NEG_L_HX _ABS_L_HX _SPLITSIGN_L 
  _LMODU_k_is_k_mod_j _LDIVU_k_is_k_div_j _LMODS_k_is_k_mod_j 
  _LDIVS_k_is_k_div_j _CMP24_k_rel_j _BMULS _BDIVS _BMODS _IDIVS_STAR08 
  _IDIVU_STAR08 _IMODS_STAR08 _IMODU_STAR08 _IDIVU_8 _IMODU_8 _IASR _ILSR _ILSL 
  _LINC _LDEC _LNEG _LNOT _LADD _LADD_RC _LSUB_LC _LSUB_RC _LAND _LAND_RC _LOR 
  _LOR_RC _LXOR _LXOR_RC _LMUL _LMUL_RC _LDIVS _LDIVS_LC _LDIVS_RC _LDIVU 
  _LDIVU_LC _LDIVU_RC _LMODS _LMODS_LC _LMODS_RC _LMODU _LMODU_LC _LMODU_RC 
  _LASR _LLSR _LLSL _LCMP_RC _CMP24 _CMP24_RC _COPY_L _POP64 _STORE32 _STORE64 
  _SEXT8_32 _SEXT16_32 _CALL_STAR08 _CALL_STAR08_FAR _Jump_Table_Addr 
  _Jump_Table_Offset _Search_Table_16_Addr _Search_Table_16_Offset 
  _Search_Table_8_Addr _Search_Table_8_Offset _CONV_FAR_TO_NEAR 
  _CONV_FAR_TO_LINEAR _CONV_LINEAR_TO_FAR 
STDLIB.C.o (ansiis.lib):
  atexit getenv system mblen mbtowc wctomb mbstowcs wcstombs CheckCharWithBase 
  _strtoul strtoul _strtol strtol _itoa bsearch swap qsort div ldiv abs labs 
  rand 
STRING.C.o (ansiis.lib):
  strerror memchr memcmp memcpy2 _memcpy_8bitCount memmove memset 
  _memset_clear_8bitCount strlen strset strcat strncat strcpy strncpy strcmp 
  strncmp strchr strrchr strspn strcspn strpbrk strstr strtok strcoll strxfrm 
usb.c.o:
  usb_stop usb_abort_ep 
usb_cdc.c.o:
  cdc_line_coding_changed cdc_get_line_coding 
USB_man.c.o:
  StartTimer isTimerStopped print USB_time_sw 
NOT USED VARIABLES
Agrinet_pump_main.c.o:
  presentazione_iniziale dati_presentati_in_ON lettura_allarmi 
  presenta_monofase_trifase comando_reset comando_lingua abilita_avanzate 
  menu_principale comando_AD prepara delta_Tn fattore_portata durata_avviamento 
  inizio_lettura_I_avviamento tempo_eccitazione_relais chiave_ingresso 
  indirizzo_numero_serie indirizzo_conta_secondi_attivita dati_di_fabbrica 
  limiti_inferiori limiti_superiori alimentazione12V alimentazione8V seimila400 
  mille678 mille515 aumenta.1 set DAC display cifre I1 I3 V12 V13 Id V1 V2 V3 
  I2 tot_misure conta_secondi_attivita Id_rms indirizzo_leggi_eeprom 
  salvataggio_in_corso conta_dati_scrittura_eeprom fattore_I2xT 
  sovraccarico_moderato sovraccarico cosfi 
RTSHC08.C.o (ansiis.lib):
  _PowOfTwo_8 _PowOfTwo_16 _PowOfTwo_32 errno 
STDLIB.C.o (ansiis.lib):
  channels errno 
STRING.C.o (ansiis.lib):
  STRING..1 next.2 
USB_man.c.o:
  TimerUSB_1 

*********************************************************************************************
COPYDOWN SECTION
---------------------------------------------------------------------------------------------
------- ROM-ADDRESS: 0x339F ---- SIZE       4 ---
Filling bytes inserted
 00080103
------- ROM-ADDRESS: 0x33A3 ---- RAM-ADDRESS: 0x103 ---- SIZE       1 ---
Name of initialized Object : seed:3
 01
------- ROM-ADDRESS: 0x33A4 ---- SIZE       1 ---
Filling bytes inserted
 00
------- ROM-ADDRESS: 0x33A5 ---- RAM-ADDRESS: 0x105 ---- SIZE       6 ---
Name of initialized Object : line_coding:1
 C201000000 08
------- ROM-ADDRESS: 0x33AB ---- SIZE       2 ---
Filling bytes inserted
 0000

*********************************************************************************************
OBJECT-DEPENDENCIES SECTION
---------------------------------------------------------------------------------------------
Init                      USES _startupData loadByte 
_Startup                  USES __SEG_END_SSTACK Init main 
usb_string_descriptors    USES string_descriptor0 str_manufacturer str_product 
                                str_serial_number str_config str_interface1 str_interface2 
lettura_allarme           USES scrivi_eeprom leggi_eeprom attesa_invio 
                                allarme_in_lettura precedente_lettura_allarme 
                                primo_indirizzo_lettura ultimo_indirizzo_lettura _PTED _SPI1D16 
                                buffer_eeprom buffer_USB pronto_alla_risposta 
condizioni_iniziali       USES _MCGC1 _MCGC2 _MCGC3 _PTADD _PTAD _PTBDD _PTBD 
                                _APCTL1 _APCTL2 _ADCSC1 _ADCCFG _ADCCV _PTCDD _PTCD 
                                _PTDDD _PTDD _PTEDD _PTED _SPI1S _SPI1D16 _SPI1C2 
                                _SPI1BR _PTFDD _PTFD _TPM1C2SC _TPM1C3SC _TPM1C4SC 
                                _TPM1C5SC _TPM1MOD _TPM1C2V _TPM1C3V _TPM1C4V _TPM1C5V 
                                _TPM2C0SC _TPM2C1SC _TPM2MOD _TPM2C0V _TPM2C1V _TPM1CNT 
                                _TPM2CNT _PTGDD _PTGD offset_I1letta offset_I3letta 
                                offset_V12letta offset_V13letta offset_Idletta 
                                allarme_in_lettura precedente_lettura_allarme 
                                pronto_alla_risposta leggi_impostazioni salva_conta_secondi 
                                leggi_conta_secondi timer_20ms timer_1s timer_10min timer_rilascio 
                                timer_inc_dec timer_piu_meno timer_lampeggio 
                                timer_commuta_presentazione timer_aggiorna_misure 
                                timer_avviamento_monofase timer_attesa_squilibrio timer_attesa_tensione 
                                timer_mandata_chiusa timer_attesa_secco timer_attesa_differenziale 
                                timer_riavviamento timer_eccitazione_relais PWM_relais quad_Id 
                                somma_quad_I1 somma_quad_I2 somma_quad_I3 somma_quad_V1 
                                somma_quad_V2 somma_quad_V3 somma_potenzaI1xV1 
                                somma_potenzaI2xV2 somma_potenzaI3xV3 somma_reattivaI1xV23 
                                somma_reattivaI2xV31 somma_reattivaI3xV12 media_temperatura 
                                media_pressione quad_I1 quad_I2 quad_I3 quad_V1 quad_V2 
                                quad_V3 potenzaI1xV1 potenzaI2xV2 potenzaI3xV3 
                                reattivaI1xV23 reattivaI2xV31 reattivaI3xV12 media_quad_Id 
                                media_quad_I1 media_quad_I2 media_quad_I3 media_quad_V1 
                                media_quad_V2 media_quad_V3 media_potenzaI1xV1 
                                media_potenzaI2xV2 media_potenzaI3xV3 media_reattivaI1xV23 
                                media_reattivaI2xV31 media_reattivaI3xV12 delta_T I1_rms I2_rms 
                                I3_rms V1_rms V2_rms V3_rms attesa_invio 
                                intervento_allarme relais_alimentazione relais_avviamento 
                                contatore_display contatore_AD cursore_menu funzioni_avanzate 
                                numero_ingresso abilita_reset potenza_media reattiva_media 
                                tensione_media corrente_media picco_corrente_avviamento 
                                corrente_test dissimmetria squilibrio prima_accensione 
                                comando_display timer_reset_display timer_rinfresco_display 
                                registrazione precedente_segnalazione 
                                ultimo_indirizzo_scrittura indirizzo_scrivi_eeprom start salita_start 
                                stop salita_stop toggle_stop func salita_func 
                                toggle_func meno salita_meno piu salita_piu remoto 
                                salita_remoto reset_default 
main                      USES condizioni_iniziali _SOPT1 _irq_restore 
                                USB_comm_init _SRS USB_comm_process cdc_process 
_ENTER_BINARY_L           USES _PUSH_ARGS_L 
_LSUB                     USES _ENTER_BINARY_L _LSUB_k_is_k_minus_j 
_LCMP                     USES _ENTER_BINARY_L _LCMP_k_rel_j 
srand                     USES seed 
UnimplementedISR          USES _MCGSC 
usb_get_done              USES ep_info _LSUB _POP32 
usb_ep_is_busy            USES ep_info _PUSH_CC _POP_CC 
usb_get_state             USES usb_state 
usb_ep_error              USES ep_info 
usb_get_rx_pptr           USES ep2bdtndx 
send_zero_packet          USES _STAT ep2bdtndx ready_ep_tx 
usb_init                  USES _PERID _IDCOMP _USBCTL0 _INTSTAT _ERRENB 
                                _INTENB _CTL 
usb_setup_ep              USES disable_ep ep_info usb_setup_ep _EPCTL0 _CTL 
                                _IMUL_STAR08 
set_config                USES _CTL usb_current_config get_ep_descriptor 
                                usb_setup_ep is_ep_ndx is_ifc_ndx usb_state 
enter_default_state       USES usb_setup_ep set_config _ADDR _INTSTAT 
                                usb_state new_address _INTENB 
usb_stop_ep_tx            USES _irq_disable _EPCTL0 _EPCTL1 _irq_restore 
usb_stop_ep_rx            USES _irq_disable _EPCTL0 _EPCTL1 _irq_restore 
ready_ep_tx               USES ep2bdtndx ep_info _IMUL_STAR08 
ready_ep_rx               USES ep2bdtndx _IMUL_STAR08 ep_info 
disable_ep                USES _EPCTL0 
_usb_send                 USES ep_info _usb_send _LCMP ep2bdtndx ready_ep_tx 
                                _LSUB _POP32 send_zero_packet 
usb_send                  USES _LCMP ep_info _COPY _irq_disable _usb_send 
                                _irq_restore 
_usb_receive              USES ep2bdtndx _usb_receive _LCMP usb_stop_ep_rx 
                                ep_info _LSUB _POP32 
usb_receive               USES ep_info _COPY ready_ep_rx 
cb_set_address            USES new_address usb_state _ADDR enter_default_state 
usb_stm_ctrl0             USES usb_get_rx_pptr usb_stm_ctrl0 
                                _Jump_Table_Header_Addr new_address cb_set_address ep_info 
                                get_device_descriptor is_cfgd_index get_cfg_descriptor usb_send 
                                is_str_index get_str_descriptor usb_current_config 
                                set_config ep2bdtndx usb_ep0_callback 
usb_it_handler            USES _INTENB _INTSTAT enter_default_state 
                                usb_reset_event usb_it_handler usb_bus_error_event 
                                usb_wakeup_event usb_suspend_event _STAT ep_info 
                                _Jump_Table_Header_Offset _CTL usb_stm_ctrl0 usb_stop_ep_tx 
                                usb_stop_ep_rx _usb_send _usb_receive send_zero_packet 
                                ready_ep_rx 
got_line_coding           USES new_line_coding 
usb_ep0_callback          USES usb_get_rx_pptr uart_state line_coding usb_send 
                                got_line_coding usb_receive ctrl_line_state 
cdc_getch                 USES rx_length rx_ndx rx_buffer 
cdc_kbhit                 USES rx_ndx rx_length 
cdc_putch                 USES tx_ndx cur_tx_buffer cdc_process 
cdc_init                  USES new_line_coding uart_state tx_buffer1 
                                cur_tx_buffer tx_ndx rx_length rx_ndx 
cdc_process               USES usb_get_state cdc_process usb_ep_is_busy rx_ndx 
                                rx_length usb_ep_error usb_get_done rx_buffer 
                                usb_receive tx_ndx cur_tx_buffer usb_send tx_buffer1 
                                tx_buffer2 
get_device_descriptor     USES usb_device_descriptor 
get_cfg_descriptor        USES usb_config_descriptor 
get_str_descriptor        USES usb_string_descriptors 
get_ep_descriptor         USES usb_config_descriptor 
usb_cfg_init              USES usb_init 
ResetPkt_ndx              USES usbrxar_ndx usbPayloadLen usbNumByteLen 
                                _USB_flags1 
USB_comm_init             USES usb_cfg_init cdc_init usbrxar ResetPkt_ndx 
                                srand 
USB_PktSend               USES cdc_putch 
USB_SendHello             USES USB_PktSend 
ReadIntervento            USES allarme_in_lettura lettura_allarme buffer_USB 
USB_SendTuttiInterventi   USES ReadIntervento memcpy USB_PktSend 
USB_comm_process          USES USB_comm_process cdc_getch usbrxar_ndx usbrxar 
                                ResetPkt_ndx usbNumByteLen usbPayloadLen _ICMP _USB_flags1 
                                USB_SendHello USB_SendTuttiInterventi USB_PktSend cdc_kbhit 
_vect                     USES UnimplementedISR usb_it_handler 

*********************************************************************************************
DEPENDENCY TREE
*********************************************************************************************
 main and _Startup Group
 | 
 +- main                
 |  | 
 |  +- condizioni_iniziali 
 |  |    
 |  +- _irq_restore        
 |  |    
 |  +- USB_comm_init       
 |  |  | 
 |  |  +- usb_cfg_init        
 |  |  |  | 
 |  |  |  +- usb_init            
 |  |  |       
 |  |  +- cdc_init            
 |  |  |    
 |  |  +- ResetPkt_ndx        
 |  |  |    
 |  |  +- srand               
 |  |       
 |  +- USB_comm_process    
 |  |  | 
 |  |  +- cdc_getch           
 |  |  |    
 |  |  +- ResetPkt_ndx         (see above)
 |  |  |  
 |  |  +- _ICMP               
 |  |  |    
 |  |  +- USB_SendHello       
 |  |  |  | 
 |  |  |  +- USB_PktSend         
 |  |  |     | 
 |  |  |     +- cdc_putch           
 |  |  |        | 
 |  |  |        +- cdc_process         
 |  |  |           | 
 |  |  |           +- usb_get_state       
 |  |  |           |    
 |  |  |           +- usb_ep_is_busy      
 |  |  |           |  | 
 |  |  |           |  +- _PUSH_CC            
 |  |  |           |  |    
 |  |  |           |  +- _POP_CC             
 |  |  |           |       
 |  |  |           +- usb_ep_error        
 |  |  |           |    
 |  |  |           +- usb_get_done        
 |  |  |           |  | 
 |  |  |           |  +- _LSUB               
 |  |  |           |  |  | 
 |  |  |           |  |  +- _ENTER_BINARY_L     
 |  |  |           |  |  |  | 
 |  |  |           |  |  |  +- _PUSH_ARGS_L        
 |  |  |           |  |  |       
 |  |  |           |  |  +- _LSUB_k_is_k_minus_j
 |  |  |           |  |       
 |  |  |           |  +- _POP32              
 |  |  |           |       
 |  |  |           +- usb_receive         
 |  |  |           |  | 
 |  |  |           |  +- _COPY               
 |  |  |           |  |    
 |  |  |           |  +- ready_ep_rx         
 |  |  |           |     | 
 |  |  |           |     +- ep2bdtndx           
 |  |  |           |     |    
 |  |  |           |     +- _IMUL_STAR08        
 |  |  |           |          
 |  |  |           +- usb_send            
 |  |  |              | 
 |  |  |              +- _LCMP               
 |  |  |              |  | 
 |  |  |              |  +- _ENTER_BINARY_L      (see above)
 |  |  |              |  |  
 |  |  |              |  +- _LCMP_k_rel_j       
 |  |  |              |       
 |  |  |              +- _COPY                (see above)
 |  |  |              |  
 |  |  |              +- _irq_disable        
 |  |  |              |    
 |  |  |              +- _usb_send           
 |  |  |              |  | 
 |  |  |              |  +- _LCMP                (see above)
 |  |  |              |  |  
 |  |  |              |  +- ep2bdtndx            (see above)
 |  |  |              |  |  
 |  |  |              |  +- ready_ep_tx         
 |  |  |              |  |  | 
 |  |  |              |  |  +- ep2bdtndx            (see above)
 |  |  |              |  |  |  
 |  |  |              |  |  +- _IMUL_STAR08         (see above)
 |  |  |              |  |     
 |  |  |              |  +- _LSUB                (see above)
 |  |  |              |  |  
 |  |  |              |  +- _POP32               (see above)
 |  |  |              |  |  
 |  |  |              |  +- send_zero_packet    
 |  |  |              |     | 
 |  |  |              |     +- ep2bdtndx            (see above)
 |  |  |              |     |  
 |  |  |              |     +- ready_ep_tx          (see above)
 |  |  |              |        
 |  |  |              +- _irq_restore         (see above)
 |  |  |                 
 |  |  +- USB_SendTuttiInterventi
 |  |  |  | 
 |  |  |  +- ReadIntervento      
 |  |  |  |  | 
 |  |  |  |  +- lettura_allarme     
 |  |  |  |       
 |  |  |  +- memcpy              
 |  |  |  |    
 |  |  |  +- USB_PktSend          (see above)
 |  |  |     
 |  |  +- USB_PktSend          (see above)
 |  |  |  
 |  |  +- cdc_kbhit           
 |  |       
 |  +- cdc_process          (see above)
 |     
 +- _Startup            
    | 
    +- Init                
    |  | 
    |  +- loadByte            
    |       
    +- main                 (see above)
       
 _vect               
 | 
 +- UnimplementedISR    
 |    
 +- usb_it_handler      
    | 
    +- enter_default_state 
    |  | 
    |  +- usb_setup_ep        
    |  |  | 
    |  |  +- disable_ep          
    |  |  |    
    |  |  +- _IMUL_STAR08         (see above)
    |  |     
    |  +- set_config          
    |     | 
    |     +- get_ep_descriptor   
    |     |    
    |     +- usb_setup_ep         (see above)
    |     |  
    |     +- is_ep_ndx           
    |     |    
    |     +- is_ifc_ndx          
    |          
    +- usb_reset_event     
    |    
    +- usb_bus_error_event 
    |    
    +- usb_wakeup_event    
    |    
    +- usb_suspend_event   
    |    
    +- _Jump_Table_Header_Offset
    |    
    +- usb_stm_ctrl0       
    |  | 
    |  +- usb_get_rx_pptr     
    |  |  | 
    |  |  +- ep2bdtndx            (see above)
    |  |     
    |  +- _Jump_Table_Header_Addr
    |  |    
    |  +- cb_set_address      
    |  |  | 
    |  |  +- enter_default_state  (see above)
    |  |     
    |  +- get_device_descriptor
    |  |    
    |  +- is_cfgd_index       
    |  |    
    |  +- get_cfg_descriptor  
    |  |    
    |  +- usb_send             (see above)
    |  |  
    |  +- is_str_index        
    |  |    
    |  +- get_str_descriptor  
    |  |    
    |  +- set_config           (see above)
    |  |  
    |  +- ep2bdtndx            (see above)
    |  |  
    |  +- usb_ep0_callback    
    |     | 
    |     +- usb_get_rx_pptr      (see above)
    |     |  
    |     +- usb_send             (see above)
    |     |  
    |     +- got_line_coding     
    |     |    
    |     +- usb_receive          (see above)
    |        
    +- usb_stop_ep_tx      
    |  | 
    |  +- _irq_disable         (see above)
    |  |  
    |  +- _irq_restore         (see above)
    |     
    +- usb_stop_ep_rx      
    |  | 
    |  +- _irq_disable         (see above)
    |  |  
    |  +- _irq_restore         (see above)
    |     
    +- _usb_send            (see above)
    |  
    +- _usb_receive        
    |  | 
    |  +- ep2bdtndx            (see above)
    |  |  
    |  +- _LCMP                (see above)
    |  |  
    |  +- usb_stop_ep_rx       (see above)
    |  |  
    |  +- _LSUB                (see above)
    |  |  
    |  +- _POP32               (see above)
    |     
    +- send_zero_packet     (see above)
    |  
    +- ready_ep_rx          (see above)
       
*********************************************************************************************
STATISTIC SECTION
---------------------------------------------------------------------------------------------

ExeFile:
--------
Number of blocks to be downloaded: 6
Total size of all blocks to be downloaded: 6788

