
PROGRAM "D:\JMXX CMXUSB Lite Installer\CMXUSB_LITE_JMxx\usb-peripheral\projects\CodeWarrior\hc9S08jm60\cdc-terminal-demo\bin\Project.abs"

*********************************************************************************************
TARGET SECTION
---------------------------------------------------------------------------------------------
Processor   : Freescale HC08
Memory Model: SMALL
File Format : ELF\DWARF 2.0
Linker      : SmartLinker V-5.0.30 Build 7285, Oct 13 2007

*********************************************************************************************
FILE SECTION
---------------------------------------------------------------------------------------------
RTSHC08.C.o (ansiis.lib)                Model: SMALL,         Lang: ANSI-C
MC9S08JM60.C.o                          Model: SMALL,         Lang: ANSI-C
Start08.c.o                             Model: SMALL,         Lang: ANSI-C
target.c.o                              Model: SMALL,         Lang: ANSI-C
usb.c.o                                 Model: SMALL,         Lang: ANSI-C
hcc_terminal.c.o                        Model: SMALL,         Lang: ANSI-C
cdc_main.c.o                            Model: SMALL,         Lang: ANSI-C
cdct_usb_config.c.o                     Model: SMALL,         Lang: ANSI-C
usb_cdc.c.o                             Model: SMALL,         Lang: ANSI-C

*********************************************************************************************
STARTUP SECTION
---------------------------------------------------------------------------------------------
Entry point: 0x19DB (_Startup)
_startupData is allocated at 0x19E4 and uses 6 Bytes
extern struct _tagStartup {
  unsigned nofZeroOut     1
  _Range   pZeroOut       0x100     285
  _Copy    *toCopyDownBeg 0x3023
} _startupData;

*********************************************************************************************
SECTION-ALLOCATION SECTION
Section Name                    Size  Type     From       To       Segment
---------------------------------------------------------------------------------------------
.data                              7   R/W      0x100      0x106   RAM
.init                            132     R     0x1960     0x19E3   ROM
.startData                        18     R     0x19E4     0x19F5   ROM
.rodata                          291     R     0x19F6     0x1B18   ROM
.rodata1                         174     R     0x1B19     0x1BC6   ROM
.text                           5212     R     0x1BC7     0x3022   ROM
.copy                             12     R     0x3023     0x302E   ROM
.abs_section_0                     1   N/I        0x0        0x0   .absSeg0
.abs_section_1                     1   N/I        0x1        0x1   .absSeg1
.abs_section_2                     1   N/I        0x2        0x2   .absSeg2
.abs_section_3                     1   N/I        0x3        0x3   .absSeg3
.abs_section_4                     1   N/I        0x4        0x4   .absSeg4
.abs_section_5                     1   N/I        0x5        0x5   .absSeg5
.abs_section_6                     1   N/I        0x6        0x6   .absSeg6
.abs_section_7                     1   N/I        0x7        0x7   .absSeg7
.abs_section_8                     1   N/I        0x8        0x8   .absSeg8
.abs_section_9                     1   N/I        0x9        0x9   .absSeg9
.abs_section_a                     1   N/I        0xA        0xA   .absSeg10
.abs_section_b                     1   N/I        0xB        0xB   .absSeg11
.abs_section_c                     1   N/I        0xC        0xC   .absSeg12
.abs_section_d                     1   N/I        0xD        0xD   .absSeg13
.abs_section_e                     1   N/I        0xE        0xE   .absSeg14
.abs_section_10                    1   N/I       0x10       0x10   .absSeg15
.abs_section_11                    1   N/I       0x11       0x11   .absSeg16
.abs_section_16                    1   N/I       0x16       0x16   .absSeg17
.abs_section_17                    1   N/I       0x17       0x17   .absSeg18
.abs_section_18                    1   N/I       0x18       0x18   .absSeg19
.abs_section_1b                    1   N/I       0x1B       0x1B   .absSeg20
.abs_section_1c                    1   N/I       0x1C       0x1C   .absSeg21
.abs_section_1d                    1   N/I       0x1D       0x1D   .absSeg22
.abs_section_1e                    1   N/I       0x1E       0x1E   .absSeg23
.abs_section_20                    1   N/I       0x20       0x20   .absSeg24
.abs_section_25                    1   N/I       0x25       0x25   .absSeg25
.abs_section_28                    1   N/I       0x28       0x28   .absSeg26
.abs_section_2b                    1   N/I       0x2B       0x2B   .absSeg27
.abs_section_2e                    1   N/I       0x2E       0x2E   .absSeg28
.abs_section_31                    1   N/I       0x31       0x31   .absSeg29
.abs_section_34                    1   N/I       0x34       0x34   .absSeg30
.abs_section_3a                    1   N/I       0x3A       0x3A   .absSeg31
.abs_section_3b                    1   N/I       0x3B       0x3B   .absSeg32
.abs_section_3c                    1   N/I       0x3C       0x3C   .absSeg33
.abs_section_3d                    1   N/I       0x3D       0x3D   .absSeg34
.abs_section_3e                    1   N/I       0x3E       0x3E   .absSeg35
.abs_section_3f                    1   N/I       0x3F       0x3F   .absSeg36
.abs_section_42                    1   N/I       0x42       0x42   .absSeg37
.abs_section_43                    1   N/I       0x43       0x43   .absSeg38
.abs_section_44                    1   N/I       0x44       0x44   .absSeg39
.abs_section_45                    1   N/I       0x45       0x45   .absSeg40
.abs_section_46                    1   N/I       0x46       0x46   .absSeg41
.abs_section_47                    1   N/I       0x47       0x47   .absSeg42
.abs_section_48                    1   N/I       0x48       0x48   .absSeg43
.abs_section_49                    1   N/I       0x49       0x49   .absSeg44
.abs_section_4a                    1   N/I       0x4A       0x4A   .absSeg45
.abs_section_4b                    1   N/I       0x4B       0x4B   .absSeg46
.abs_section_4c                    1   N/I       0x4C       0x4C   .absSeg47
.abs_section_4d                    1   N/I       0x4D       0x4D   .absSeg48
.abs_section_50                    1   N/I       0x50       0x50   .absSeg49
.abs_section_51                    1   N/I       0x51       0x51   .absSeg50
.abs_section_52                    1   N/I       0x52       0x52   .absSeg51
.abs_section_53                    1   N/I       0x53       0x53   .absSeg52
.abs_section_58                    1   N/I       0x58       0x58   .absSeg53
.abs_section_59                    1   N/I       0x59       0x59   .absSeg54
.abs_section_5a                    1   N/I       0x5A       0x5A   .absSeg55
.abs_section_5b                    1   N/I       0x5B       0x5B   .absSeg56
.abs_section_5c                    1   N/I       0x5C       0x5C   .absSeg57
.abs_section_5d                    1   N/I       0x5D       0x5D   .absSeg58
.abs_section_60                    1   N/I       0x60       0x60   .absSeg59
.abs_section_65                    1   N/I       0x65       0x65   .absSeg60
.abs_section_68                    1   N/I       0x68       0x68   .absSeg61
.abs_section_6c                    1   N/I       0x6C       0x6C   .absSeg62
.abs_section_6d                    1   N/I       0x6D       0x6D   .absSeg63
.abs_section_6e                    1   N/I       0x6E       0x6E   .absSeg64
.abs_section_70                    1   N/I       0x70       0x70   .absSeg65
.abs_section_71                    1   N/I       0x71       0x71   .absSeg66
.abs_section_72                    1   N/I       0x72       0x72   .absSeg67
.abs_section_73                    1   N/I       0x73       0x73   .absSeg68
.abs_section_80                    1   N/I       0x80       0x80   .absSeg69
.abs_section_88                    1   N/I       0x88       0x88   .absSeg70
.abs_section_89                    1   N/I       0x89       0x89   .absSeg71
.abs_section_8a                    1   N/I       0x8A       0x8A   .absSeg72
.abs_section_90                    1   N/I       0x90       0x90   .absSeg73
.abs_section_91                    1   N/I       0x91       0x91   .absSeg74
.abs_section_92                    1   N/I       0x92       0x92   .absSeg75
.abs_section_93                    1   N/I       0x93       0x93   .absSeg76
.abs_section_94                    1   N/I       0x94       0x94   .absSeg77
.abs_section_95                    1   N/I       0x95       0x95   .absSeg78
.abs_section_96                    1   N/I       0x96       0x96   .absSeg79
.abs_section_97                    1   N/I       0x97       0x97   .absSeg80
.abs_section_98                    1   N/I       0x98       0x98   .absSeg81
.abs_section_9d                    1   N/I       0x9D       0x9D   .absSeg82
.abs_section_9e                    1   N/I       0x9E       0x9E   .absSeg83
.abs_section_9f                    1   N/I       0x9F       0x9F   .absSeg84
.abs_section_a0                    1   N/I       0xA0       0xA0   .absSeg85
.abs_section_a1                    1   N/I       0xA1       0xA1   .absSeg86
.abs_section_a2                    1   N/I       0xA2       0xA2   .absSeg87
.abs_section_a3                    1   N/I       0xA3       0xA3   .absSeg88
.abs_section_1800                  1   N/I     0x1800     0x1800   .absSeg89
.abs_section_1801                  1   N/I     0x1801     0x1801   .absSeg90
.abs_section_1802                  1   N/I     0x1802     0x1802   .absSeg91
.abs_section_1803                  1   N/I     0x1803     0x1803   .absSeg92
.abs_section_1809                  1   N/I     0x1809     0x1809   .absSeg93
.abs_section_180a                  1   N/I     0x180A     0x180A   .absSeg94
.abs_section_1816                  1   N/I     0x1816     0x1816   .absSeg95
.abs_section_1817                  1   N/I     0x1817     0x1817   .absSeg96
.abs_section_1818                  1   N/I     0x1818     0x1818   .absSeg97
.abs_section_1820                  1   N/I     0x1820     0x1820   .absSeg98
.abs_section_1821                  1   N/I     0x1821     0x1821   .absSeg99
.abs_section_1823                  1   N/I     0x1823     0x1823   .absSeg100
.abs_section_1824                  1   N/I     0x1824     0x1824   .absSeg101
.abs_section_1825                  1   N/I     0x1825     0x1825   .absSeg102
.abs_section_1826                  1   N/I     0x1826     0x1826   .absSeg103
.abs_section_1840                  1   N/I     0x1840     0x1840   .absSeg104
.abs_section_1841                  1   N/I     0x1841     0x1841   .absSeg105
.abs_section_1842                  1   N/I     0x1842     0x1842   .absSeg106
.abs_section_1844                  1   N/I     0x1844     0x1844   .absSeg107
.abs_section_1845                  1   N/I     0x1845     0x1845   .absSeg108
.abs_section_1846                  1   N/I     0x1846     0x1846   .absSeg109
.abs_section_1848                  1   N/I     0x1848     0x1848   .absSeg110
.abs_section_1849                  1   N/I     0x1849     0x1849   .absSeg111
.abs_section_184a                  1   N/I     0x184A     0x184A   .absSeg112
.abs_section_184c                  1   N/I     0x184C     0x184C   .absSeg113
.abs_section_184d                  1   N/I     0x184D     0x184D   .absSeg114
.abs_section_184e                  1   N/I     0x184E     0x184E   .absSeg115
.abs_section_1850                  1   N/I     0x1850     0x1850   .absSeg116
.abs_section_1851                  1   N/I     0x1851     0x1851   .absSeg117
.abs_section_1852                  1   N/I     0x1852     0x1852   .absSeg118
.abs_section_1854                  1   N/I     0x1854     0x1854   .absSeg119
.abs_section_1855                  1   N/I     0x1855     0x1855   .absSeg120
.abs_section_1856                  1   N/I     0x1856     0x1856   .absSeg121
.abs_section_1858                  1   N/I     0x1858     0x1858   .absSeg122
.abs_section_1859                  1   N/I     0x1859     0x1859   .absSeg123
.abs_section_185a                  1   N/I     0x185A     0x185A   .absSeg124
.abs_section_12                    2   N/I       0x12       0x13   .absSeg125
.abs_section_14                    2   N/I       0x14       0x15   .absSeg126
.abs_section_21                    2   N/I       0x21       0x22   .absSeg127
.abs_section_23                    2   N/I       0x23       0x24   .absSeg128
.abs_section_26                    2   N/I       0x26       0x27   .absSeg129
.abs_section_29                    2   N/I       0x29       0x2A   .absSeg130
.abs_section_2c                    2   N/I       0x2C       0x2D   .absSeg131
.abs_section_2f                    2   N/I       0x2F       0x30   .absSeg132
.abs_section_32                    2   N/I       0x32       0x33   .absSeg133
.abs_section_35                    2   N/I       0x35       0x36   .absSeg134
.abs_section_38                    2   N/I       0x38       0x39   .absSeg135
.abs_section_40                    2   N/I       0x40       0x41   .absSeg136
.abs_section_54                    2   N/I       0x54       0x55   .absSeg137
.abs_section_56                    2   N/I       0x56       0x57   .absSeg138
.abs_section_61                    2   N/I       0x61       0x62   .absSeg139
.abs_section_63                    2   N/I       0x63       0x64   .absSeg140
.abs_section_66                    2   N/I       0x66       0x67   .absSeg141
.abs_section_69                    2   N/I       0x69       0x6A   .absSeg142
.abs_section_74                    2   N/I       0x74       0x75   .absSeg143
.abs_section_76                    2   N/I       0x76       0x77   .absSeg144
.abs_section_1806                  2   N/I     0x1806     0x1807   .absSeg145
.abs_section_1810                  2   N/I     0x1810     0x1811   .absSeg146
.abs_section_1812                  2   N/I     0x1812     0x1813   .absSeg147
.abs_section_1814                  2   N/I     0x1814     0x1815   .absSeg148
.abs_section_fff0                  2     R     0xFFF0     0xFFF1   .absSeg149
.bss                             278   R/W      0x107      0x21C   RAM
.stack                           128   R/W      0x21D      0x29C   RAM
.vectSeg150_vect                   2     R     0xFFFE     0xFFFF   .vectSeg150

Summary of section sizes per section type:
READ_ONLY (R):        16D3 (dec:     5843)
READ_WRITE (R/W):      19D (dec:      413)
NO_INIT (N/I):          AD (dec:      173)

*********************************************************************************************
VECTOR-ALLOCATION SECTION
    Address     InitValue   InitFunction
---------------------------------------------------------------------------------------------
     0xFFFE        0x19DB   _Startup

*********************************************************************************************
OBJECT-ALLOCATION SECTION
     Name               Module                 Addr   hSize   dSize     Ref    Section   RLIB
---------------------------------------------------------------------------------------------
MODULE:                 -- RTSHC08.C.o (ansiis.lib) --
- PROCEDURES:
     _PUSH_ARGS_L                              1BC7      20      32       1   .text       
     _ENTER_BINARY_L                           1BE7      16      22       2   .text       
     _LSUB_k_is_k_minus_j                      1BFD      1F      31       1   .text       
     _LCMP_k_rel_j                             1C1C      1F      31       1   .text       
     _IMUL_STAR08                              1C3B      27      39       3   .text       
     _LSUB                                     1C62       6       6       3   .text       
     _LCMP                                     1C68       6       6       5   .text       
     _COPY                                     1C6E      30      48       3   .text       
     _POP32                                    1C9E      1A      26       3   .text       
     _CALL_STAR08                              1CB8      20      32       1   .text       
     _Jump_Table_Header_Addr                   1CD8      2F      47       4   .text       
     _Jump_Table_Header_Offset                 1D07      24      36       1   .text       
     _PUSH_CC                                  1D2B       F      15       1   .text       
     _POP_CC                                   1D3A       F      15       1   .text       
- VARIABLES:
MODULE:                 -- MC9S08JM60.C.o --
- PROCEDURES:
- VARIABLES:
     _PTAD                                        0       1       1       0   .abs_section_0
     _PTADD                                       1       1       1       0   .abs_section_1
     _PTBD                                        2       1       1       0   .abs_section_2
     _PTBDD                                       3       1       1       0   .abs_section_3
     _PTCD                                        4       1       1       0   .abs_section_4
     _PTCDD                                       5       1       1       1   .abs_section_5
     _PTDD                                        6       1       1       0   .abs_section_6
     _PTDDD                                       7       1       1       1   .abs_section_7
     _PTED                                        8       1       1       3   .abs_section_8
     _PTEDD                                       9       1       1       2   .abs_section_9
     _PTFD                                        A       1       1       0   .abs_section_a
     _PTFDD                                       B       1       1       1   .abs_section_b
     _PTGD                                        C       1       1       0   .abs_section_c
     _PTGDD                                       D       1       1       0   .abs_section_d
     _ACMPSC                                      E       1       1       0   .abs_section_e
     _ADCSC1                                     10       1       1       0   .abs_section_10
     _ADCSC2                                     11       1       1       0   .abs_section_11
     _ADCCFG                                     16       1       1       0   .abs_section_16
     _APCTL1                                     17       1       1       0   .abs_section_17
     _APCTL2                                     18       1       1       0   .abs_section_18
     _IRQSC                                      1B       1       1       0   .abs_section_1b
     _KBISC                                      1C       1       1       0   .abs_section_1c
     _KBIPE                                      1D       1       1       0   .abs_section_1d
     _KBIES                                      1E       1       1       0   .abs_section_1e
     _TPM1SC                                     20       1       1       0   .abs_section_20
     _TPM1C0SC                                   25       1       1       0   .abs_section_25
     _TPM1C1SC                                   28       1       1       0   .abs_section_28
     _TPM1C2SC                                   2B       1       1       0   .abs_section_2b
     _TPM1C3SC                                   2E       1       1       0   .abs_section_2e
     _TPM1C4SC                                   31       1       1       0   .abs_section_31
     _TPM1C5SC                                   34       1       1       0   .abs_section_34
     _SCI1C1                                     3A       1       1       0   .abs_section_3a
     _SCI1C2                                     3B       1       1       0   .abs_section_3b
     _SCI1S1                                     3C       1       1       0   .abs_section_3c
     _SCI1S2                                     3D       1       1       0   .abs_section_3d
     _SCI1C3                                     3E       1       1       0   .abs_section_3e
     _SCI1D                                      3F       1       1       0   .abs_section_3f
     _SCI2C1                                     42       1       1       0   .abs_section_42
     _SCI2C2                                     43       1       1       0   .abs_section_43
     _SCI2S1                                     44       1       1       0   .abs_section_44
     _SCI2S2                                     45       1       1       0   .abs_section_45
     _SCI2C3                                     46       1       1       0   .abs_section_46
     _SCI2D                                      47       1       1       0   .abs_section_47
     _MCGC1                                      48       1       1       2   .abs_section_48
     _MCGC2                                      49       1       1       1   .abs_section_49
     _MCGTRM                                     4A       1       1       0   .abs_section_4a
     _MCGSC                                      4B       1       1       6   .abs_section_4b
     _MCGC3                                      4C       1       1       1   .abs_section_4c
     _MCGT                                       4D       1       1       0   .abs_section_4d
     _SPI1C1                                     50       1       1       0   .abs_section_50
     _SPI1C2                                     51       1       1       0   .abs_section_51
     _SPI1BR                                     52       1       1       0   .abs_section_52
     _SPI1S                                      53       1       1       0   .abs_section_53
     _IICA                                       58       1       1       0   .abs_section_58
     _IICF                                       59       1       1       0   .abs_section_59
     _IICC1                                      5A       1       1       0   .abs_section_5a
     _IICS                                       5B       1       1       0   .abs_section_5b
     _IICD                                       5C       1       1       0   .abs_section_5c
     _IICC2                                      5D       1       1       0   .abs_section_5d
     _TPM2SC                                     60       1       1       0   .abs_section_60
     _TPM2C0SC                                   65       1       1       0   .abs_section_65
     _TPM2C1SC                                   68       1       1       0   .abs_section_68
     _RTCSC                                      6C       1       1       0   .abs_section_6c
     _RTCCNT                                     6D       1       1       0   .abs_section_6d
     _RTCMOD                                     6E       1       1       0   .abs_section_6e
     _SPI2C1                                     70       1       1       0   .abs_section_70
     _SPI2C2                                     71       1       1       0   .abs_section_71
     _SPI2BR                                     72       1       1       0   .abs_section_72
     _SPI2S                                      73       1       1       0   .abs_section_73
     _USBCTL0                                    80       1       1       4   .abs_section_80
     _PERID                                      88       1       1       2   .abs_section_88
     _IDCOMP                                     89       1       1       1   .abs_section_89
     _REV                                        8A       1       1       0   .abs_section_8a
     _INTSTAT                                    90       1       1      10   .abs_section_90
     _INTENB                                     91       1       1       7   .abs_section_91
     _ERRSTAT                                    92       1       1       0   .abs_section_92
     _ERRENB                                     93       1       1       1   .abs_section_93
     _STAT                                       94       1       1       3   .abs_section_94
     _CTL                                        95       1       1       6   .abs_section_95
     _ADDR                                       96       1       1       2   .abs_section_96
     _FRMNUML                                    97       1       1       0   .abs_section_97
     _FRMNUMH                                    98       1       1       0   .abs_section_98
     _EPCTL0                                     9D       1       1       8   .abs_section_9d
     _EPCTL1                                     9E       1       1       2   .abs_section_9e
     _EPCTL2                                     9F       1       1       0   .abs_section_9f
     _EPCTL3                                     A0       1       1       0   .abs_section_a0
     _EPCTL4                                     A1       1       1       0   .abs_section_a1
     _EPCTL5                                     A2       1       1       0   .abs_section_a2
     _EPCTL6                                     A3       1       1       0   .abs_section_a3
     _SRS                                      1800       1       1       0   .abs_section_1800
     _SBDFR                                    1801       1       1       0   .abs_section_1801
     _SOPT1                                    1802       1       1       1   .abs_section_1802
     _SOPT2                                    1803       1       1       0   .abs_section_1803
     _SPMSC1                                   1809       1       1       0   .abs_section_1809
     _SPMSC2                                   180A       1       1       0   .abs_section_180a
     _DBGC                                     1816       1       1       0   .abs_section_1816
     _DBGT                                     1817       1       1       0   .abs_section_1817
     _DBGS                                     1818       1       1       0   .abs_section_1818
     _FCDIV                                    1820       1       1       0   .abs_section_1820
     _FOPT                                     1821       1       1       0   .abs_section_1821
     _FCNFG                                    1823       1       1       0   .abs_section_1823
     _FPROT                                    1824       1       1       0   .abs_section_1824
     _FSTAT                                    1825       1       1       0   .abs_section_1825
     _FCMD                                     1826       1       1       0   .abs_section_1826
     _PTAPE                                    1840       1       1       0   .abs_section_1840
     _PTASE                                    1841       1       1       0   .abs_section_1841
     _PTADS                                    1842       1       1       0   .abs_section_1842
     _PTBPE                                    1844       1       1       0   .abs_section_1844
     _PTBSE                                    1845       1       1       0   .abs_section_1845
     _PTBDS                                    1846       1       1       0   .abs_section_1846
     _PTCPE                                    1848       1       1       0   .abs_section_1848
     _PTCSE                                    1849       1       1       0   .abs_section_1849
     _PTCDS                                    184A       1       1       0   .abs_section_184a
     _PTDPE                                    184C       1       1       0   .abs_section_184c
     _PTDSE                                    184D       1       1       0   .abs_section_184d
     _PTDDS                                    184E       1       1       0   .abs_section_184e
     _PTEPE                                    1850       1       1       0   .abs_section_1850
     _PTESE                                    1851       1       1       0   .abs_section_1851
     _PTEDS                                    1852       1       1       0   .abs_section_1852
     _PTFPE                                    1854       1       1       0   .abs_section_1854
     _PTFSE                                    1855       1       1       0   .abs_section_1855
     _PTFDS                                    1856       1       1       0   .abs_section_1856
     _PTGPE                                    1858       1       1       1   .abs_section_1858
     _PTGSE                                    1859       1       1       0   .abs_section_1859
     _PTGDS                                    185A       1       1       0   .abs_section_185a
     _ADCR                                       12       2       2       0   .abs_section_12
     _ADCCV                                      14       2       2       0   .abs_section_14
     _TPM1CNT                                    21       2       2       0   .abs_section_21
     _TPM1MOD                                    23       2       2       0   .abs_section_23
     _TPM1C0V                                    26       2       2       0   .abs_section_26
     _TPM1C1V                                    29       2       2       0   .abs_section_29
     _TPM1C2V                                    2C       2       2       0   .abs_section_2c
     _TPM1C3V                                    2F       2       2       0   .abs_section_2f
     _TPM1C4V                                    32       2       2       0   .abs_section_32
     _TPM1C5V                                    35       2       2       0   .abs_section_35
     _SCI1BD                                     38       2       2       0   .abs_section_38
     _SCI2BD                                     40       2       2       0   .abs_section_40
     _SPI1D16                                    54       2       2       0   .abs_section_54
     _SPI1M                                      56       2       2       0   .abs_section_56
     _TPM2CNT                                    61       2       2       0   .abs_section_61
     _TPM2MOD                                    63       2       2       0   .abs_section_63
     _TPM2C0V                                    66       2       2       0   .abs_section_66
     _TPM2C1V                                    69       2       2       0   .abs_section_69
     _SPI2D16                                    74       2       2       0   .abs_section_74
     _SPI2M                                      76       2       2       0   .abs_section_76
     _SDID                                     1806       2       2       0   .abs_section_1806
     _DBGCA                                    1810       2       2       0   .abs_section_1810
     _DBGCB                                    1812       2       2       0   .abs_section_1812
     _DBGF                                     1814       2       2       0   .abs_section_1814
MODULE:                 -- Start08.c.o --
- PROCEDURES:
     loadByte                                  1960       E      14       5   .init       
     Init                                      196E      6D     109       1   .init       
     _Startup                                  19DB       9       9       0   .init       
- VARIABLES:
     _startupData                              19E4       6       6       4   .startData  
- LABELS:
     __SEG_END_SSTACK                           29D       0       0       1               
MODULE:                 -- target.c.o --
- PROCEDURES:
     init_clock                                1D49      29      41       1   .text       
     init_board                                1D72      16      22       1   .text       
     _irq_restore                              1D88       B      11       4   .text       
     _irq_disable                              1D93       A      10       3   .text       
     hw_init                                   1D9D       E      14       1   .text       
- VARIABLES:
MODULE:                 -- usb.c.o --
- PROCEDURES:
     usb_get_done                              1DAB      29      41       1   .text       
     usb_ep_is_busy                            1DD4      13      19       2   .text       
     usb_get_state                             1DE7       4       4       1   .text       
     usb_ep_error                              1DEB      11      17       2   .text       
     ep2bdtndx                                 1DFC      29      41       8   .text       
     usb_get_rx_pptr                           1E25      35      53       2   .text       
     send_zero_packet                          1E5A      24      36       2   .text       
     usb_init                                  1E7E      24      36       1   .text       
     usb_setup_ep                              1EA2     169     361      14   .text       
     set_config                                200B      BB     187       2   .text       
     enter_default_state                       20C6      26      38       2   .text       
     usb_stop_ep_tx                            20EC      29      41       3   .text       
     usb_stop_ep_rx                            2115      29      41       3   .text       
     ready_ep_tx                               213E      3D      61       2   .text       
     ready_ep_rx                               217B      58      88       2   .text       
     disable_ep                                21D3       6       6       1   .text       
     _usb_send                                 21D9     1C2     450       6   .text       
     usb_send                                  239B      C9     201       5   .text       
     _usb_receive                              2464     164     356       5   .text       
     usb_receive                               25C8      72     114       2   .text       
     cb_set_address                            263A      1A      26       1   .text       
     usb_stm_ctrl0                             2654     266     614      24   .text       
     usb_it_handler                            28BA     1C5     453      14   .text       
- VARIABLES:
     usb_current_config                         107       1       1       2   .bss        
     usb_state                                  108       1       1       4   .bss        
     new_address                                109       1       1       4   .bss        
     ep_info                                    10A      6C     108     134   .bss        
     _Vector_7                                 FFF0       2       2       0   .abs_section_fff0
MODULE:                 -- hcc_terminal.c.o --
- PROCEDURES:
     print                                     2A7F      22      34      10   .text       
     skipp_space                               2AA1      23      35       1   .text       
     find_word                                 2AC4      2F      47       1   .text       
     cmp_str                                   2AF3      6B     107       1   .text       
     cmd_help                                  2B5E      5C      92       1   .text       
     print_prompt                              2BBA       6       6       2   .text       
     print_greeting                            2BC0       6       6       1   .text       
     find_command                              2BC6      3E      62       1   .text       
     terminal_init                             2C04      2C      44       1   .text       
     terminal_process                          2C30      D9     217       3   .text       
     terminal_add_cmd                          2D09      27      39       1   .text       
- VARIABLES:
     help_cmd                                  19F6       6       6       1   .rodata     
     STRING.help.1                             1B19       5       5       1   .rodata1    
     STRING.Prints.help.about.co.2             1B1E      1D      29       1   .rodata1    
     STRING.I.understand.the.fol.3             1B3B      27      39       1   .rodata1    
     STRING....4                               1B62       3       3       1   .rodata1    
     STRING....5                               1B65       3       3       1   .rodata1    
     STRING....6                               1B68       3       3       1   .rodata1    
     STRING....7                               1B6B       3       3       1   .rodata1    
     STRING.....8                              1B6E       4       4       1   .rodata1    
     STRING.This.is.the.simple.t.9             1B72      2A      42       1   .rodata1    
     STRING.Unknown.command....10              1B9C      13      19       1   .rodata1    
     cmd_line                                   176      20      32      11   .bss        
     cmd_line_ndx                               196       1       1       6   .bss        
     n_cmd                                      197       1       1       5   .bss        
     cmds                                       198      14      20       7   .bss        
     putch                                      1AC       2       2       4   .bss        
     getch                                      1AE       2       2       2   .bss        
     kbhit                                      1B0       2       2       2   .bss        
MODULE:                 -- cdc_main.c.o --
- PROCEDURES:
     cmd_led                                   2D30      21      33       1   .text       
     main                                      2D51      29      41       1   .text       
- VARIABLES:
     led_cmd                                   19FC       6       6       1   .rodata     
     STRING.led.2                              1BAF       4       4       1   .rodata1    
     STRING.Toggles.leds.state..3              1BB3      14      20       1   .rodata1    
     led_on.1                                   1B2       2       2       3   .bss        
MODULE:                 -- cdct_usb_config.c.o --
- PROCEDURES:
     get_device_descriptor                     2D7A       4       4       1   .text       
     is_cfgd_index                             2D7E       A      10       2   .text       
     get_cfg_descriptor                        2D88       8       8       1   .text       
     is_str_index                              2D90       9       9       1   .text       
     get_str_descriptor                        2D99       8       8       2   .text       
     is_ifc_ndx                                2DA1      1A      26       1   .text       
     is_ep_ndx                                 2DBB      24      36       1   .text       
     get_ep_descriptor                         2DDF      27      39       1   .text       
     usb_cfg_init                              2E06       3       3       1   .text       
- VARIABLES:
     string_descriptor0                        1A02       4       4       1   .rodata     
     str_manufacturer                          1A06      1A      26       1   .rodata     
     str_config                                1A20      2C      44       1   .rodata     
     str_interface1                            1A4C       8       8       1   .rodata     
     str_interface2                            1A54      12      18       1   .rodata     
     str_serail_number                         1A66       A      10       1   .rodata     
     str_product                               1A70      46      70       1   .rodata     
     usb_string_descriptors                    1AB6       E      14       1   .rodata     
     usb_device_descriptor                     1AC4      12      18       1   .rodata     
     usb_config_descriptor                     1AD6      43      67       4   .rodata     
MODULE:                 -- usb_cdc.c.o --
- PROCEDURES:
     usb_bus_error_event                       2E09       1       1       1   .text       
     usb_suspend_event                         2E0A       1       1       1   .text       
     usb_wakeup_event                          2E0B       1       1       1   .text       
     usb_reset_event                           2E0C       1       1       1   .text       
     got_line_coding                           2E0D       8       8       1   .text       
     usb_ep0_callback                          2E15      DF     223       1   .text       
     cdc_getch                                 2EF4      18      24       1   .text       
     cdc_kbhit                                 2F0C       F      15       1   .text       
     cdc_putch                                 2F1B      3A      58       1   .text       
     cdc_init                                  2F55      1A      26       1   .text       
     cdc_process                               2F6F      B4     180       2   .text       
- VARIABLES:
     line_coding                                100       7       7       2   .data       
     rx_buffer                                  1B4      20      32       2   .bss        
     rx_length                                  1D4       1       1       7   .bss        
     rx_ndx                                     1D5       1       1       7   .bss        
     cur_tx_buffer                              1D6       2       2       6   .bss        
     tx_buffer1                                 1D8      20      32       3   .bss        
     tx_buffer2                                 1F8      20      32       1   .bss        
     tx_ndx                                     218       1       1       6   .bss        
     new_line_coding                            219       1       1       2   .bss        
     ctrl_line_state                            21A       1       1       1   .bss        
     uart_state                                 21B       2       2       2   .bss        

*********************************************************************************************
MODULE STATISTIC
  Name                                      Data   Code  Const
---------------------------------------------------------------------------------------------
  RTSHC08.C.o (ansiis.lib)                     0    386      0
  MC9S08JM60.C.o                             173      0      0
  Start08.c.o                                  0    132      0
  target.c.o                                   0     98      0
  usb.c.o                                    111   3284      2
  hcc_terminal.c.o                            60    689    156
  cdc_main.c.o                                 2     74     30
  cdct_usb_config.c.o                          0    143    279
  usb_cdc.c.o                                112    538      0
  other                                      128     20     12

*********************************************************************************************
SECTION USE IN OBJECT-ALLOCATION SECTION
---------------------------------------------------------------------------------------------
SECTION: ".text"
  _PUSH_ARGS_L _ENTER_BINARY_L _LSUB_k_is_k_minus_j _LCMP_k_rel_j _IMUL_STAR08 
  _LSUB _LCMP _COPY _POP32 _CALL_STAR08 _Jump_Table_Header_Addr 
  _Jump_Table_Header_Offset _PUSH_CC _POP_CC init_clock init_board _irq_restore 
  _irq_disable hw_init usb_get_done usb_ep_is_busy usb_get_state usb_ep_error 
  ep2bdtndx usb_get_rx_pptr send_zero_packet usb_init usb_setup_ep set_config 
  enter_default_state usb_stop_ep_tx usb_stop_ep_rx ready_ep_tx ready_ep_rx 
  disable_ep _usb_send usb_send _usb_receive usb_receive cb_set_address 
  usb_stm_ctrl0 usb_it_handler print skipp_space find_word cmp_str cmd_help 
  print_prompt print_greeting find_command terminal_init terminal_process 
  terminal_add_cmd cmd_led main get_device_descriptor is_cfgd_index 
  get_cfg_descriptor is_str_index get_str_descriptor is_ifc_ndx is_ep_ndx 
  get_ep_descriptor usb_cfg_init usb_bus_error_event usb_suspend_event 
  usb_wakeup_event usb_reset_event got_line_coding usb_ep0_callback cdc_getch 
  cdc_kbhit cdc_putch cdc_init cdc_process 
SECTION: ".data"
  line_coding 
SECTION: ".bss"
  usb_current_config usb_state new_address ep_info cmd_line cmd_line_ndx n_cmd 
  cmds putch getch kbhit led_on.1 rx_buffer rx_length rx_ndx cur_tx_buffer 
  tx_buffer1 tx_buffer2 tx_ndx new_line_coding ctrl_line_state uart_state 
SECTION: ".init"
  loadByte Init _Startup 
SECTION: ".rodata"
  help_cmd led_cmd string_descriptor0 str_manufacturer str_config 
  str_interface1 str_interface2 str_serail_number str_product 
  usb_string_descriptors usb_device_descriptor usb_config_descriptor 
SECTION: ".rodata1"
  STRING.help.1 STRING.Prints.help.about.co.2 STRING.I.understand.the.fol.3 
  STRING....4 STRING....5 STRING....6 STRING....7 STRING.....8 
  STRING.This.is.the.simple.t.9 STRING.Unknown.command....10 STRING.led.2 
  STRING.Toggles.leds.state..3 
SECTION: ".abs_section_0"
  _PTAD 
SECTION: ".abs_section_1"
  _PTADD 
SECTION: ".abs_section_2"
  _PTBD 
SECTION: ".abs_section_3"
  _PTBDD 
SECTION: ".abs_section_4"
  _PTCD 
SECTION: ".abs_section_5"
  _PTCDD 
SECTION: ".abs_section_6"
  _PTDD 
SECTION: ".abs_section_7"
  _PTDDD 
SECTION: ".abs_section_8"
  _PTED 
SECTION: ".abs_section_9"
  _PTEDD 
SECTION: ".abs_section_a"
  _PTFD 
SECTION: ".abs_section_b"
  _PTFDD 
SECTION: ".abs_section_c"
  _PTGD 
SECTION: ".abs_section_d"
  _PTGDD 
SECTION: ".abs_section_e"
  _ACMPSC 
SECTION: ".abs_section_10"
  _ADCSC1 
SECTION: ".abs_section_11"
  _ADCSC2 
SECTION: ".abs_section_16"
  _ADCCFG 
SECTION: ".abs_section_17"
  _APCTL1 
SECTION: ".abs_section_18"
  _APCTL2 
SECTION: ".abs_section_1b"
  _IRQSC 
SECTION: ".abs_section_1c"
  _KBISC 
SECTION: ".abs_section_1d"
  _KBIPE 
SECTION: ".abs_section_1e"
  _KBIES 
SECTION: ".abs_section_20"
  _TPM1SC 
SECTION: ".abs_section_25"
  _TPM1C0SC 
SECTION: ".abs_section_28"
  _TPM1C1SC 
SECTION: ".abs_section_2b"
  _TPM1C2SC 
SECTION: ".abs_section_2e"
  _TPM1C3SC 
SECTION: ".abs_section_31"
  _TPM1C4SC 
SECTION: ".abs_section_34"
  _TPM1C5SC 
SECTION: ".abs_section_3a"
  _SCI1C1 
SECTION: ".abs_section_3b"
  _SCI1C2 
SECTION: ".abs_section_3c"
  _SCI1S1 
SECTION: ".abs_section_3d"
  _SCI1S2 
SECTION: ".abs_section_3e"
  _SCI1C3 
SECTION: ".abs_section_3f"
  _SCI1D 
SECTION: ".abs_section_42"
  _SCI2C1 
SECTION: ".abs_section_43"
  _SCI2C2 
SECTION: ".abs_section_44"
  _SCI2S1 
SECTION: ".abs_section_45"
  _SCI2S2 
SECTION: ".abs_section_46"
  _SCI2C3 
SECTION: ".abs_section_47"
  _SCI2D 
SECTION: ".abs_section_48"
  _MCGC1 
SECTION: ".abs_section_49"
  _MCGC2 
SECTION: ".abs_section_4a"
  _MCGTRM 
SECTION: ".abs_section_4b"
  _MCGSC 
SECTION: ".abs_section_4c"
  _MCGC3 
SECTION: ".abs_section_4d"
  _MCGT 
SECTION: ".abs_section_50"
  _SPI1C1 
SECTION: ".abs_section_51"
  _SPI1C2 
SECTION: ".abs_section_52"
  _SPI1BR 
SECTION: ".abs_section_53"
  _SPI1S 
SECTION: ".abs_section_58"
  _IICA 
SECTION: ".abs_section_59"
  _IICF 
SECTION: ".abs_section_5a"
  _IICC1 
SECTION: ".abs_section_5b"
  _IICS 
SECTION: ".abs_section_5c"
  _IICD 
SECTION: ".abs_section_5d"
  _IICC2 
SECTION: ".abs_section_60"
  _TPM2SC 
SECTION: ".abs_section_65"
  _TPM2C0SC 
SECTION: ".abs_section_68"
  _TPM2C1SC 
SECTION: ".abs_section_6c"
  _RTCSC 
SECTION: ".abs_section_6d"
  _RTCCNT 
SECTION: ".abs_section_6e"
  _RTCMOD 
SECTION: ".abs_section_70"
  _SPI2C1 
SECTION: ".abs_section_71"
  _SPI2C2 
SECTION: ".abs_section_72"
  _SPI2BR 
SECTION: ".abs_section_73"
  _SPI2S 
SECTION: ".abs_section_80"
  _USBCTL0 
SECTION: ".abs_section_88"
  _PERID 
SECTION: ".abs_section_89"
  _IDCOMP 
SECTION: ".abs_section_8a"
  _REV 
SECTION: ".abs_section_90"
  _INTSTAT 
SECTION: ".abs_section_91"
  _INTENB 
SECTION: ".abs_section_92"
  _ERRSTAT 
SECTION: ".abs_section_93"
  _ERRENB 
SECTION: ".abs_section_94"
  _STAT 
SECTION: ".abs_section_95"
  _CTL 
SECTION: ".abs_section_96"
  _ADDR 
SECTION: ".abs_section_97"
  _FRMNUML 
SECTION: ".abs_section_98"
  _FRMNUMH 
SECTION: ".abs_section_9d"
  _EPCTL0 
SECTION: ".abs_section_9e"
  _EPCTL1 
SECTION: ".abs_section_9f"
  _EPCTL2 
SECTION: ".abs_section_a0"
  _EPCTL3 
SECTION: ".abs_section_a1"
  _EPCTL4 
SECTION: ".abs_section_a2"
  _EPCTL5 
SECTION: ".abs_section_a3"
  _EPCTL6 
SECTION: ".abs_section_1800"
  _SRS 
SECTION: ".abs_section_1801"
  _SBDFR 
SECTION: ".abs_section_1802"
  _SOPT1 
SECTION: ".abs_section_1803"
  _SOPT2 
SECTION: ".abs_section_1809"
  _SPMSC1 
SECTION: ".abs_section_180a"
  _SPMSC2 
SECTION: ".abs_section_1816"
  _DBGC 
SECTION: ".abs_section_1817"
  _DBGT 
SECTION: ".abs_section_1818"
  _DBGS 
SECTION: ".abs_section_1820"
  _FCDIV 
SECTION: ".abs_section_1821"
  _FOPT 
SECTION: ".abs_section_1823"
  _FCNFG 
SECTION: ".abs_section_1824"
  _FPROT 
SECTION: ".abs_section_1825"
  _FSTAT 
SECTION: ".abs_section_1826"
  _FCMD 
SECTION: ".abs_section_1840"
  _PTAPE 
SECTION: ".abs_section_1841"
  _PTASE 
SECTION: ".abs_section_1842"
  _PTADS 
SECTION: ".abs_section_1844"
  _PTBPE 
SECTION: ".abs_section_1845"
  _PTBSE 
SECTION: ".abs_section_1846"
  _PTBDS 
SECTION: ".abs_section_1848"
  _PTCPE 
SECTION: ".abs_section_1849"
  _PTCSE 
SECTION: ".abs_section_184a"
  _PTCDS 
SECTION: ".abs_section_184c"
  _PTDPE 
SECTION: ".abs_section_184d"
  _PTDSE 
SECTION: ".abs_section_184e"
  _PTDDS 
SECTION: ".abs_section_1850"
  _PTEPE 
SECTION: ".abs_section_1851"
  _PTESE 
SECTION: ".abs_section_1852"
  _PTEDS 
SECTION: ".abs_section_1854"
  _PTFPE 
SECTION: ".abs_section_1855"
  _PTFSE 
SECTION: ".abs_section_1856"
  _PTFDS 
SECTION: ".abs_section_1858"
  _PTGPE 
SECTION: ".abs_section_1859"
  _PTGSE 
SECTION: ".abs_section_185a"
  _PTGDS 
SECTION: ".abs_section_12"
  _ADCR 
SECTION: ".abs_section_14"
  _ADCCV 
SECTION: ".abs_section_21"
  _TPM1CNT 
SECTION: ".abs_section_23"
  _TPM1MOD 
SECTION: ".abs_section_26"
  _TPM1C0V 
SECTION: ".abs_section_29"
  _TPM1C1V 
SECTION: ".abs_section_2c"
  _TPM1C2V 
SECTION: ".abs_section_2f"
  _TPM1C3V 
SECTION: ".abs_section_32"
  _TPM1C4V 
SECTION: ".abs_section_35"
  _TPM1C5V 
SECTION: ".abs_section_38"
  _SCI1BD 
SECTION: ".abs_section_40"
  _SCI2BD 
SECTION: ".abs_section_54"
  _SPI1D16 
SECTION: ".abs_section_56"
  _SPI1M 
SECTION: ".abs_section_61"
  _TPM2CNT 
SECTION: ".abs_section_63"
  _TPM2MOD 
SECTION: ".abs_section_66"
  _TPM2C0V 
SECTION: ".abs_section_69"
  _TPM2C1V 
SECTION: ".abs_section_74"
  _SPI2D16 
SECTION: ".abs_section_76"
  _SPI2M 
SECTION: ".abs_section_1806"
  _SDID 
SECTION: ".abs_section_1810"
  _DBGCA 
SECTION: ".abs_section_1812"
  _DBGCB 
SECTION: ".abs_section_1814"
  _DBGF 
SECTION: ".abs_section_fff0"
  _Vector_7 

*********************************************************************************************
OBJECT LIST SORTED BY ADDRESS
     Name                                      Addr   hSize   dSize     Ref    Section   RLIB
---------------------------------------------------------------------------------------------
     _PTAD                                        0       1       1       0   .abs_section_0
     _PTADD                                       1       1       1       0   .abs_section_1
     _PTBD                                        2       1       1       0   .abs_section_2
     _PTBDD                                       3       1       1       0   .abs_section_3
     _PTCD                                        4       1       1       0   .abs_section_4
     _PTCDD                                       5       1       1       1   .abs_section_5
     _PTDD                                        6       1       1       0   .abs_section_6
     _PTDDD                                       7       1       1       1   .abs_section_7
     _PTED                                        8       1       1       3   .abs_section_8
     _PTEDD                                       9       1       1       2   .abs_section_9
     _PTFD                                        A       1       1       0   .abs_section_a
     _PTFDD                                       B       1       1       1   .abs_section_b
     _PTGD                                        C       1       1       0   .abs_section_c
     _PTGDD                                       D       1       1       0   .abs_section_d
     _ACMPSC                                      E       1       1       0   .abs_section_e
     _ADCSC1                                     10       1       1       0   .abs_section_10
     _ADCSC2                                     11       1       1       0   .abs_section_11
     _ADCR                                       12       2       2       0   .abs_section_12
     _ADCCV                                      14       2       2       0   .abs_section_14
     _ADCCFG                                     16       1       1       0   .abs_section_16
     _APCTL1                                     17       1       1       0   .abs_section_17
     _APCTL2                                     18       1       1       0   .abs_section_18
     _IRQSC                                      1B       1       1       0   .abs_section_1b
     _KBISC                                      1C       1       1       0   .abs_section_1c
     _KBIPE                                      1D       1       1       0   .abs_section_1d
     _KBIES                                      1E       1       1       0   .abs_section_1e
     _TPM1SC                                     20       1       1       0   .abs_section_20
     _TPM1CNT                                    21       2       2       0   .abs_section_21
     _TPM1MOD                                    23       2       2       0   .abs_section_23
     _TPM1C0SC                                   25       1       1       0   .abs_section_25
     _TPM1C0V                                    26       2       2       0   .abs_section_26
     _TPM1C1SC                                   28       1       1       0   .abs_section_28
     _TPM1C1V                                    29       2       2       0   .abs_section_29
     _TPM1C2SC                                   2B       1       1       0   .abs_section_2b
     _TPM1C2V                                    2C       2       2       0   .abs_section_2c
     _TPM1C3SC                                   2E       1       1       0   .abs_section_2e
     _TPM1C3V                                    2F       2       2       0   .abs_section_2f
     _TPM1C4SC                                   31       1       1       0   .abs_section_31
     _TPM1C4V                                    32       2       2       0   .abs_section_32
     _TPM1C5SC                                   34       1       1       0   .abs_section_34
     _TPM1C5V                                    35       2       2       0   .abs_section_35
     _SCI1BD                                     38       2       2       0   .abs_section_38
     _SCI1C1                                     3A       1       1       0   .abs_section_3a
     _SCI1C2                                     3B       1       1       0   .abs_section_3b
     _SCI1S1                                     3C       1       1       0   .abs_section_3c
     _SCI1S2                                     3D       1       1       0   .abs_section_3d
     _SCI1C3                                     3E       1       1       0   .abs_section_3e
     _SCI1D                                      3F       1       1       0   .abs_section_3f
     _SCI2BD                                     40       2       2       0   .abs_section_40
     _SCI2C1                                     42       1       1       0   .abs_section_42
     _SCI2C2                                     43       1       1       0   .abs_section_43
     _SCI2S1                                     44       1       1       0   .abs_section_44
     _SCI2S2                                     45       1       1       0   .abs_section_45
     _SCI2C3                                     46       1       1       0   .abs_section_46
     _SCI2D                                      47       1       1       0   .abs_section_47
     _MCGC1                                      48       1       1       2   .abs_section_48
     _MCGC2                                      49       1       1       1   .abs_section_49
     _MCGTRM                                     4A       1       1       0   .abs_section_4a
     _MCGSC                                      4B       1       1       6   .abs_section_4b
     _MCGC3                                      4C       1       1       1   .abs_section_4c
     _MCGT                                       4D       1       1       0   .abs_section_4d
     _SPI1C1                                     50       1       1       0   .abs_section_50
     _SPI1C2                                     51       1       1       0   .abs_section_51
     _SPI1BR                                     52       1       1       0   .abs_section_52
     _SPI1S                                      53       1       1       0   .abs_section_53
     _SPI1D16                                    54       2       2       0   .abs_section_54
     _SPI1M                                      56       2       2       0   .abs_section_56
     _IICA                                       58       1       1       0   .abs_section_58
     _IICF                                       59       1       1       0   .abs_section_59
     _IICC1                                      5A       1       1       0   .abs_section_5a
     _IICS                                       5B       1       1       0   .abs_section_5b
     _IICD                                       5C       1       1       0   .abs_section_5c
     _IICC2                                      5D       1       1       0   .abs_section_5d
     _TPM2SC                                     60       1       1       0   .abs_section_60
     _TPM2CNT                                    61       2       2       0   .abs_section_61
     _TPM2MOD                                    63       2       2       0   .abs_section_63
     _TPM2C0SC                                   65       1       1       0   .abs_section_65
     _TPM2C0V                                    66       2       2       0   .abs_section_66
     _TPM2C1SC                                   68       1       1       0   .abs_section_68
     _TPM2C1V                                    69       2       2       0   .abs_section_69
     _RTCSC                                      6C       1       1       0   .abs_section_6c
     _RTCCNT                                     6D       1       1       0   .abs_section_6d
     _RTCMOD                                     6E       1       1       0   .abs_section_6e
     _SPI2C1                                     70       1       1       0   .abs_section_70
     _SPI2C2                                     71       1       1       0   .abs_section_71
     _SPI2BR                                     72       1       1       0   .abs_section_72
     _SPI2S                                      73       1       1       0   .abs_section_73
     _SPI2D16                                    74       2       2       0   .abs_section_74
     _SPI2M                                      76       2       2       0   .abs_section_76
     _USBCTL0                                    80       1       1       4   .abs_section_80
     _PERID                                      88       1       1       2   .abs_section_88
     _IDCOMP                                     89       1       1       1   .abs_section_89
     _REV                                        8A       1       1       0   .abs_section_8a
     _INTSTAT                                    90       1       1      10   .abs_section_90
     _INTENB                                     91       1       1       7   .abs_section_91
     _ERRSTAT                                    92       1       1       0   .abs_section_92
     _ERRENB                                     93       1       1       1   .abs_section_93
     _STAT                                       94       1       1       3   .abs_section_94
     _CTL                                        95       1       1       6   .abs_section_95
     _ADDR                                       96       1       1       2   .abs_section_96
     _FRMNUML                                    97       1       1       0   .abs_section_97
     _FRMNUMH                                    98       1       1       0   .abs_section_98
     _EPCTL0                                     9D       1       1       8   .abs_section_9d
     _EPCTL1                                     9E       1       1       2   .abs_section_9e
     _EPCTL2                                     9F       1       1       0   .abs_section_9f
     _EPCTL3                                     A0       1       1       0   .abs_section_a0
     _EPCTL4                                     A1       1       1       0   .abs_section_a1
     _EPCTL5                                     A2       1       1       0   .abs_section_a2
     _EPCTL6                                     A3       1       1       0   .abs_section_a3
     line_coding                                100       7       7       2   .data       
     usb_current_config                         107       1       1       2   .bss        
     usb_state                                  108       1       1       4   .bss        
     new_address                                109       1       1       4   .bss        
     ep_info                                    10A      6C     108     134   .bss        
     cmd_line                                   176      20      32      11   .bss        
     cmd_line_ndx                               196       1       1       6   .bss        
     n_cmd                                      197       1       1       5   .bss        
     cmds                                       198      14      20       7   .bss        
     putch                                      1AC       2       2       4   .bss        
     getch                                      1AE       2       2       2   .bss        
     kbhit                                      1B0       2       2       2   .bss        
     led_on.1                                   1B2       2       2       3   .bss        
     rx_buffer                                  1B4      20      32       2   .bss        
     rx_length                                  1D4       1       1       7   .bss        
     rx_ndx                                     1D5       1       1       7   .bss        
     cur_tx_buffer                              1D6       2       2       6   .bss        
     tx_buffer1                                 1D8      20      32       3   .bss        
     tx_buffer2                                 1F8      20      32       1   .bss        
     tx_ndx                                     218       1       1       6   .bss        
     new_line_coding                            219       1       1       2   .bss        
     ctrl_line_state                            21A       1       1       1   .bss        
     uart_state                                 21B       2       2       2   .bss        
     _SRS                                      1800       1       1       0   .abs_section_1800
     _SBDFR                                    1801       1       1       0   .abs_section_1801
     _SOPT1                                    1802       1       1       1   .abs_section_1802
     _SOPT2                                    1803       1       1       0   .abs_section_1803
     _SDID                                     1806       2       2       0   .abs_section_1806
     _SPMSC1                                   1809       1       1       0   .abs_section_1809
     _SPMSC2                                   180A       1       1       0   .abs_section_180a
     _DBGCA                                    1810       2       2       0   .abs_section_1810
     _DBGCB                                    1812       2       2       0   .abs_section_1812
     _DBGF                                     1814       2       2       0   .abs_section_1814
     _DBGC                                     1816       1       1       0   .abs_section_1816
     _DBGT                                     1817       1       1       0   .abs_section_1817
     _DBGS                                     1818       1       1       0   .abs_section_1818
     _FCDIV                                    1820       1       1       0   .abs_section_1820
     _FOPT                                     1821       1       1       0   .abs_section_1821
     _FCNFG                                    1823       1       1       0   .abs_section_1823
     _FPROT                                    1824       1       1       0   .abs_section_1824
     _FSTAT                                    1825       1       1       0   .abs_section_1825
     _FCMD                                     1826       1       1       0   .abs_section_1826
     _PTAPE                                    1840       1       1       0   .abs_section_1840
     _PTASE                                    1841       1       1       0   .abs_section_1841
     _PTADS                                    1842       1       1       0   .abs_section_1842
     _PTBPE                                    1844       1       1       0   .abs_section_1844
     _PTBSE                                    1845       1       1       0   .abs_section_1845
     _PTBDS                                    1846       1       1       0   .abs_section_1846
     _PTCPE                                    1848       1       1       0   .abs_section_1848
     _PTCSE                                    1849       1       1       0   .abs_section_1849
     _PTCDS                                    184A       1       1       0   .abs_section_184a
     _PTDPE                                    184C       1       1       0   .abs_section_184c
     _PTDSE                                    184D       1       1       0   .abs_section_184d
     _PTDDS                                    184E       1       1       0   .abs_section_184e
     _PTEPE                                    1850       1       1       0   .abs_section_1850
     _PTESE                                    1851       1       1       0   .abs_section_1851
     _PTEDS                                    1852       1       1       0   .abs_section_1852
     _PTFPE                                    1854       1       1       0   .abs_section_1854
     _PTFSE                                    1855       1       1       0   .abs_section_1855
     _PTFDS                                    1856       1       1       0   .abs_section_1856
     _PTGPE                                    1858       1       1       1   .abs_section_1858
     _PTGSE                                    1859       1       1       0   .abs_section_1859
     _PTGDS                                    185A       1       1       0   .abs_section_185a
     loadByte                                  1960       E      14       5   .init       
     Init                                      196E      6D     109       1   .init       
     _Startup                                  19DB       9       9       0   .init       
     help_cmd                                  19F6       6       6       1   .rodata     
     led_cmd                                   19FC       6       6       1   .rodata     
     string_descriptor0                        1A02       4       4       1   .rodata     
     str_manufacturer                          1A06      1A      26       1   .rodata     
     str_config                                1A20      2C      44       1   .rodata     
     str_interface1                            1A4C       8       8       1   .rodata     
     str_interface2                            1A54      12      18       1   .rodata     
     str_serail_number                         1A66       A      10       1   .rodata     
     str_product                               1A70      46      70       1   .rodata     
     usb_string_descriptors                    1AB6       E      14       1   .rodata     
     usb_device_descriptor                     1AC4      12      18       1   .rodata     
     usb_config_descriptor                     1AD6      43      67       4   .rodata     
     STRING.help.1                             1B19       5       5       1   .rodata1    
     STRING.Prints.help.about.co.2             1B1E      1D      29       1   .rodata1    
     STRING.I.understand.the.fol.3             1B3B      27      39       1   .rodata1    
     STRING....4                               1B62       3       3       1   .rodata1    
     STRING....5                               1B65       3       3       1   .rodata1    
     STRING....6                               1B68       3       3       1   .rodata1    
     STRING....7                               1B6B       3       3       1   .rodata1    
     STRING.....8                              1B6E       4       4       1   .rodata1    
     STRING.This.is.the.simple.t.9             1B72      2A      42       1   .rodata1    
     STRING.Unknown.command....10              1B9C      13      19       1   .rodata1    
     STRING.led.2                              1BAF       4       4       1   .rodata1    
     STRING.Toggles.leds.state..3              1BB3      14      20       1   .rodata1    
     _PUSH_ARGS_L                              1BC7      20      32       1   .text       
     _ENTER_BINARY_L                           1BE7      16      22       2   .text       
     _LSUB_k_is_k_minus_j                      1BFD      1F      31       1   .text       
     _LCMP_k_rel_j                             1C1C      1F      31       1   .text       
     _IMUL_STAR08                              1C3B      27      39       3   .text       
     _LSUB                                     1C62       6       6       3   .text       
     _LCMP                                     1C68       6       6       5   .text       
     _COPY                                     1C6E      30      48       3   .text       
     _POP32                                    1C9E      1A      26       3   .text       
     _CALL_STAR08                              1CB8      20      32       1   .text       
     _Jump_Table_Header_Addr                   1CD8      2F      47       4   .text       
     _Jump_Table_Header_Offset                 1D07      24      36       1   .text       
     _PUSH_CC                                  1D2B       F      15       1   .text       
     _POP_CC                                   1D3A       F      15       1   .text       
     init_clock                                1D49      29      41       1   .text       
     init_board                                1D72      16      22       1   .text       
     _irq_restore                              1D88       B      11       4   .text       
     _irq_disable                              1D93       A      10       3   .text       
     hw_init                                   1D9D       E      14       1   .text       
     usb_get_done                              1DAB      29      41       1   .text       
     usb_ep_is_busy                            1DD4      13      19       2   .text       
     usb_get_state                             1DE7       4       4       1   .text       
     usb_ep_error                              1DEB      11      17       2   .text       
     ep2bdtndx                                 1DFC      29      41       8   .text       
     usb_get_rx_pptr                           1E25      35      53       2   .text       
     send_zero_packet                          1E5A      24      36       2   .text       
     usb_init                                  1E7E      24      36       1   .text       
     usb_setup_ep                              1EA2     169     361      14   .text       
     set_config                                200B      BB     187       2   .text       
     enter_default_state                       20C6      26      38       2   .text       
     usb_stop_ep_tx                            20EC      29      41       3   .text       
     usb_stop_ep_rx                            2115      29      41       3   .text       
     ready_ep_tx                               213E      3D      61       2   .text       
     ready_ep_rx                               217B      58      88       2   .text       
     disable_ep                                21D3       6       6       1   .text       
     _usb_send                                 21D9     1C2     450       6   .text       
     usb_send                                  239B      C9     201       5   .text       
     _usb_receive                              2464     164     356       5   .text       
     usb_receive                               25C8      72     114       2   .text       
     cb_set_address                            263A      1A      26       1   .text       
     usb_stm_ctrl0                             2654     266     614      24   .text       
     usb_it_handler                            28BA     1C5     453      14   .text       
     print                                     2A7F      22      34      10   .text       
     skipp_space                               2AA1      23      35       1   .text       
     find_word                                 2AC4      2F      47       1   .text       
     cmp_str                                   2AF3      6B     107       1   .text       
     cmd_help                                  2B5E      5C      92       1   .text       
     print_prompt                              2BBA       6       6       2   .text       
     print_greeting                            2BC0       6       6       1   .text       
     find_command                              2BC6      3E      62       1   .text       
     terminal_init                             2C04      2C      44       1   .text       
     terminal_process                          2C30      D9     217       3   .text       
     terminal_add_cmd                          2D09      27      39       1   .text       
     cmd_led                                   2D30      21      33       1   .text       
     main                                      2D51      29      41       1   .text       
     get_device_descriptor                     2D7A       4       4       1   .text       
     is_cfgd_index                             2D7E       A      10       2   .text       
     get_cfg_descriptor                        2D88       8       8       1   .text       
     is_str_index                              2D90       9       9       1   .text       
     get_str_descriptor                        2D99       8       8       2   .text       
     is_ifc_ndx                                2DA1      1A      26       1   .text       
     is_ep_ndx                                 2DBB      24      36       1   .text       
     get_ep_descriptor                         2DDF      27      39       1   .text       
     usb_cfg_init                              2E06       3       3       1   .text       
     usb_bus_error_event                       2E09       1       1       1   .text       
     usb_suspend_event                         2E0A       1       1       1   .text       
     usb_wakeup_event                          2E0B       1       1       1   .text       
     usb_reset_event                           2E0C       1       1       1   .text       
     got_line_coding                           2E0D       8       8       1   .text       
     usb_ep0_callback                          2E15      DF     223       1   .text       
     cdc_getch                                 2EF4      18      24       1   .text       
     cdc_kbhit                                 2F0C       F      15       1   .text       
     cdc_putch                                 2F1B      3A      58       1   .text       
     cdc_init                                  2F55      1A      26       1   .text       
     cdc_process                               2F6F      B4     180       2   .text       
     _Vector_7                                 FFF0       2       2       0   .abs_section_fff0

*********************************************************************************************
UNUSED-OBJECTS SECTION
---------------------------------------------------------------------------------------------
NOT USED PROCEDURES
RTSHC08.C.o (ansiis.lib):
  _PUSH_ARGS_D _ENTER_UNARY_L _ENTER_UNARY_L64 _ENTER_UNARY_L64_4 
  _ENTER_BINARY_L_RC _ENTER_BINARY_L_LC _ENTER_BINARY_L64 _ENTER_BINARY_L64_LC 
  _ENTER_BINARY_L64_RC _IDIVMOD _SPLITSIGN _LADD_k_is_k_plus_j _k_is_k_plus_j_l 
  _k_is_k_plus_j_i _LAND_k_is_k_and_j _LOR_k_is_k_or_j _LXOR_k_is_k_xor_j 
  _LMUL_k_is_k_mul_j _LDIVMOD _NEG_L_HX _ABS_L_HX _SPLITSIGN_L 
  _LMODU_k_is_k_mod_j _LDIVU_k_is_k_div_j _LMODS_k_is_k_mod_j 
  _LDIVS_k_is_k_div_j _CMP24_k_rel_j _BMULS _BDIVS _BMODS _IDIVS_STAR08 
  _IDIVU_STAR08 _IMODS_STAR08 _IMODU_STAR08 _IDIVU_8 _IMODU_8 _IASR _ILSR _ILSL 
  _ICMP _LINC _LDEC _LNEG _LNOT _LADD _LADD_RC _LSUB_LC _LSUB_RC _LAND _LAND_RC 
  _LOR _LOR_RC _LXOR _LXOR_RC _LMUL _LMUL_RC _LDIVS _LDIVS_LC _LDIVS_RC _LDIVU 
  _LDIVU_LC _LDIVU_RC _LMODS _LMODS_LC _LMODS_RC _LMODU _LMODU_LC _LMODU_RC 
  _LASR _LLSR _LLSL _LCMP_RC _CMP24 _CMP24_RC _COPY_L _POP64 _STORE32 _STORE64 
  _SEXT8_32 _SEXT16_32 _CALL_STAR08_FAR _Jump_Table_Addr _Jump_Table_Offset 
  _Search_Table_16_Addr _Search_Table_16_Offset _Search_Table_8_Addr 
  _Search_Table_8_Offset _CONV_FAR_TO_NEAR _CONV_FAR_TO_LINEAR 
  _CONV_LINEAR_TO_FAR 
usb.c.o:
  usb_stop usb_abort_ep 
hcc_terminal.c.o:
  terminal_delete_cmd 
usb_cdc.c.o:
  cdc_line_coding_changed cdc_get_line_coding 
NOT USED VARIABLES
RTSHC08.C.o (ansiis.lib):
  _PowOfTwo_8 _PowOfTwo_16 _PowOfTwo_32 errno 

*********************************************************************************************
COPYDOWN SECTION
---------------------------------------------------------------------------------------------
------- ROM-ADDRESS: 0x3023 ---- SIZE       4 ---
Filling bytes inserted
 00060101
------- ROM-ADDRESS: 0x3027 ---- RAM-ADDRESS: 0x101 ---- SIZE       6 ---
Name of initialized Object : line_coding:1
 C201000000 08
------- ROM-ADDRESS: 0x302D ---- SIZE       2 ---
Filling bytes inserted
 0000

*********************************************************************************************
OBJECT-DEPENDENCIES SECTION
---------------------------------------------------------------------------------------------
Init                      USES _startupData loadByte 
_Startup                  USES __SEG_END_SSTACK Init main 
help_cmd                  USES STRING.help.1 cmd_help 
                                STRING.Prints.help.about.co.2 
led_cmd                   USES STRING.led.2 cmd_led 
                                STRING.Toggles.leds.state..3 
usb_string_descriptors    USES string_descriptor0 str_manufacturer str_product 
                                str_serail_number str_config str_interface1 str_interface2 
_ENTER_BINARY_L           USES _PUSH_ARGS_L 
_LSUB                     USES _ENTER_BINARY_L _LSUB_k_is_k_minus_j 
_LCMP                     USES _ENTER_BINARY_L _LCMP_k_rel_j 
init_clock                USES _MCGC2 _MCGSC _MCGC1 _MCGC3 
init_board                USES _PTEDD _PTFDD _PTCDD _PTDDD _PTGPE _PTED 
hw_init                   USES _SOPT1 init_clock init_board _irq_restore 
usb_get_done              USES ep_info _LSUB _POP32 
usb_ep_is_busy            USES ep_info _PUSH_CC _POP_CC 
usb_get_state             USES usb_state 
usb_ep_error              USES ep_info 
usb_get_rx_pptr           USES ep2bdtndx 
send_zero_packet          USES _STAT ep2bdtndx ready_ep_tx 
usb_init                  USES _PERID _IDCOMP _USBCTL0 _INTSTAT _ERRENB 
                                _INTENB _CTL 
usb_setup_ep              USES disable_ep usb_setup_ep ep_info _EPCTL0 _CTL 
                                _IMUL_STAR08 
set_config                USES _CTL usb_current_config get_ep_descriptor 
                                usb_setup_ep is_ep_ndx is_ifc_ndx usb_state 
enter_default_state       USES usb_setup_ep set_config _ADDR _INTSTAT 
                                usb_state new_address _INTENB 
usb_stop_ep_tx            USES _irq_disable _EPCTL0 _EPCTL1 _irq_restore 
usb_stop_ep_rx            USES _irq_disable _EPCTL0 _EPCTL1 _irq_restore 
ready_ep_tx               USES ep2bdtndx ep_info _IMUL_STAR08 
ready_ep_rx               USES ep2bdtndx _IMUL_STAR08 ep_info 
disable_ep                USES _EPCTL0 
_usb_send                 USES ep_info _usb_send _LCMP ep2bdtndx ready_ep_tx 
                                _LSUB _POP32 send_zero_packet 
usb_send                  USES _LCMP ep_info _COPY _irq_disable _usb_send 
                                _irq_restore 
_usb_receive              USES ep2bdtndx _usb_receive _LCMP usb_stop_ep_rx 
                                ep_info _LSUB _POP32 
usb_receive               USES ep_info _COPY ready_ep_rx 
cb_set_address            USES new_address usb_state _ADDR enter_default_state 
usb_stm_ctrl0             USES usb_get_rx_pptr usb_stm_ctrl0 
                                _Jump_Table_Header_Addr new_address cb_set_address ep_info 
                                get_device_descriptor is_cfgd_index get_cfg_descriptor usb_send 
                                is_str_index get_str_descriptor usb_current_config 
                                set_config ep2bdtndx usb_ep0_callback 
usb_it_handler            USES _INTENB _INTSTAT enter_default_state 
                                usb_reset_event usb_it_handler usb_bus_error_event 
                                usb_wakeup_event usb_suspend_event _STAT ep_info 
                                _Jump_Table_Header_Addr _CTL usb_stm_ctrl0 _Jump_Table_Header_Offset 
                                usb_stop_ep_tx usb_stop_ep_rx _usb_send _usb_receive 
                                send_zero_packet ready_ep_rx 
print                     USES putch 
cmd_help                  USES STRING.I.understand.the.fol.3 print STRING....4 
                                cmds STRING....5 STRING....6 n_cmd STRING....7 
print_prompt              USES STRING.....8 print 
print_greeting            USES STRING.This.is.the.simple.t.9 print 
find_command              USES cmds cmp_str n_cmd 
terminal_init             USES cmd_line cmd_line_ndx help_cmd cmds n_cmd putch 
                                getch kbhit print_greeting print_prompt 
terminal_process          USES terminal_process getch putch cmd_line_ndx 
                                cmd_line skipp_space find_word find_command 
                                STRING.Unknown.command....10 print cmds _CALL_STAR08 print_prompt kbhit 
terminal_add_cmd          USES n_cmd cmds 
cmd_led                   USES led_on.1 _PTED 
main                      USES hw_init usb_cfg_init cdc_init cdc_putch 
                                cdc_getch cdc_kbhit terminal_init led_cmd 
                                terminal_add_cmd terminal_process cdc_process 
get_device_descriptor     USES usb_device_descriptor 
get_cfg_descriptor        USES usb_config_descriptor 
get_str_descriptor        USES usb_string_descriptors 
get_ep_descriptor         USES usb_config_descriptor 
usb_cfg_init              USES usb_init 
got_line_coding           USES new_line_coding 
usb_ep0_callback          USES usb_get_rx_pptr uart_state line_coding usb_send 
                                got_line_coding usb_receive ctrl_line_state 
cdc_getch                 USES rx_length rx_ndx rx_buffer 
cdc_kbhit                 USES rx_ndx rx_length 
cdc_putch                 USES tx_ndx cur_tx_buffer cdc_process 
cdc_init                  USES new_line_coding uart_state tx_buffer1 
                                cur_tx_buffer tx_ndx rx_length rx_ndx 
cdc_process               USES usb_get_state usb_ep_is_busy rx_ndx rx_length 
                                usb_ep_error usb_get_done rx_buffer usb_receive tx_ndx 
                                cur_tx_buffer usb_send tx_buffer1 tx_buffer2 
_Vector_7                 USES usb_it_handler 

*********************************************************************************************
DEPENDENCY TREE
*********************************************************************************************
 main and _Startup Group
 | 
 +- main                
 |  | 
 |  +- hw_init             
 |  |  | 
 |  |  +- init_clock          
 |  |  |    
 |  |  +- init_board          
 |  |  |    
 |  |  +- _irq_restore        
 |  |       
 |  +- usb_cfg_init        
 |  |  | 
 |  |  +- usb_init            
 |  |       
 |  +- cdc_init            
 |  |    
 |  +- cdc_putch           
 |  |  | 
 |  |  +- cdc_process         
 |  |     | 
 |  |     +- usb_get_state       
 |  |     |    
 |  |     +- usb_ep_is_busy      
 |  |     |  | 
 |  |     |  +- _PUSH_CC            
 |  |     |  |    
 |  |     |  +- _POP_CC             
 |  |     |       
 |  |     +- usb_ep_error        
 |  |     |    
 |  |     +- usb_get_done        
 |  |     |  | 
 |  |     |  +- _LSUB               
 |  |     |  |  | 
 |  |     |  |  +- _ENTER_BINARY_L     
 |  |     |  |  |  | 
 |  |     |  |  |  +- _PUSH_ARGS_L        
 |  |     |  |  |       
 |  |     |  |  +- _LSUB_k_is_k_minus_j
 |  |     |  |       
 |  |     |  +- _POP32              
 |  |     |       
 |  |     +- usb_receive         
 |  |     |  | 
 |  |     |  +- _COPY               
 |  |     |  |    
 |  |     |  +- ready_ep_rx         
 |  |     |     | 
 |  |     |     +- ep2bdtndx           
 |  |     |     |    
 |  |     |     +- _IMUL_STAR08        
 |  |     |          
 |  |     +- usb_send            
 |  |        | 
 |  |        +- _LCMP               
 |  |        |  | 
 |  |        |  +- _ENTER_BINARY_L      (see above)
 |  |        |  |  
 |  |        |  +- _LCMP_k_rel_j       
 |  |        |       
 |  |        +- _COPY                (see above)
 |  |        |  
 |  |        +- _irq_disable        
 |  |        |    
 |  |        +- _usb_send           
 |  |        |  | 
 |  |        |  +- _LCMP                (see above)
 |  |        |  |  
 |  |        |  +- ep2bdtndx            (see above)
 |  |        |  |  
 |  |        |  +- ready_ep_tx         
 |  |        |  |  | 
 |  |        |  |  +- ep2bdtndx            (see above)
 |  |        |  |  |  
 |  |        |  |  +- _IMUL_STAR08         (see above)
 |  |        |  |     
 |  |        |  +- _LSUB                (see above)
 |  |        |  |  
 |  |        |  +- _POP32               (see above)
 |  |        |  |  
 |  |        |  +- send_zero_packet    
 |  |        |     | 
 |  |        |     +- ep2bdtndx            (see above)
 |  |        |     |  
 |  |        |     +- ready_ep_tx          (see above)
 |  |        |        
 |  |        +- _irq_restore         (see above)
 |  |           
 |  +- cdc_getch           
 |  |    
 |  +- cdc_kbhit           
 |  |    
 |  +- terminal_init       
 |  |  | 
 |  |  +- help_cmd            
 |  |  |  | 
 |  |  |  +- cmd_help            
 |  |  |     | 
 |  |  |     +- print               
 |  |  |          
 |  |  +- print_greeting      
 |  |  |  | 
 |  |  |  +- print                (see above)
 |  |  |     
 |  |  +- print_prompt        
 |  |     | 
 |  |     +- print                (see above)
 |  |        
 |  +- led_cmd             
 |  |  | 
 |  |  +- cmd_led             
 |  |       
 |  +- terminal_add_cmd    
 |  |    
 |  +- terminal_process    
 |  |  | 
 |  |  +- skipp_space         
 |  |  |    
 |  |  +- find_word           
 |  |  |    
 |  |  +- find_command        
 |  |  |  | 
 |  |  |  +- cmp_str             
 |  |  |       
 |  |  +- print                (see above)
 |  |  |  
 |  |  +- _CALL_STAR08        
 |  |  |    
 |  |  +- print_prompt         (see above)
 |  |     
 |  +- cdc_process          (see above)
 |     
 +- _Startup            
    | 
    +- Init                
    |  | 
    |  +- loadByte            
    |       
    +- main                 (see above)
       
 _Vector_7           
 | 
 +- usb_it_handler      
    | 
    +- enter_default_state 
    |  | 
    |  +- usb_setup_ep        
    |  |  | 
    |  |  +- disable_ep          
    |  |  |    
    |  |  +- _IMUL_STAR08         (see above)
    |  |     
    |  +- set_config          
    |     | 
    |     +- get_ep_descriptor   
    |     |    
    |     +- usb_setup_ep         (see above)
    |     |  
    |     +- is_ep_ndx           
    |     |    
    |     +- is_ifc_ndx          
    |          
    +- usb_reset_event     
    |    
    +- usb_bus_error_event 
    |    
    +- usb_wakeup_event    
    |    
    +- usb_suspend_event   
    |    
    +- _Jump_Table_Header_Addr
    |    
    +- usb_stm_ctrl0       
    |  | 
    |  +- usb_get_rx_pptr     
    |  |  | 
    |  |  +- ep2bdtndx            (see above)
    |  |     
    |  +- _Jump_Table_Header_Addr (see above)
    |  |  
    |  +- cb_set_address      
    |  |  | 
    |  |  +- enter_default_state  (see above)
    |  |     
    |  +- get_device_descriptor
    |  |    
    |  +- is_cfgd_index       
    |  |    
    |  +- get_cfg_descriptor  
    |  |    
    |  +- usb_send             (see above)
    |  |  
    |  +- is_str_index        
    |  |    
    |  +- get_str_descriptor  
    |  |    
    |  +- set_config           (see above)
    |  |  
    |  +- ep2bdtndx            (see above)
    |  |  
    |  +- usb_ep0_callback    
    |     | 
    |     +- usb_get_rx_pptr      (see above)
    |     |  
    |     +- usb_send             (see above)
    |     |  
    |     +- got_line_coding     
    |     |    
    |     +- usb_receive          (see above)
    |        
    +- _Jump_Table_Header_Offset
    |    
    +- usb_stop_ep_tx      
    |  | 
    |  +- _irq_disable         (see above)
    |  |  
    |  +- _irq_restore         (see above)
    |     
    +- usb_stop_ep_rx      
    |  | 
    |  +- _irq_disable         (see above)
    |  |  
    |  +- _irq_restore         (see above)
    |     
    +- _usb_send            (see above)
    |  
    +- _usb_receive        
    |  | 
    |  +- ep2bdtndx            (see above)
    |  |  
    |  +- _LCMP                (see above)
    |  |  
    |  +- usb_stop_ep_rx       (see above)
    |  |  
    |  +- _LSUB                (see above)
    |  |  
    |  +- _POP32               (see above)
    |     
    +- send_zero_packet     (see above)
    |  
    +- ready_ep_rx          (see above)
       
*********************************************************************************************
STATISTIC SECTION
---------------------------------------------------------------------------------------------

ExeFile:
--------
Number of blocks to be downloaded: 6
Total size of all blocks to be downloaded: 5843

